{"timestamp":"2025-07-18T17:13:49,837","container":"f4d1b3b63914","level":"INFO","thread":"main","class":"Besu","message":"Starting Besu","throwable":""}
{"timestamp":"2025-07-18T17:13:51,230","container":"f4d1b3b63914","level":"WARN","thread":"main","class":"Besu","message":"--min-gas-price has been ignored because --miner-enabled was not defined on the command line.","throwable":""}
{"timestamp":"2025-07-18T17:13:53,320","container":"f4d1b3b63914","level":"INFO","thread":"main","class":"Besu","message":"
####################################################################################################
#                                                                                                  #
# Besu version 23.4.1                                                                              #
#                                                                                                  #
# Configuration:                                                                                   #
# Network: Custom genesis file specified                                                           #
# Network Id: 1337                                                                                 #
# Data storage: Forest                                                                             #
# Sync mode: Full                                                                                  #
# RPC HTTP APIs: EEA,WEB3,ETH,NET,TRACE,DEBUG,ADMIN,TXPOOL,PRIV,PERM,QBFT                          #
# RPC HTTP port: 8545                                                                              #
#                                                                                                  #
# Host:                                                                                            #
# Java: openjdk-java-17                                                                            #
# Maximum heap size: 1.74 GB                                                                       #
# OS: linux-x86_64                                                                                 #
# glibc: 2.35                                                                                      #
# jemalloc: 5.2.1-0-gea6b3e973b477b8061e0076bb257dbd7f3faa756                                      #
# Total memory: 6.95 GB                                                                            #
# CPU cores: 4                                                                                     #
#                                                                                                  #
####################################################################################################","throwable":""}
{"timestamp":"2025-07-18T17:13:53,321","container":"f4d1b3b63914","level":"INFO","thread":"main","class":"Besu","message":"Connecting to 8 static nodes.","throwable":""}
{"timestamp":"2025-07-18T17:13:53,321","container":"f4d1b3b63914","level":"INFO","thread":"main","class":"Besu","message":"Security Module: localfile","throwable":""}
{"timestamp":"2025-07-18T17:13:53,386","container":"f4d1b3b63914","level":"INFO","thread":"main","class":"Besu","message":"Using the native implementation of alt bn128","throwable":""}
{"timestamp":"2025-07-18T17:13:53,474","container":"f4d1b3b63914","level":"INFO","thread":"main","class":"Besu","message":"Using the native implementation of modexp","throwable":""}
{"timestamp":"2025-07-18T17:13:53,480","container":"f4d1b3b63914","level":"INFO","thread":"main","class":"Besu","message":"Using the native implementation of the signature algorithm","throwable":""}
{"timestamp":"2025-07-18T17:13:53,504","container":"f4d1b3b63914","level":"INFO","thread":"main","class":"Besu","message":"Using the native implementation of the blake2bf algorithm","throwable":""}
{"timestamp":"2025-07-18T17:13:53,555","container":"f4d1b3b63914","level":"INFO","thread":"main","class":"RocksDBKeyValueStorageFactory","message":"No existing database detected at /opt/besu/data. Using version 1","throwable":""}
{"timestamp":"2025-07-18T17:13:57,793","container":"f4d1b3b63914","level":"INFO","thread":"main","class":"KeyPairUtil","message":"Loaded public key 0x86fcc16f4730fbfd238dc17ea552854c0943923bb1d5e886e5601b8d884fb0519060e0023f495dd24ffe60a65660fb7fdcdebfceedd2b3673dfa63658825924b from /opt/besu/keys/nodekey","throwable":""}
{"timestamp":"2025-07-18T17:13:57,800","container":"f4d1b3b63914","level":"WARN","thread":"main","class":"Besu","message":"Privacy is disabled. Cannot use EEA/PRIV API methods when not using Privacy.","throwable":""}
{"timestamp":"2025-07-18T17:13:58,442","container":"f4d1b3b63914","level":"INFO","thread":"main","class":"ProtocolScheduleBuilder","message":"Protocol schedule created with milestones: [GrayGlacier: 0]","throwable":""}
{"timestamp":"2025-07-18T17:13:58,885","container":"f4d1b3b63914","level":"INFO","thread":"main","class":"TransactionPoolFactory","message":"Enabling transaction pool","throwable":""}
{"timestamp":"2025-07-18T17:13:58,950","container":"f4d1b3b63914","level":"INFO","thread":"main","class":"BesuControllerBuilder","message":"TTD difficulty is not present, creating initial sync phase for PoW","throwable":""}
{"timestamp":"2025-07-18T17:13:59,085","container":"f4d1b3b63914","level":"INFO","thread":"main","class":"RunnerBuilder","message":"Detecting NAT service.","throwable":""}
{"timestamp":"2025-07-18T17:14:00,055","container":"f4d1b3b63914","level":"INFO","thread":"main","class":"Runner","message":"Starting external services ... ","throwable":""}
{"timestamp":"2025-07-18T17:14:00,055","container":"f4d1b3b63914","level":"INFO","thread":"main","class":"MetricsHttpService","message":"Starting metrics http service on 0.0.0.0:9545","throwable":""}
{"timestamp":"2025-07-18T17:14:00,200","container":"f4d1b3b63914","level":"INFO","thread":"vert.x-eventloop-thread-1","class":"MetricsHttpService","message":"Metrics service started and listening on 0.0.0.0:9545","throwable":""}
{"timestamp":"2025-07-18T17:14:00,200","container":"f4d1b3b63914","level":"INFO","thread":"main","class":"JsonRpcHttpService","message":"Starting JSON-RPC service on 0.0.0.0:8545","throwable":""}
{"timestamp":"2025-07-18T17:14:00,226","container":"f4d1b3b63914","level":"INFO","thread":"vert.x-eventloop-thread-1","class":"JsonRpcHttpService","message":"JSON-RPC service started and listening on 0.0.0.0:8545","throwable":""}
{"timestamp":"2025-07-18T17:14:00,230","container":"f4d1b3b63914","level":"INFO","thread":"main","class":"GraphQLHttpService","message":"Starting GraphQL HTTP service on 0.0.0.0:8547","throwable":""}
{"timestamp":"2025-07-18T17:14:00,232","container":"f4d1b3b63914","level":"INFO","thread":"vert.x-eventloop-thread-1","class":"GraphQLHttpService","message":"GraphQL HTTP service started and listening on 0.0.0.0:8547","throwable":""}
{"timestamp":"2025-07-18T17:14:00,233","container":"f4d1b3b63914","level":"INFO","thread":"main","class":"WebSocketService","message":"Starting Websocket service on 0.0.0.0:8546","throwable":""}
{"timestamp":"2025-07-18T17:14:00,235","container":"f4d1b3b63914","level":"INFO","thread":"vert.x-eventloop-thread-1","class":"WebSocketService","message":"Websocket service started and listening on 0.0.0.0:8546","throwable":""}
{"timestamp":"2025-07-18T17:14:00,244","container":"f4d1b3b63914","level":"INFO","thread":"main","class":"AutoTransactionLogBloomCachingService","message":"Starting auto transaction log bloom caching service.","throwable":""}
{"timestamp":"2025-07-18T17:14:00,245","container":"f4d1b3b63914","level":"INFO","thread":"main","class":"LogBloomCacheMetadata","message":"Lookup cache metadata file in data directory: /opt/besu/data/caches","throwable":""}
{"timestamp":"2025-07-18T17:14:00,283","container":"f4d1b3b63914","level":"INFO","thread":"main","class":"Runner","message":"Starting Ethereum main loop ... ","throwable":""}
{"timestamp":"2025-07-18T17:14:00,284","container":"f4d1b3b63914","level":"INFO","thread":"main","class":"DockerNatManager","message":"Starting docker NAT manager.","throwable":""}
{"timestamp":"2025-07-18T17:14:00,326","container":"f4d1b3b63914","level":"INFO","thread":"main","class":"NetworkRunner","message":"Starting Network.","throwable":""}
{"timestamp":"2025-07-18T17:14:00,361","container":"f4d1b3b63914","level":"INFO","thread":"nioEventLoopGroup-2-1","class":"RlpxAgent","message":"P2P RLPx agent started and listening on /0.0.0.0:30303.","throwable":""}
{"timestamp":"2025-07-18T17:14:00,362","container":"f4d1b3b63914","level":"INFO","thread":"main","class":"PeerDiscoveryAgent","message":"Starting peer discovery agent on host=0.0.0.0, port=30303","throwable":""}
{"timestamp":"2025-07-18T17:14:00,391","container":"f4d1b3b63914","level":"INFO","thread":"vert.x-eventloop-thread-1","class":"VertxPeerDiscoveryAgent","message":"Started peer discovery agent successfully, on effective host=0.0.0.0 and port=30303","throwable":""}
{"timestamp":"2025-07-18T17:14:00,400","container":"f4d1b3b63914","level":"INFO","thread":"main","class":"PeerDiscoveryAgent","message":"P2P peer discovery agent started and listening on /0.0.0.0:30303","throwable":""}
{"timestamp":"2025-07-18T17:14:00,459","container":"f4d1b3b63914","level":"INFO","thread":"main","class":"PeerDiscoveryAgent","message":"Writing node record to disk. NodeRecord{seq=1, publicKey=0x0386fcc16f4730fbfd238dc17ea552854c0943923bb1d5e886e5601b8d884fb051, udpAddress=Optional[/10.0.0.77:30303], tcpAddress=Optional[/10.0.0.77:30303], asBase64=-Je4QNGJ5emcs3uHu7JPzNx5xN3NB5Fu6G76kW6NofasAzuDG3YovDWNO33rfLuiud4iigCwt6o8qrvP_IbRAlphL5cBg2V0aMfGhGpSrW2AgmlkgnY0gmlwhAoAAE2Jc2VjcDI1NmsxoQOG_MFvRzD7_SONwX6lUoVMCUOSO7HV6IblYBuNiE-wUYN0Y3CCdl-DdWRwgnZf, nodeId=0x133b4f32d7750cdfd4048f04df8b560be949c229c821731554c33ead5e3888a4, customFields={tcp=30303, udp=30303, ip=0x0a00004d, eth=[[0x6a52ad6d, 0x]], id=V4, secp256k1=0x0386fcc16f4730fbfd238dc17ea552854c0943923bb1d5e886e5601b8d884fb051}}","throwable":""}
{"timestamp":"2025-07-18T17:14:00,498","container":"f4d1b3b63914","level":"INFO","thread":"main","class":"DefaultP2PNetwork","message":"Enode URL enode://86fcc16f4730fbfd238dc17ea552854c0943923bb1d5e886e5601b8d884fb0519060e0023f495dd24ffe60a65660fb7fdcdebfceedd2b3673dfa63658825924b@10.0.0.77:30303","throwable":""}
{"timestamp":"2025-07-18T17:14:00,499","container":"f4d1b3b63914","level":"INFO","thread":"main","class":"DefaultP2PNetwork","message":"Node address 0xdf8b560be949c229c821731554c33ead5e3888a4","throwable":""}
{"timestamp":"2025-07-18T17:14:00,602","container":"f4d1b3b63914","level":"INFO","thread":"main","class":"NetworkRunner","message":"Supported capabilities: [eth/62, eth/63, eth/64, eth/65, eth/66, eth/67, eth/68], [istanbul/100], [snap/1]","throwable":""}
{"timestamp":"2025-07-18T17:14:00,602","container":"f4d1b3b63914","level":"INFO","thread":"main","class":"DefaultSynchronizer","message":"Starting synchronizer.","throwable":""}
{"timestamp":"2025-07-18T17:14:00,603","container":"f4d1b3b63914","level":"INFO","thread":"main","class":"TransactionPoolFactory","message":"Enabling transaction handling following initial sync","throwable":""}
{"timestamp":"2025-07-18T17:14:00,606","container":"f4d1b3b63914","level":"INFO","thread":"main","class":"FullSyncDownloader","message":"Starting full sync.","throwable":""}
{"timestamp":"2025-07-18T17:14:00,606","container":"f4d1b3b63914","level":"INFO","thread":"main","class":"FullSyncTargetManager","message":"Unable to find sync target. Currently checking 0 peers for usefulness","throwable":""}
{"timestamp":"2025-07-18T17:14:00,763","container":"f4d1b3b63914","level":"INFO","thread":"main","class":"Runner","message":"Ethereum main loop is up.","throwable":""}
{"timestamp":"2025-07-18T17:14:01,046","container":"f4d1b3b63914","level":"INFO","thread":"nioEventLoopGroup-3-6","class":"FullSyncTargetManager","message":"Unable to find sync target. Currently checking 3 peers for usefulness","throwable":""}
{"timestamp":"2025-07-18T17:14:06,054","container":"f4d1b3b63914","level":"INFO","thread":"EthScheduler-Timer-0","class":"FullSyncTargetManager","message":"Unable to find sync target. Currently checking 3 peers for usefulness","throwable":""}
{"timestamp":"2025-07-18T17:14:08,563","container":"f4d1b3b63914","level":"INFO","thread":"EthScheduler-Workers-0","class":"PersistBlockTask","message":"Imported #1 / 0 tx / 0 om / 0 (0.0%) gas / (0x6574020a00a01e17398d1feae2601c64056b231df44cafe6e97935b83aefee1f) in 0.044s. Peers: 3","throwable":""}
{"timestamp":"2025-07-18T17:14:11,059","container":"f4d1b3b63914","level":"INFO","thread":"EthScheduler-Timer-0","class":"FullSyncTargetManager","message":"Unable to find sync target. Currently checking 3 peers for usefulness","throwable":""}
{"timestamp":"2025-07-18T17:14:16,070","container":"f4d1b3b63914","level":"INFO","thread":"EthScheduler-Timer-0","class":"FullSyncTargetManager","message":"Unable to find sync target. Currently checking 3 peers for usefulness","throwable":""}
{"timestamp":"2025-07-18T17:14:16,152","container":"f4d1b3b63914","level":"INFO","thread":"EthScheduler-Workers-0","class":"PersistBlockTask","message":"Imported #2 / 0 tx / 0 om / 0 (0.0%) gas / (0x1c8888423a2d837369ce937e172dc50772f9bc7427678a707a8009d3c4ecdbf6) in 0.011s. Peers: 3","throwable":""}
{"timestamp":"2025-07-18T17:14:24,138","container":"f4d1b3b63914","level":"INFO","thread":"EthScheduler-Workers-0","class":"PersistBlockTask","message":"Imported #3 / 0 tx / 0 om / 0 (0.0%) gas / (0x59da9e7cabf780e30724a25218a6e3bb96cc7d22160e0f893b31d9c62c8bd9e0) in 0.006s. Peers: 3","throwable":""}
{"timestamp":"2025-07-18T17:14:32,099","container":"f4d1b3b63914","level":"INFO","thread":"EthScheduler-Workers-0","class":"PersistBlockTask","message":"Imported #4 / 0 tx / 0 om / 0 (0.0%) gas / (0x847c46251cfee762cdcccc41bfba58052c5bb6a2ac91e3661d4c10b7372ab796) in 0.018s. Peers: 3","throwable":""}
{"timestamp":"2025-07-18T17:14:40,103","container":"f4d1b3b63914","level":"INFO","thread":"EthScheduler-Workers-0","class":"PersistBlockTask","message":"Imported #5 / 0 tx / 0 om / 0 (0.0%) gas / (0xbdce0b2ebec3d3acd796fa524900adb8f21897b18aa4685280e75c8401cbd2d4) in 0.008s. Peers: 3","throwable":""}
{"timestamp":"2025-07-18T17:14:48,100","container":"f4d1b3b63914","level":"INFO","thread":"EthScheduler-Workers-0","class":"PersistBlockTask","message":"Imported #6 / 0 tx / 0 om / 0 (0.0%) gas / (0xe67298273d8157cf4395c0785c7158339853fea897b69e208dda8dc321cd5350) in 0.022s. Peers: 3","throwable":""}
{"timestamp":"2025-07-18T17:14:56,116","container":"f4d1b3b63914","level":"INFO","thread":"EthScheduler-Workers-0","class":"PersistBlockTask","message":"Imported #7 / 0 tx / 0 om / 0 (0.0%) gas / (0x68031acd3ec704202a7ecceeb67b025ed8e04c52d2fc1694b6c2bb709e306d15) in 0.019s. Peers: 3","throwable":""}
{"timestamp":"2025-07-18T17:15:04,073","container":"f4d1b3b63914","level":"INFO","thread":"EthScheduler-Workers-0","class":"PersistBlockTask","message":"Imported #8 / 0 tx / 0 om / 0 (0.0%) gas / (0x2de3653a19a5d8c42d9195a7a0b8827f0f8255eb804ae9dad60aa0bf2a809467) in 0.007s. Peers: 3","throwable":""}
{"timestamp":"2025-07-18T17:15:12,078","container":"f4d1b3b63914","level":"INFO","thread":"EthScheduler-Workers-0","class":"PersistBlockTask","message":"Imported #9 / 0 tx / 0 om / 0 (0.0%) gas / (0xe185b1f18d27effaf3a414c4c96be9fe21987f6db21d98d5e97bd8692ecd2177) in 0.009s. Peers: 3","throwable":""}
{"timestamp":"2025-07-18T17:15:20,098","container":"f4d1b3b63914","level":"INFO","thread":"EthScheduler-Workers-0","class":"PersistBlockTask","message":"Imported #10 / 0 tx / 0 om / 0 (0.0%) gas / (0xe5db6a3b756a06d144f1b6603fa55daca160bfce034b646e2152ffa846709d92) in 0.011s. Peers: 3","throwable":""}
{"timestamp":"2025-07-18T17:15:28,080","container":"f4d1b3b63914","level":"INFO","thread":"EthScheduler-Workers-0","class":"PersistBlockTask","message":"Imported #11 / 0 tx / 0 om / 0 (0.0%) gas / (0x6acd599b22c11f7e403921addd3d717effa085920ae2ffba9715354eda1d192c) in 0.008s. Peers: 3","throwable":""}
{"timestamp":"2025-07-18T17:15:36,083","container":"f4d1b3b63914","level":"INFO","thread":"EthScheduler-Workers-0","class":"PersistBlockTask","message":"Imported #12 / 0 tx / 0 om / 0 (0.0%) gas / (0x1151dc9d725cefbd5d4e8b6d3ed098ebc3d8ab4524a943af1a852a059db16ace) in 0.011s. Peers: 3","throwable":""}
{"timestamp":"2025-07-18T17:15:44,040","container":"f4d1b3b63914","level":"INFO","thread":"EthScheduler-Workers-0","class":"PersistBlockTask","message":"Imported #13 / 0 tx / 0 om / 0 (0.0%) gas / (0x519909bb0901f7a4a08b9a38acdb1622f5937a4e940b6763338979478b300c7e) in 0.002s. Peers: 3","throwable":""}
{"timestamp":"2025-07-18T17:15:52,050","container":"f4d1b3b63914","level":"INFO","thread":"EthScheduler-Workers-0","class":"PersistBlockTask","message":"Imported #14 / 0 tx / 0 om / 0 (0.0%) gas / (0xc2fb00af49d13374ecc547bd3535145db9b40ec46f3abed3357b846f1c621395) in 0.002s. Peers: 3","throwable":""}
{"timestamp":"2025-07-18T17:16:00,053","container":"f4d1b3b63914","level":"INFO","thread":"EthScheduler-Workers-0","class":"PersistBlockTask","message":"Imported #15 / 0 tx / 0 om / 0 (0.0%) gas / (0xf8b9d3c332ca31818111352afa29dd4dabbe3a20214321d057ab5da13191fb5b) in 0.003s. Peers: 3","throwable":""}
{"timestamp":"2025-07-18T17:16:08,078","container":"f4d1b3b63914","level":"INFO","thread":"EthScheduler-Workers-0","class":"PersistBlockTask","message":"Imported #16 / 0 tx / 0 om / 0 (0.0%) gas / (0xb787c3b65e7f401b61f2062e779972cce82d45a63972a78e40f45334279d8401) in 0.012s. Peers: 3","throwable":""}
{"timestamp":"2025-07-18T17:16:16,078","container":"f4d1b3b63914","level":"INFO","thread":"EthScheduler-Workers-0","class":"PersistBlockTask","message":"Imported #17 / 0 tx / 0 om / 0 (0.0%) gas / (0x95987b0dda8e39a0179f20cd8ec4dc09bb5f695ef345fd73928c0e726601af7f) in 0.013s. Peers: 3","throwable":""}
{"timestamp":"2025-07-18T17:16:24,088","container":"f4d1b3b63914","level":"INFO","thread":"EthScheduler-Workers-0","class":"PersistBlockTask","message":"Imported #18 / 0 tx / 0 om / 0 (0.0%) gas / (0xc6c21c159c4b8fbc4b2c827d021ef21166089a03692e9b7e50006ce2061ea4f5) in 0.004s. Peers: 3","throwable":""}
{"timestamp":"2025-07-18T17:16:32,069","container":"f4d1b3b63914","level":"INFO","thread":"EthScheduler-Workers-0","class":"PersistBlockTask","message":"Imported #19 / 0 tx / 0 om / 0 (0.0%) gas / (0xa5f88bfb38d20e044cf5cb69b364c6276b5ea37ccc54f3953656e66e6f94fcaf) in 0.015s. Peers: 3","throwable":""}
{"timestamp":"2025-07-18T17:16:40,079","container":"f4d1b3b63914","level":"INFO","thread":"EthScheduler-Workers-0","class":"PersistBlockTask","message":"Imported #20 / 0 tx / 0 om / 0 (0.0%) gas / (0x54fd0242ed96e226fc75f1de7039891b8440bf22c882eabe30d80f24693db468) in 0.004s. Peers: 3","throwable":""}
{"timestamp":"2025-07-18T17:16:48,067","container":"f4d1b3b63914","level":"INFO","thread":"EthScheduler-Workers-0","class":"PersistBlockTask","message":"Imported #21 / 0 tx / 0 om / 0 (0.0%) gas / (0x159b106d496be4376b7152e913c534ce3e74070b632d5f4890a7a70f3785a88b) in 0.008s. Peers: 3","throwable":""}
{"timestamp":"2025-07-18T17:16:56,070","container":"f4d1b3b63914","level":"INFO","thread":"EthScheduler-Workers-0","class":"PersistBlockTask","message":"Imported #22 / 0 tx / 0 om / 0 (0.0%) gas / (0xe5eacc08b905e1481dce4120e69c0485c7af2d97f547e4fd33b33d748febd3de) in 0.004s. Peers: 3","throwable":""}
{"timestamp":"2025-07-18T17:17:04,057","container":"f4d1b3b63914","level":"INFO","thread":"EthScheduler-Workers-0","class":"PersistBlockTask","message":"Imported #23 / 0 tx / 0 om / 0 (0.0%) gas / (0xf24b9552641945f72871f741bb1f5196bcce7486c3e339b0285094b0b427e840) in 0.005s. Peers: 3","throwable":""}
{"timestamp":"2025-07-18T17:17:12,052","container":"f4d1b3b63914","level":"INFO","thread":"EthScheduler-Workers-0","class":"PersistBlockTask","message":"Imported #24 / 0 tx / 0 om / 0 (0.0%) gas / (0x7dfe4e6d6a028ab8befddee6754d4be1aa146f6ddca88f2f5fb5bb4c6ec0d1b1) in 0.004s. Peers: 3","throwable":""}
{"timestamp":"2025-07-18T17:17:20,083","container":"f4d1b3b63914","level":"INFO","thread":"EthScheduler-Workers-0","class":"PersistBlockTask","message":"Imported #25 / 0 tx / 0 om / 0 (0.0%) gas / (0x8fd0e7657515d64eccec30a18be96c711d66baeb867193e8c44d998888c6618a) in 0.006s. Peers: 3","throwable":""}
{"timestamp":"2025-07-18T17:17:28,071","container":"f4d1b3b63914","level":"INFO","thread":"EthScheduler-Workers-0","class":"PersistBlockTask","message":"Imported #26 / 0 tx / 0 om / 0 (0.0%) gas / (0x2bb8d140d273ba7d0e879fe9af6b943a3027c3a3e558b191682502405d37eaf7) in 0.018s. Peers: 3","throwable":""}
{"timestamp":"2025-07-18T17:17:36,120","container":"f4d1b3b63914","level":"INFO","thread":"EthScheduler-Workers-0","class":"PersistBlockTask","message":"Imported #27 / 0 tx / 0 om / 0 (0.0%) gas / (0x580490522ff465710e6518792f1f4b5db44e58a625f4f9652d5652cc8c68adde) in 0.006s. Peers: 3","throwable":""}
{"timestamp":"2025-07-18T17:17:44,067","container":"f4d1b3b63914","level":"INFO","thread":"EthScheduler-Workers-0","class":"PersistBlockTask","message":"Imported #28 / 0 tx / 0 om / 0 (0.0%) gas / (0xf708a8cf2accd24a540af1e9f5df638f3859c8f00e89218f618aea27921740ae) in 0.005s. Peers: 3","throwable":""}
{"timestamp":"2025-07-18T17:17:52,038","container":"f4d1b3b63914","level":"INFO","thread":"EthScheduler-Workers-0","class":"PersistBlockTask","message":"Imported #29 / 0 tx / 0 om / 0 (0.0%) gas / (0xf24e619239cffc48083b2d7a5ec6f19017e19e94950bc1459d9dc66e795be43b) in 0.002s. Peers: 3","throwable":""}
{"timestamp":"2025-07-18T17:18:00,074","container":"f4d1b3b63914","level":"INFO","thread":"EthScheduler-Workers-0","class":"PersistBlockTask","message":"Imported #30 / 0 tx / 0 om / 0 (0.0%) gas / (0xca16da406a092ffd1f936950233965e1b48f3d0d431e68a912918fa5c7df1df0) in 0.003s. Peers: 3","throwable":""}
{"timestamp":"2025-07-18T17:18:08,053","container":"f4d1b3b63914","level":"INFO","thread":"EthScheduler-Workers-0","class":"PersistBlockTask","message":"Imported #31 / 0 tx / 0 om / 0 (0.0%) gas / (0xb92a6d324c747d0ed5b26fa52483d040660b91fdff83d6bc3885a3b7e0bfc9ab) in 0.003s. Peers: 3","throwable":""}
{"timestamp":"2025-07-18T17:18:16,064","container":"f4d1b3b63914","level":"INFO","thread":"EthScheduler-Workers-0","class":"PersistBlockTask","message":"Imported #32 / 0 tx / 0 om / 0 (0.0%) gas / (0xdab86ab325197250ecda6673886a144d0650735493dbf87c46b2372d9f4e7e04) in 0.006s. Peers: 3","throwable":""}
{"timestamp":"2025-07-18T17:18:24,068","container":"f4d1b3b63914","level":"INFO","thread":"EthScheduler-Workers-0","class":"PersistBlockTask","message":"Imported #33 / 0 tx / 0 om / 0 (0.0%) gas / (0x0fa21c9e569f3ed8471c860260b2bf3eedb8b1dac646b21e34d2b13d4d2312af) in 0.009s. Peers: 3","throwable":""}
{"timestamp":"2025-07-18T17:18:32,059","container":"f4d1b3b63914","level":"INFO","thread":"EthScheduler-Workers-0","class":"PersistBlockTask","message":"Imported #34 / 0 tx / 0 om / 0 (0.0%) gas / (0xe1e04b26b086a8147ae7a458c7f44ce406f9c3669111a9eeec7989cffd75bbec) in 0.008s. Peers: 3","throwable":""}
{"timestamp":"2025-07-18T17:18:40,067","container":"f4d1b3b63914","level":"INFO","thread":"EthScheduler-Workers-0","class":"PersistBlockTask","message":"Imported #35 / 0 tx / 0 om / 0 (0.0%) gas / (0x873ae6825a4903656de586ff995bcc76fd4335170622b40fa5069c6df357d804) in 0.008s. Peers: 3","throwable":""}
{"timestamp":"2025-07-18T17:18:48,062","container":"f4d1b3b63914","level":"INFO","thread":"EthScheduler-Workers-0","class":"PersistBlockTask","message":"Imported #36 / 0 tx / 0 om / 0 (0.0%) gas / (0x4b8d4ed650ed00494eee7d486cd66f8e8930e59e6fa4ab106efce33753836713) in 0.004s. Peers: 3","throwable":""}
{"timestamp":"2025-07-18T17:18:56,070","container":"f4d1b3b63914","level":"INFO","thread":"EthScheduler-Workers-0","class":"PersistBlockTask","message":"Imported #37 / 0 tx / 0 om / 0 (0.0%) gas / (0xb77f4af91054cdccbdd90e2d01c13160d337b59f80b208521ced46550df274b3) in 0.010s. Peers: 3","throwable":""}
{"timestamp":"2025-07-18T17:19:04,045","container":"f4d1b3b63914","level":"INFO","thread":"EthScheduler-Workers-0","class":"PersistBlockTask","message":"Imported #38 / 0 tx / 0 om / 0 (0.0%) gas / (0xbf13464a4f24481792492e627a03b95addaa1e0dbc33b23c93066b7fda25cc93) in 0.006s. Peers: 3","throwable":""}
{"timestamp":"2025-07-18T17:19:12,063","container":"f4d1b3b63914","level":"INFO","thread":"EthScheduler-Workers-0","class":"PersistBlockTask","message":"Imported #39 / 0 tx / 0 om / 0 (0.0%) gas / (0x0999f35e9f93c22679d2ac4b94d4c9413511fc115ecfa3cf5d058ade5b9e5812) in 0.008s. Peers: 3","throwable":""}
{"timestamp":"2025-07-18T17:19:20,047","container":"f4d1b3b63914","level":"INFO","thread":"EthScheduler-Workers-0","class":"PersistBlockTask","message":"Imported #40 / 0 tx / 0 om / 0 (0.0%) gas / (0x24878a29ac83b6a31e195923b6c0f57cb32c3a31ec1de05f8a08a27d1b4bddb4) in 0.003s. Peers: 3","throwable":""}
{"timestamp":"2025-07-18T17:19:28,056","container":"f4d1b3b63914","level":"INFO","thread":"EthScheduler-Workers-0","class":"PersistBlockTask","message":"Imported #41 / 0 tx / 0 om / 0 (0.0%) gas / (0xba4d238a4771fb4dd15bce62292bde6dabc7c027b8cb30778f282a3c0c60fea8) in 0.004s. Peers: 3","throwable":""}
{"timestamp":"2025-07-18T17:19:36,072","container":"f4d1b3b63914","level":"INFO","thread":"EthScheduler-Workers-0","class":"PersistBlockTask","message":"Imported #42 / 0 tx / 0 om / 0 (0.0%) gas / (0xbf2a0c3b0b5128ff15420df2ec9e36a7e6c58bd44e2dca820151cdf654114502) in 0.013s. Peers: 3","throwable":""}
{"timestamp":"2025-07-18T17:19:44,056","container":"f4d1b3b63914","level":"INFO","thread":"EthScheduler-Workers-0","class":"PersistBlockTask","message":"Imported #43 / 0 tx / 0 om / 0 (0.0%) gas / (0xbabb5079eace046c868508389a7de6329ae1ed8c4e9297b362a5dd43eea6cfdf) in 0.010s. Peers: 3","throwable":""}
{"timestamp":"2025-07-18T17:19:52,032","container":"f4d1b3b63914","level":"INFO","thread":"EthScheduler-Workers-0","class":"PersistBlockTask","message":"Imported #44 / 0 tx / 0 om / 0 (0.0%) gas / (0x5e08b3d3d43db260bff9bbcc83534fa761288259ed46ef52b7abacc80c54499a) in 0.002s. Peers: 3","throwable":""}
{"timestamp":"2025-07-18T17:20:00,064","container":"f4d1b3b63914","level":"INFO","thread":"EthScheduler-Workers-0","class":"PersistBlockTask","message":"Imported #45 / 0 tx / 0 om / 0 (0.0%) gas / (0x59da4a7c507b3c24856a0c93b0911683e23e388bda2c5a64540796cc90c4f202) in 0.011s. Peers: 3","throwable":""}
{"timestamp":"2025-07-18T17:20:08,048","container":"f4d1b3b63914","level":"INFO","thread":"EthScheduler-Workers-0","class":"PersistBlockTask","message":"Imported #46 / 0 tx / 0 om / 0 (0.0%) gas / (0xaaa2adb3ccf9b4aa459a4665b2ec2a6125463bfa9e2afca4d09a4fb77f4ed892) in 0.003s. Peers: 3","throwable":""}
{"timestamp":"2025-07-18T17:20:16,066","container":"f4d1b3b63914","level":"INFO","thread":"EthScheduler-Workers-0","class":"PersistBlockTask","message":"Imported #47 / 0 tx / 0 om / 0 (0.0%) gas / (0xf7656af7260195e0c921fd647aa46c92136ab7e0c2c967828c95247579704d01) in 0.011s. Peers: 3","throwable":""}
{"timestamp":"2025-07-18T17:20:24,061","container":"f4d1b3b63914","level":"INFO","thread":"EthScheduler-Workers-0","class":"PersistBlockTask","message":"Imported #48 / 0 tx / 0 om / 0 (0.0%) gas / (0xacaf92f045d02bc544d27936fc04a88c3ba3b3c34a4ad4528a3921f2dbb30b8f) in 0.005s. Peers: 3","throwable":""}
{"timestamp":"2025-07-18T17:20:32,053","container":"f4d1b3b63914","level":"INFO","thread":"EthScheduler-Workers-0","class":"PersistBlockTask","message":"Imported #49 / 0 tx / 0 om / 0 (0.0%) gas / (0xfa185e3fb5eb3704760aa02a7c0040e62ae7beba8e1f270ea9c5fd9efba70c51) in 0.007s. Peers: 3","throwable":""}
{"timestamp":"2025-07-18T17:20:40,053","container":"f4d1b3b63914","level":"INFO","thread":"EthScheduler-Workers-0","class":"PersistBlockTask","message":"Imported #50 / 0 tx / 0 om / 0 (0.0%) gas / (0xfd582df6ea6eb6810095317cb48343034c90163a78969b8be10a979a6b129669) in 0.002s. Peers: 3","throwable":""}
{"timestamp":"2025-07-18T17:20:48,072","container":"f4d1b3b63914","level":"INFO","thread":"EthScheduler-Workers-0","class":"PersistBlockTask","message":"Imported #51 / 0 tx / 0 om / 0 (0.0%) gas / (0x170b2b6916a2330d9147584b13a3841347b706679ec9329da88cff11482b0e5a) in 0.002s. Peers: 3","throwable":""}
{"timestamp":"2025-07-18T17:20:56,058","container":"f4d1b3b63914","level":"INFO","thread":"EthScheduler-Workers-0","class":"PersistBlockTask","message":"Imported #52 / 0 tx / 0 om / 0 (0.0%) gas / (0x691d7b71fb5557a7c759f47eb7eac1acfeb60848843ae9738bd037ba3986f8a2) in 0.002s. Peers: 3","throwable":""}
{"timestamp":"2025-07-18T17:21:04,029","container":"f4d1b3b63914","level":"INFO","thread":"EthScheduler-Workers-0","class":"PersistBlockTask","message":"Imported #53 / 0 tx / 0 om / 0 (0.0%) gas / (0xac6f11feb05939411a754725a56ba0c81685de1fd3a08b1b52b44c043b1619ad) in 0.002s. Peers: 3","throwable":""}
{"timestamp":"2025-07-18T17:21:12,055","container":"f4d1b3b63914","level":"INFO","thread":"EthScheduler-Workers-0","class":"PersistBlockTask","message":"Imported #54 / 0 tx / 0 om / 0 (0.0%) gas / (0x2b70b83c1005a91007f562f01ac85d0141f3c1f6498b055a6e2e1b42c94aebd0) in 0.014s. Peers: 3","throwable":""}
{"timestamp":"2025-07-18T17:21:20,042","container":"f4d1b3b63914","level":"INFO","thread":"EthScheduler-Workers-0","class":"PersistBlockTask","message":"Imported #55 / 0 tx / 0 om / 0 (0.0%) gas / (0x6dd8365c19775be826dd41c1808df51a21f48102167b0113b398e9accb56a6f4) in 0.004s. Peers: 3","throwable":""}
{"timestamp":"2025-07-18T17:21:28,055","container":"f4d1b3b63914","level":"INFO","thread":"EthScheduler-Workers-0","class":"PersistBlockTask","message":"Imported #56 / 0 tx / 0 om / 0 (0.0%) gas / (0xa166e4e5579690f2c9cada7b3968b6ad91e561c428761a3eabe3cbab69ed6769) in 0.003s. Peers: 3","throwable":""}
{"timestamp":"2025-07-18T17:21:36,045","container":"f4d1b3b63914","level":"INFO","thread":"EthScheduler-Workers-0","class":"PersistBlockTask","message":"Imported #57 / 0 tx / 0 om / 0 (0.0%) gas / (0x3cbfb99284a93bf3069ed5a07123ad9150e4240ba89591666149e2a59d35f317) in 0.002s. Peers: 3","throwable":""}
{"timestamp":"2025-07-18T17:21:44,048","container":"f4d1b3b63914","level":"INFO","thread":"EthScheduler-Workers-0","class":"PersistBlockTask","message":"Imported #58 / 0 tx / 0 om / 0 (0.0%) gas / (0x902575138a1bb07350edcb591f8dacd84d352bc0ad1bfbf6af5c103af0d94332) in 0.010s. Peers: 3","throwable":""}
{"timestamp":"2025-07-18T17:21:52,026","container":"f4d1b3b63914","level":"INFO","thread":"EthScheduler-Workers-0","class":"PersistBlockTask","message":"Imported #59 / 0 tx / 0 om / 0 (0.0%) gas / (0xca4ec5797e3c61743992f6bff98b56fbd9e596096d98f32bd0fb21cd13a09a5f) in 0.002s. Peers: 3","throwable":""}
{"timestamp":"2025-07-18T17:22:00,061","container":"f4d1b3b63914","level":"INFO","thread":"EthScheduler-Workers-0","class":"PersistBlockTask","message":"Imported #60 / 0 tx / 0 om / 0 (0.0%) gas / (0x14244d4c7bb539d9cc6ed2b9b399c16b28f06e025843438ef1d0808f66349d6b) in 0.004s. Peers: 3","throwable":""}
{"timestamp":"2025-07-18T17:22:08,046","container":"f4d1b3b63914","level":"INFO","thread":"EthScheduler-Workers-0","class":"PersistBlockTask","message":"Imported #61 / 0 tx / 0 om / 0 (0.0%) gas / (0x9cbfdcd710da221c692df705380b965741b9a16c639815ebd6db6d08431d7560) in 0.004s. Peers: 3","throwable":""}
{"timestamp":"2025-07-18T17:22:16,040","container":"f4d1b3b63914","level":"INFO","thread":"EthScheduler-Workers-0","class":"PersistBlockTask","message":"Imported #62 / 0 tx / 0 om / 0 (0.0%) gas / (0xc2c5deb3bb4e642296573880b1c6f56369885ff03956e7c4aa8540e5cf222ae3) in 0.003s. Peers: 3","throwable":""}
{"timestamp":"2025-07-18T17:22:24,055","container":"f4d1b3b63914","level":"INFO","thread":"EthScheduler-Workers-0","class":"PersistBlockTask","message":"Imported #63 / 0 tx / 0 om / 0 (0.0%) gas / (0xaa88462a27ff357ea75e8e33571e1aca1ae8506e45104cf7984edc2a2f863088) in 0.009s. Peers: 3","throwable":""}
{"timestamp":"2025-07-18T17:22:32,044","container":"f4d1b3b63914","level":"INFO","thread":"EthScheduler-Workers-0","class":"PersistBlockTask","message":"Imported #64 / 0 tx / 0 om / 0 (0.0%) gas / (0x2e884e04c98bb117843586292b83e1c488f2d103f2f145b8306725c646751ea6) in 0.004s. Peers: 3","throwable":""}
{"timestamp":"2025-07-18T17:22:40,040","container":"f4d1b3b63914","level":"INFO","thread":"EthScheduler-Workers-0","class":"PersistBlockTask","message":"Imported #65 / 0 tx / 0 om / 0 (0.0%) gas / (0xfdaef74b3c51a46e9e7033f982bd5713d76f3c68e8908bb3ed12faa477d065d3) in 0.003s. Peers: 3","throwable":""}
{"timestamp":"2025-07-18T17:22:48,038","container":"f4d1b3b63914","level":"INFO","thread":"EthScheduler-Workers-0","class":"PersistBlockTask","message":"Imported #66 / 0 tx / 0 om / 0 (0.0%) gas / (0xcb01ac4607423baaa4e0b91b921cf8c20131cc2780a8586e846ac0df6cb66c92) in 0.002s. Peers: 3","throwable":""}
{"timestamp":"2025-07-18T17:22:56,041","container":"f4d1b3b63914","level":"INFO","thread":"EthScheduler-Workers-0","class":"PersistBlockTask","message":"Imported #67 / 0 tx / 0 om / 0 (0.0%) gas / (0xbb83e73e8b71cbc1edef323ca9d629eeacabc379e5337820e09c806cc57a8339) in 0.003s. Peers: 3","throwable":""}
{"timestamp":"2025-07-18T17:23:04,037","container":"f4d1b3b63914","level":"INFO","thread":"EthScheduler-Workers-0","class":"PersistBlockTask","message":"Imported #68 / 0 tx / 0 om / 0 (0.0%) gas / (0x050ce5b3e7b7adc6e0746c1af50f48579c4498671162bcf9149dced67c2bc21c) in 0.004s. Peers: 3","throwable":""}
{"timestamp":"2025-07-18T17:23:12,049","container":"f4d1b3b63914","level":"INFO","thread":"EthScheduler-Workers-0","class":"PersistBlockTask","message":"Imported #69 / 0 tx / 0 om / 0 (0.0%) gas / (0xb11d0425f2efb62434812b362a1c719a607363665076bac31550a318af1230d3) in 0.004s. Peers: 3","throwable":""}
{"timestamp":"2025-07-18T17:23:20,052","container":"f4d1b3b63914","level":"INFO","thread":"EthScheduler-Workers-0","class":"PersistBlockTask","message":"Imported #70 / 0 tx / 0 om / 0 (0.0%) gas / (0x2f6eb3e11b413475101f942cf1db6ac86276ff7d297f2638f8c4c189415c4430) in 0.003s. Peers: 3","throwable":""}
{"timestamp":"2025-07-18T17:23:28,051","container":"f4d1b3b63914","level":"INFO","thread":"EthScheduler-Workers-0","class":"PersistBlockTask","message":"Imported #71 / 0 tx / 0 om / 0 (0.0%) gas / (0x78a31799f942a1f48250c6b117ad7b7d34e723c460d2d2b8c4256a0be2d311f0) in 0.010s. Peers: 3","throwable":""}
{"timestamp":"2025-07-18T17:23:31,404","container":"f4d1b3b63914","level":"INFO","thread":"EthScheduler-Timer-0","class":"FullSyncTargetManager","message":"Unable to find sync target. Currently checking 0 peers for usefulness","throwable":""}
{"timestamp":"2025-07-18T17:23:36,405","container":"f4d1b3b63914","level":"INFO","thread":"EthScheduler-Timer-0","class":"FullSyncTargetManager","message":"Unable to find sync target. Currently checking 0 peers for usefulness","throwable":""}
{"timestamp":"2025-07-18T17:23:41,095","container":"f4d1b3b63914","level":"INFO","thread":"BftProcessorExecutor-QBFT-0","class":"BftProcessor","message":"Shutting down BFT event processor","throwable":""}
{"timestamp":"2025-07-18T17:23:41,099","container":"f4d1b3b63914","level":"INFO","thread":"BesuCommand-Shutdown-Hook","class":"DefaultSynchronizer","message":"Stopping synchronizer","throwable":""}
{"timestamp":"2025-07-18T17:23:41,101","container":"f4d1b3b63914","level":"INFO","thread":"BesuCommand-Shutdown-Hook","class":"NetworkRunner","message":"Stopping Network.","throwable":""}
{"timestamp":"2025-07-18T17:23:41,114","container":"f4d1b3b63914","level":"INFO","thread":"BesuCommand-Shutdown-Hook","class":"EthProtocolManager","message":"Stopping eth Subprotocol.","throwable":""}
{"timestamp":"2025-07-18T17:23:41,212","container":"f4d1b3b63914","level":"INFO","thread":"BesuCommand-Shutdown-Hook","class":"EthProtocolManager","message":"eth Subprotocol stopped.","throwable":""}
{"timestamp":"2025-07-18T17:23:41,212","container":"f4d1b3b63914","level":"INFO","thread":"BesuCommand-Shutdown-Hook","class":"NetworkRunner","message":"Network stopped.","throwable":""}
{"timestamp":"2025-07-18T17:23:41,213","container":"f4d1b3b63914","level":"INFO","thread":"BesuCommand-Shutdown-Hook","class":"AutoTransactionLogBloomCachingService","message":"Shutting down Auto transaction logs caching service.","throwable":""}
{"timestamp":"2025-07-18T17:23:41,214","container":"f4d1b3b63914","level":"INFO","thread":"BesuCommand-Shutdown-Hook","class":"DockerNatManager","message":"Stopping docker NAT manager.","throwable":""}
