{"timestamp":"2025-06-27T01:03:38,739","container":"7ee7b4549278","level":"INFO","thread":"main","class":"Besu","message":"Starting Besu","throwable":""}
{"timestamp":"2025-06-27T01:03:40,090","container":"7ee7b4549278","level":"WARN","thread":"main","class":"Besu","message":"--min-gas-price has been ignored because --miner-enabled was not defined on the command line.","throwable":""}
{"timestamp":"2025-06-27T01:03:42,104","container":"7ee7b4549278","level":"INFO","thread":"main","class":"Besu","message":"
####################################################################################################
#                                                                                                  #
# Besu version 23.4.1                                                                              #
#                                                                                                  #
# Configuration:                                                                                   #
# Network: Custom genesis file specified                                                           #
# Network Id: 1337                                                                                 #
# Data storage: Forest                                                                             #
# Sync mode: Full                                                                                  #
# RPC HTTP APIs: EEA,WEB3,ETH,NET,TRACE,DEBUG,ADMIN,TXPOOL,PRIV,PERM,QBFT                          #
# RPC HTTP port: 8545                                                                              #
#                                                                                                  #
# Host:                                                                                            #
# Java: openjdk-java-17                                                                            #
# Maximum heap size: 1.74 GB                                                                       #
# OS: linux-x86_64                                                                                 #
# glibc: 2.35                                                                                      #
# jemalloc: 5.2.1-0-gea6b3e973b477b8061e0076bb257dbd7f3faa756                                      #
# Total memory: 6.95 GB                                                                            #
# CPU cores: 4                                                                                     #
#                                                                                                  #
####################################################################################################","throwable":""}
{"timestamp":"2025-06-27T01:03:42,107","container":"7ee7b4549278","level":"INFO","thread":"main","class":"Besu","message":"Connecting to 8 static nodes.","throwable":""}
{"timestamp":"2025-06-27T01:03:42,108","container":"7ee7b4549278","level":"INFO","thread":"main","class":"Besu","message":"Security Module: localfile","throwable":""}
{"timestamp":"2025-06-27T01:03:42,383","container":"7ee7b4549278","level":"INFO","thread":"main","class":"Besu","message":"Using the native implementation of alt bn128","throwable":""}
{"timestamp":"2025-06-27T01:03:42,654","container":"7ee7b4549278","level":"INFO","thread":"main","class":"Besu","message":"Using the native implementation of modexp","throwable":""}
{"timestamp":"2025-06-27T01:03:42,654","container":"7ee7b4549278","level":"INFO","thread":"main","class":"Besu","message":"Using the native implementation of the signature algorithm","throwable":""}
{"timestamp":"2025-06-27T01:03:42,660","container":"7ee7b4549278","level":"INFO","thread":"main","class":"Besu","message":"Using the native implementation of the blake2bf algorithm","throwable":""}
{"timestamp":"2025-06-27T01:03:42,750","container":"7ee7b4549278","level":"INFO","thread":"main","class":"RocksDBKeyValueStorageFactory","message":"No existing database detected at /opt/besu/data. Using version 1","throwable":""}
{"timestamp":"2025-06-27T01:03:45,298","container":"7ee7b4549278","level":"INFO","thread":"main","class":"KeyPairUtil","message":"Loaded public key 0x86fcc16f4730fbfd238dc17ea552854c0943923bb1d5e886e5601b8d884fb0519060e0023f495dd24ffe60a65660fb7fdcdebfceedd2b3673dfa63658825924b from /opt/besu/keys/nodekey","throwable":""}
{"timestamp":"2025-06-27T01:03:45,343","container":"7ee7b4549278","level":"WARN","thread":"main","class":"Besu","message":"Privacy is disabled. Cannot use EEA/PRIV API methods when not using Privacy.","throwable":""}
{"timestamp":"2025-06-27T01:03:45,783","container":"7ee7b4549278","level":"INFO","thread":"main","class":"ProtocolScheduleBuilder","message":"Protocol schedule created with milestones: [GrayGlacier: 0]","throwable":""}
{"timestamp":"2025-06-27T01:03:46,193","container":"7ee7b4549278","level":"INFO","thread":"main","class":"TransactionPoolFactory","message":"Enabling transaction pool","throwable":""}
{"timestamp":"2025-06-27T01:03:46,274","container":"7ee7b4549278","level":"INFO","thread":"main","class":"BesuControllerBuilder","message":"TTD difficulty is not present, creating initial sync phase for PoW","throwable":""}
{"timestamp":"2025-06-27T01:03:46,466","container":"7ee7b4549278","level":"INFO","thread":"main","class":"RunnerBuilder","message":"Detecting NAT service.","throwable":""}
{"timestamp":"2025-06-27T01:03:47,828","container":"7ee7b4549278","level":"INFO","thread":"main","class":"Runner","message":"Starting external services ... ","throwable":""}
{"timestamp":"2025-06-27T01:03:47,829","container":"7ee7b4549278","level":"INFO","thread":"main","class":"MetricsHttpService","message":"Starting metrics http service on 0.0.0.0:9545","throwable":""}
{"timestamp":"2025-06-27T01:03:48,031","container":"7ee7b4549278","level":"INFO","thread":"main","class":"JsonRpcHttpService","message":"Starting JSON-RPC service on 0.0.0.0:8545","throwable":""}
{"timestamp":"2025-06-27T01:03:48,031","container":"7ee7b4549278","level":"INFO","thread":"vert.x-eventloop-thread-1","class":"MetricsHttpService","message":"Metrics service started and listening on 0.0.0.0:9545","throwable":""}
{"timestamp":"2025-06-27T01:03:48,042","container":"7ee7b4549278","level":"INFO","thread":"vert.x-eventloop-thread-1","class":"JsonRpcHttpService","message":"JSON-RPC service started and listening on 0.0.0.0:8545","throwable":""}
{"timestamp":"2025-06-27T01:03:48,044","container":"7ee7b4549278","level":"INFO","thread":"main","class":"GraphQLHttpService","message":"Starting GraphQL HTTP service on 0.0.0.0:8547","throwable":""}
{"timestamp":"2025-06-27T01:03:48,058","container":"7ee7b4549278","level":"INFO","thread":"vert.x-eventloop-thread-1","class":"GraphQLHttpService","message":"GraphQL HTTP service started and listening on 0.0.0.0:8547","throwable":""}
{"timestamp":"2025-06-27T01:03:48,058","container":"7ee7b4549278","level":"INFO","thread":"main","class":"WebSocketService","message":"Starting Websocket service on 0.0.0.0:8546","throwable":""}
{"timestamp":"2025-06-27T01:03:48,063","container":"7ee7b4549278","level":"INFO","thread":"vert.x-eventloop-thread-1","class":"WebSocketService","message":"Websocket service started and listening on 0.0.0.0:8546","throwable":""}
{"timestamp":"2025-06-27T01:03:48,066","container":"7ee7b4549278","level":"INFO","thread":"main","class":"AutoTransactionLogBloomCachingService","message":"Starting auto transaction log bloom caching service.","throwable":""}
{"timestamp":"2025-06-27T01:03:48,067","container":"7ee7b4549278","level":"INFO","thread":"main","class":"LogBloomCacheMetadata","message":"Lookup cache metadata file in data directory: /opt/besu/data/caches","throwable":""}
{"timestamp":"2025-06-27T01:03:48,109","container":"7ee7b4549278","level":"INFO","thread":"main","class":"Runner","message":"Starting Ethereum main loop ... ","throwable":""}
{"timestamp":"2025-06-27T01:03:48,109","container":"7ee7b4549278","level":"INFO","thread":"main","class":"DockerNatManager","message":"Starting docker NAT manager.","throwable":""}
{"timestamp":"2025-06-27T01:03:48,123","container":"7ee7b4549278","level":"INFO","thread":"main","class":"NetworkRunner","message":"Starting Network.","throwable":""}
{"timestamp":"2025-06-27T01:03:48,163","container":"7ee7b4549278","level":"INFO","thread":"nioEventLoopGroup-2-1","class":"RlpxAgent","message":"P2P RLPx agent started and listening on /0.0.0.0:30303.","throwable":""}
{"timestamp":"2025-06-27T01:03:48,164","container":"7ee7b4549278","level":"INFO","thread":"main","class":"PeerDiscoveryAgent","message":"Starting peer discovery agent on host=0.0.0.0, port=30303","throwable":""}
{"timestamp":"2025-06-27T01:03:48,198","container":"7ee7b4549278","level":"INFO","thread":"vert.x-eventloop-thread-1","class":"VertxPeerDiscoveryAgent","message":"Started peer discovery agent successfully, on effective host=0.0.0.0 and port=30303","throwable":""}
{"timestamp":"2025-06-27T01:03:48,199","container":"7ee7b4549278","level":"INFO","thread":"vert.x-eventloop-thread-1","class":"PeerDiscoveryAgent","message":"P2P peer discovery agent started and listening on /0.0.0.0:30303","throwable":""}
{"timestamp":"2025-06-27T01:03:48,298","container":"7ee7b4549278","level":"INFO","thread":"vert.x-eventloop-thread-1","class":"PeerDiscoveryAgent","message":"Writing node record to disk. NodeRecord{seq=1, publicKey=0x0386fcc16f4730fbfd238dc17ea552854c0943923bb1d5e886e5601b8d884fb051, udpAddress=Optional[/10.26.107.75:30303], tcpAddress=Optional[/10.26.107.75:30303], asBase64=-Je4QGOGCq4w7cBOxahvdsnPU50B-97CKc1qp71Hf3VbC-NJJOihhEesOB5ArV0PncR8QFtg6BqiqriuPwB8ReI64y4Bg2V0aMfGhGpSrW2AgmlkgnY0gmlwhAoaa0uJc2VjcDI1NmsxoQOG_MFvRzD7_SONwX6lUoVMCUOSO7HV6IblYBuNiE-wUYN0Y3CCdl-DdWRwgnZf, nodeId=0x133b4f32d7750cdfd4048f04df8b560be949c229c821731554c33ead5e3888a4, customFields={tcp=30303, udp=30303, ip=0x0a1a6b4b, eth=[[0x6a52ad6d, 0x]], id=V4, secp256k1=0x0386fcc16f4730fbfd238dc17ea552854c0943923bb1d5e886e5601b8d884fb051}}","throwable":""}
{"timestamp":"2025-06-27T01:03:48,344","container":"7ee7b4549278","level":"INFO","thread":"main","class":"DefaultP2PNetwork","message":"Enode URL enode://86fcc16f4730fbfd238dc17ea552854c0943923bb1d5e886e5601b8d884fb0519060e0023f495dd24ffe60a65660fb7fdcdebfceedd2b3673dfa63658825924b@10.26.107.75:30303","throwable":""}
{"timestamp":"2025-06-27T01:03:48,346","container":"7ee7b4549278","level":"INFO","thread":"main","class":"DefaultP2PNetwork","message":"Node address 0xdf8b560be949c229c821731554c33ead5e3888a4","throwable":""}
{"timestamp":"2025-06-27T01:03:48,472","container":"7ee7b4549278","level":"INFO","thread":"main","class":"NetworkRunner","message":"Supported capabilities: [eth/62, eth/63, eth/64, eth/65, eth/66, eth/67, eth/68], [istanbul/100], [snap/1]","throwable":""}
{"timestamp":"2025-06-27T01:03:48,473","container":"7ee7b4549278","level":"INFO","thread":"main","class":"DefaultSynchronizer","message":"Starting synchronizer.","throwable":""}
{"timestamp":"2025-06-27T01:03:48,482","container":"7ee7b4549278","level":"INFO","thread":"main","class":"TransactionPoolFactory","message":"Enabling transaction handling following initial sync","throwable":""}
{"timestamp":"2025-06-27T01:03:48,486","container":"7ee7b4549278","level":"INFO","thread":"main","class":"FullSyncDownloader","message":"Starting full sync.","throwable":""}
{"timestamp":"2025-06-27T01:03:48,486","container":"7ee7b4549278","level":"INFO","thread":"main","class":"FullSyncTargetManager","message":"Unable to find sync target. Currently checking 0 peers for usefulness","throwable":""}
{"timestamp":"2025-06-27T01:03:48,710","container":"7ee7b4549278","level":"INFO","thread":"main","class":"Runner","message":"Ethereum main loop is up.","throwable":""}
{"timestamp":"2025-06-27T01:03:48,904","container":"7ee7b4549278","level":"INFO","thread":"nioEventLoopGroup-3-7","class":"FullSyncTargetManager","message":"Unable to find sync target. Currently checking 2 peers for usefulness","throwable":""}
{"timestamp":"2025-06-27T01:03:53,912","container":"7ee7b4549278","level":"INFO","thread":"EthScheduler-Timer-0","class":"FullSyncTargetManager","message":"Unable to find sync target. Currently checking 2 peers for usefulness","throwable":""}
{"timestamp":"2025-06-27T01:03:57,245","container":"7ee7b4549278","level":"INFO","thread":"EthScheduler-Workers-0","class":"PersistBlockTask","message":"Imported #1 / 0 tx / 0 om / 0 (0.0%) gas / (0x4435e3510828c4c694986b678ce8a12b322e5af97e9bed2a54fa0320940c4a8b) in 0.024s. Peers: 2","throwable":""}
{"timestamp":"2025-06-27T01:03:58,915","container":"7ee7b4549278","level":"INFO","thread":"EthScheduler-Timer-0","class":"FullSyncTargetManager","message":"Unable to find sync target. Currently checking 2 peers for usefulness","throwable":""}
{"timestamp":"2025-06-27T01:04:03,917","container":"7ee7b4549278","level":"INFO","thread":"EthScheduler-Timer-0","class":"FullSyncTargetManager","message":"Unable to find sync target. Currently checking 2 peers for usefulness","throwable":""}
{"timestamp":"2025-06-27T01:04:04,213","container":"7ee7b4549278","level":"INFO","thread":"EthScheduler-Workers-0","class":"PersistBlockTask","message":"Imported #2 / 0 tx / 0 om / 0 (0.0%) gas / (0x520d3e406f76e9c9b5e16b5d049a39c4ad5e4b5ceb45b489fd71cd5c2c7bff1f) in 0.012s. Peers: 2","throwable":""}
{"timestamp":"2025-06-27T01:04:12,200","container":"7ee7b4549278","level":"INFO","thread":"EthScheduler-Workers-0","class":"PersistBlockTask","message":"Imported #3 / 0 tx / 0 om / 0 (0.0%) gas / (0x9b079d2a4ac78081f68481b83e57c65cd543b1f8a744d44b7e016d1a475ff5af) in 0.005s. Peers: 2","throwable":""}
{"timestamp":"2025-06-27T01:04:31,088","container":"7ee7b4549278","level":"INFO","thread":"EthScheduler-Workers-0","class":"PersistBlockTask","message":"Imported #4 / 0 tx / 0 om / 0 (0.0%) gas / (0x734ba21025566567ce86462def0ebadffc8b5faf639e68ce5402da490e55ba8e) in 0.005s. Peers: 2","throwable":""}
{"timestamp":"2025-06-27T01:04:38,189","container":"7ee7b4549278","level":"INFO","thread":"EthScheduler-Workers-0","class":"PersistBlockTask","message":"Imported #5 / 0 tx / 0 om / 0 (0.0%) gas / (0xaf446dc9116b6e1147c6e6d3f795a38e5f00dae4a7527a82920e63909746c9b5) in 0.004s. Peers: 2","throwable":""}
{"timestamp":"2025-06-27T01:04:46,170","container":"7ee7b4549278","level":"INFO","thread":"EthScheduler-Workers-0","class":"PersistBlockTask","message":"Imported #6 / 0 tx / 0 om / 0 (0.0%) gas / (0xf6cfe1b99f5234e7a02aa1d23e933a415479dc1a35c9ac95f6e25d551e0b3351) in 0.009s. Peers: 2","throwable":""}
{"timestamp":"2025-06-27T01:05:05,090","container":"7ee7b4549278","level":"INFO","thread":"EthScheduler-Workers-0","class":"PersistBlockTask","message":"Imported #7 / 0 tx / 0 om / 0 (0.0%) gas / (0xbc258de00be008123b9c596341d5c2a1bfe10feb5c8fafde5dcaadc81b442cb9) in 0.008s. Peers: 2","throwable":""}
{"timestamp":"2025-06-27T01:05:12,200","container":"7ee7b4549278","level":"INFO","thread":"EthScheduler-Workers-0","class":"PersistBlockTask","message":"Imported #8 / 0 tx / 0 om / 0 (0.0%) gas / (0xec7e2a2031b2d6597886bbf03d9f3d6c8eb3927fc9c563d0c2905449f4a9c164) in 0.005s. Peers: 2","throwable":""}
{"timestamp":"2025-06-27T01:05:20,207","container":"7ee7b4549278","level":"INFO","thread":"EthScheduler-Workers-0","class":"PersistBlockTask","message":"Imported #9 / 0 tx / 0 om / 0 (0.0%) gas / (0x3d6e5032a0fe1b47a0e67dcba64291d268e89fc7c56e9190a5d984ca4e6a6d5e) in 0.014s. Peers: 2","throwable":""}
{"timestamp":"2025-06-27T01:05:39,060","container":"7ee7b4549278","level":"INFO","thread":"EthScheduler-Workers-0","class":"PersistBlockTask","message":"Imported #10 / 0 tx / 0 om / 0 (0.0%) gas / (0xaa156767d3f1c212183c905b20b4db36617eab6ac38441787b062963446064a3) in 0.003s. Peers: 2","throwable":""}
{"timestamp":"2025-06-27T01:05:46,215","container":"7ee7b4549278","level":"INFO","thread":"EthScheduler-Workers-0","class":"PersistBlockTask","message":"Imported #11 / 0 tx / 0 om / 0 (0.0%) gas / (0x9a499f8193735fdd3e919891818c55648ead6658eb88ab6f4ba7de36f4e8b30f) in 0.005s. Peers: 2","throwable":""}
{"timestamp":"2025-06-27T01:05:54,216","container":"7ee7b4549278","level":"INFO","thread":"EthScheduler-Workers-0","class":"PersistBlockTask","message":"Imported #12 / 0 tx / 0 om / 0 (0.0%) gas / (0x5de656cc1d76d4f323bfd121e5bf4373526789db9c31ff63274f7627d10c69a7) in 0.006s. Peers: 2","throwable":""}
{"timestamp":"2025-06-27T01:06:13,089","container":"7ee7b4549278","level":"INFO","thread":"EthScheduler-Workers-0","class":"PersistBlockTask","message":"Imported #13 / 0 tx / 0 om / 0 (0.0%) gas / (0xe14c9dbce323a206d40f0a7f12159451c1b21ae59f464c0b8d72fe3e03513fce) in 0.008s. Peers: 2","throwable":""}
{"timestamp":"2025-06-27T01:06:20,231","container":"7ee7b4549278","level":"INFO","thread":"EthScheduler-Workers-0","class":"PersistBlockTask","message":"Imported #14 / 0 tx / 0 om / 0 (0.0%) gas / (0x2194e38a1f03348131ff5ee27432044036b9eda618d8575b5c2e6bab72afb146) in 0.006s. Peers: 2","throwable":""}
{"timestamp":"2025-06-27T01:06:28,222","container":"7ee7b4549278","level":"INFO","thread":"EthScheduler-Workers-0","class":"PersistBlockTask","message":"Imported #15 / 0 tx / 0 om / 0 (0.0%) gas / (0x298e0c029ec6932fbeaaf92b388451efc5079e31b8831d4148845169d68a768c) in 0.004s. Peers: 2","throwable":""}
{"timestamp":"2025-06-27T01:06:47,064","container":"7ee7b4549278","level":"INFO","thread":"EthScheduler-Workers-0","class":"PersistBlockTask","message":"Imported #16 / 0 tx / 0 om / 0 (0.0%) gas / (0x724dbf124991dc439b608d7a666cff2ea574e18f8d24a87cd19efe1cc4aa16e7) in 0.004s. Peers: 2","throwable":""}
{"timestamp":"2025-06-27T01:06:54,249","container":"7ee7b4549278","level":"INFO","thread":"EthScheduler-Workers-0","class":"PersistBlockTask","message":"Imported #17 / 0 tx / 0 om / 0 (0.0%) gas / (0xcca7bfce5a729185a67cfc3b3af686be8ebe19ca73c81bb5e527ace979eb0d30) in 0.009s. Peers: 2","throwable":""}
{"timestamp":"2025-06-27T01:07:02,237","container":"7ee7b4549278","level":"INFO","thread":"EthScheduler-Workers-0","class":"PersistBlockTask","message":"Imported #18 / 0 tx / 0 om / 0 (0.0%) gas / (0x80f410fea4ce416d367ab6678770b34c44133aed214d8ad0e5af7b019e4540f7) in 0.005s. Peers: 2","throwable":""}
{"timestamp":"2025-06-27T01:07:21,038","container":"7ee7b4549278","level":"INFO","thread":"EthScheduler-Workers-0","class":"PersistBlockTask","message":"Imported #19 / 0 tx / 0 om / 0 (0.0%) gas / (0xa3459bf79634f91f58e3f81cfcdbbf037a09a2dbba0bbc2067fe1e9851c7a642) in 0.002s. Peers: 2","throwable":""}
{"timestamp":"2025-06-27T01:07:28,266","container":"7ee7b4549278","level":"INFO","thread":"EthScheduler-Workers-0","class":"PersistBlockTask","message":"Imported #20 / 0 tx / 0 om / 0 (0.0%) gas / (0x088e6f1c9d8599929842845d83201a23b5d403941cb0a944589661e92947c0c9) in 0.004s. Peers: 2","throwable":""}
{"timestamp":"2025-06-27T01:07:36,261","container":"7ee7b4549278","level":"INFO","thread":"EthScheduler-Workers-0","class":"PersistBlockTask","message":"Imported #21 / 0 tx / 0 om / 0 (0.0%) gas / (0x2380602a4a3c58234b06671bd0e94ca3e9372bf30d15a4978f23eac2a8bfd02a) in 0.004s. Peers: 2","throwable":""}
{"timestamp":"2025-06-27T01:07:55,058","container":"7ee7b4549278","level":"INFO","thread":"EthScheduler-Workers-0","class":"PersistBlockTask","message":"Imported #22 / 0 tx / 0 om / 0 (0.0%) gas / (0xad5827dbebe5ea99fd620a770d74ed5b7d7f8971337b57bff92654f87f2ded6f) in 0.007s. Peers: 2","throwable":""}
{"timestamp":"2025-06-27T01:08:02,265","container":"7ee7b4549278","level":"INFO","thread":"EthScheduler-Workers-0","class":"PersistBlockTask","message":"Imported #23 / 0 tx / 0 om / 0 (0.0%) gas / (0xe52d5349067109414bdf87af00354dc956b5e6dd86c84f56a01d965bd97ddbcb) in 0.010s. Peers: 2","throwable":""}
{"timestamp":"2025-06-27T01:08:10,285","container":"7ee7b4549278","level":"INFO","thread":"EthScheduler-Workers-0","class":"PersistBlockTask","message":"Imported #24 / 0 tx / 0 om / 0 (0.0%) gas / (0x663acc110aa88d431886c56851bbe0acb6be546ad819e6450098a8f020002cc4) in 0.006s. Peers: 2","throwable":""}
{"timestamp":"2025-06-27T01:08:29,068","container":"7ee7b4549278","level":"INFO","thread":"EthScheduler-Workers-0","class":"PersistBlockTask","message":"Imported #25 / 0 tx / 0 om / 0 (0.0%) gas / (0xb0f6b14afa9adc2012d00d8e88dec612943128b93650e216de8f52c9f3796d66) in 0.004s. Peers: 2","throwable":""}
{"timestamp":"2025-06-27T01:08:36,292","container":"7ee7b4549278","level":"INFO","thread":"EthScheduler-Workers-0","class":"PersistBlockTask","message":"Imported #26 / 0 tx / 0 om / 0 (0.0%) gas / (0x634365c8569b439120fbf75ab6191c1819635ca354dda4d3ae2838c8bced148c) in 0.004s. Peers: 2","throwable":""}
{"timestamp":"2025-06-27T01:08:44,286","container":"7ee7b4549278","level":"INFO","thread":"EthScheduler-Workers-0","class":"PersistBlockTask","message":"Imported #27 / 0 tx / 0 om / 0 (0.0%) gas / (0xb18c7d5aa86597c02defe144ad03610ac52e667ffe1c21e46de3009f66f555ce) in 0.004s. Peers: 2","throwable":""}
{"timestamp":"2025-06-27T01:09:03,047","container":"7ee7b4549278","level":"INFO","thread":"EthScheduler-Workers-0","class":"PersistBlockTask","message":"Imported #28 / 0 tx / 0 om / 0 (0.0%) gas / (0x2a01cc4fefb1d0ad7af89d2a70bd812eb61be847b91a1dbc4790049dda31c471) in 0.002s. Peers: 2","throwable":""}
{"timestamp":"2025-06-27T01:09:10,301","container":"7ee7b4549278","level":"INFO","thread":"EthScheduler-Workers-0","class":"PersistBlockTask","message":"Imported #29 / 0 tx / 0 om / 0 (0.0%) gas / (0x1073ec1a88d54562eb4100dab050d7e13cf87f76b9aedcc6e4e9436f669e35bb) in 0.002s. Peers: 2","throwable":""}
{"timestamp":"2025-06-27T01:09:18,306","container":"7ee7b4549278","level":"INFO","thread":"EthScheduler-Workers-0","class":"PersistBlockTask","message":"Imported #30 / 0 tx / 0 om / 0 (0.0%) gas / (0x19230636c341d464a34de9b9b8e195816e2351c595811f426dc28b6d2e1e5b47) in 0.004s. Peers: 2","throwable":""}
{"timestamp":"2025-06-27T01:09:37,049","container":"7ee7b4549278","level":"INFO","thread":"EthScheduler-Workers-0","class":"PersistBlockTask","message":"Imported #31 / 0 tx / 0 om / 0 (0.0%) gas / (0x9c45130ccf75fe17a5f2cf0c984af8d969c0973868456f2897b4d4f245f75073) in 0.005s. Peers: 2","throwable":""}
{"timestamp":"2025-06-27T01:09:44,336","container":"7ee7b4549278","level":"INFO","thread":"EthScheduler-Workers-0","class":"PersistBlockTask","message":"Imported #32 / 0 tx / 0 om / 0 (0.0%) gas / (0x9c850b1624531a240dec581875afb32d6d5e91ae1db4bebe2365928793af21bc) in 0.016s. Peers: 2","throwable":""}
{"timestamp":"2025-06-27T01:09:52,323","container":"7ee7b4549278","level":"INFO","thread":"EthScheduler-Workers-0","class":"PersistBlockTask","message":"Imported #33 / 0 tx / 0 om / 0 (0.0%) gas / (0x3e324f525feb0c713ce1adbeb01c76cc25f8b9f42edc5e00a94afdaa6bb96752) in 0.005s. Peers: 2","throwable":""}
{"timestamp":"2025-06-27T01:10:11,067","container":"7ee7b4549278","level":"INFO","thread":"EthScheduler-Workers-0","class":"PersistBlockTask","message":"Imported #34 / 0 tx / 0 om / 0 (0.0%) gas / (0xa4e9412578e44dbe469bffb42304dccf51726f3997c65e04f28fef5acc7dfbb6) in 0.011s. Peers: 2","throwable":""}
{"timestamp":"2025-06-27T01:10:18,335","container":"7ee7b4549278","level":"INFO","thread":"EthScheduler-Workers-0","class":"PersistBlockTask","message":"Imported #35 / 0 tx / 0 om / 0 (0.0%) gas / (0xf743c82b3aa7fbd9231b8a3aee93438cd62175677c5075f508d8032347ef569f) in 0.004s. Peers: 2","throwable":""}
{"timestamp":"2025-06-27T01:10:26,340","container":"7ee7b4549278","level":"INFO","thread":"EthScheduler-Workers-0","class":"PersistBlockTask","message":"Imported #36 / 0 tx / 0 om / 0 (0.0%) gas / (0xbcb52f195ff549e980303ab58a70d2df56cf4427a385b1058a277a624d94c496) in 0.003s. Peers: 2","throwable":""}
{"timestamp":"2025-06-27T01:10:45,053","container":"7ee7b4549278","level":"INFO","thread":"EthScheduler-Workers-0","class":"PersistBlockTask","message":"Imported #37 / 0 tx / 0 om / 0 (0.0%) gas / (0xf3154642272778e277848269f714df6b7229c4d2a02e409b1a87ea81f8ee78b9) in 0.006s. Peers: 2","throwable":""}
{"timestamp":"2025-06-27T01:10:52,360","container":"7ee7b4549278","level":"INFO","thread":"EthScheduler-Workers-0","class":"PersistBlockTask","message":"Imported #38 / 0 tx / 0 om / 0 (0.0%) gas / (0xa26f3be570e09798f15e72828bf60fe30cf29785a03a12c9094000ff1269e944) in 0.004s. Peers: 2","throwable":""}
{"timestamp":"2025-06-27T01:11:00,354","container":"7ee7b4549278","level":"INFO","thread":"EthScheduler-Workers-0","class":"PersistBlockTask","message":"Imported #39 / 0 tx / 0 om / 0 (0.0%) gas / (0x8292037e5054a0a19b6cc0edc3cdb3093a3fb182a57cd0108cacd077b186773f) in 0.004s. Peers: 2","throwable":""}
{"timestamp":"2025-06-27T01:11:19,040","container":"7ee7b4549278","level":"INFO","thread":"EthScheduler-Workers-0","class":"PersistBlockTask","message":"Imported #40 / 0 tx / 0 om / 0 (0.0%) gas / (0x6ed8d1ced9ccf3d491623df5e42c4fe687effea56da4fabf61279c13bd619957) in 0.003s. Peers: 2","throwable":""}
{"timestamp":"2025-06-27T01:11:26,373","container":"7ee7b4549278","level":"INFO","thread":"EthScheduler-Workers-0","class":"PersistBlockTask","message":"Imported #41 / 0 tx / 0 om / 0 (0.0%) gas / (0x144bd7df7f89f02a02124016c5e98e0819cffc47949b78feac17243178297456) in 0.008s. Peers: 2","throwable":""}
{"timestamp":"2025-06-27T01:11:34,387","container":"7ee7b4549278","level":"INFO","thread":"EthScheduler-Workers-0","class":"PersistBlockTask","message":"Imported #42 / 0 tx / 0 om / 0 (0.0%) gas / (0xdda1c9ded7e2a4bd06cae5012b18204bb5e8d735e572442114712a2030e68d7f) in 0.008s. Peers: 2","throwable":""}
{"timestamp":"2025-06-27T01:11:53,045","container":"7ee7b4549278","level":"INFO","thread":"EthScheduler-Workers-0","class":"PersistBlockTask","message":"Imported #43 / 0 tx / 0 om / 0 (0.0%) gas / (0x1f332ff6ce6d52ede65690c69009ccde20c20fadaa312af3fea950c776623ec0) in 0.005s. Peers: 2","throwable":""}
{"timestamp":"2025-06-27T01:12:00,381","container":"7ee7b4549278","level":"INFO","thread":"EthScheduler-Workers-0","class":"PersistBlockTask","message":"Imported #44 / 0 tx / 0 om / 0 (0.0%) gas / (0xf563b0f3b5b269b454b8790906c561ad17a7b201ae362a94a42fad5c6bd5194b) in 0.006s. Peers: 2","throwable":""}
{"timestamp":"2025-06-27T01:12:08,380","container":"7ee7b4549278","level":"INFO","thread":"EthScheduler-Workers-0","class":"PersistBlockTask","message":"Imported #45 / 0 tx / 0 om / 0 (0.0%) gas / (0xcd45873cea55ed1df157a7b9992180ab9ace1a1115af37a8c8577feabdc9792f) in 0.003s. Peers: 2","throwable":""}
{"timestamp":"2025-06-27T01:12:27,049","container":"7ee7b4549278","level":"INFO","thread":"EthScheduler-Workers-0","class":"PersistBlockTask","message":"Imported #46 / 0 tx / 0 om / 0 (0.0%) gas / (0x1e30fa07ed81ba64b8fe9ed73c94ef0599d8de29c3ac28ac0fd17bd4064948b2) in 0.003s. Peers: 2","throwable":""}
{"timestamp":"2025-06-27T01:12:34,384","container":"7ee7b4549278","level":"INFO","thread":"EthScheduler-Workers-0","class":"PersistBlockTask","message":"Imported #47 / 0 tx / 0 om / 0 (0.0%) gas / (0xd8c52e00442e46d4efd215261d380115da305169612a9c750b8aa138c27ac321) in 0.001s. Peers: 2","throwable":""}
{"timestamp":"2025-06-27T01:12:42,410","container":"7ee7b4549278","level":"INFO","thread":"EthScheduler-Workers-0","class":"PersistBlockTask","message":"Imported #48 / 0 tx / 0 om / 0 (0.0%) gas / (0x545b56f1d62f05891e4ff5262fc19dbceb365c0fe32b540cdd18adac6b551c0d) in 0.004s. Peers: 2","throwable":""}
{"timestamp":"2025-06-27T01:13:04,238","container":"7ee7b4549278","level":"INFO","thread":"EthScheduler-Timer-0","class":"FullSyncTargetManager","message":"Unable to find sync target. Currently checking 0 peers for usefulness","throwable":""}
{"timestamp":"2025-06-27T01:13:09,240","container":"7ee7b4549278","level":"INFO","thread":"EthScheduler-Timer-0","class":"FullSyncTargetManager","message":"Unable to find sync target. Currently checking 0 peers for usefulness","throwable":""}
{"timestamp":"2025-06-27T01:13:14,245","container":"7ee7b4549278","level":"INFO","thread":"EthScheduler-Timer-0","class":"FullSyncTargetManager","message":"Unable to find sync target. Currently checking 0 peers for usefulness","throwable":""}
{"timestamp":"2025-06-27T01:13:19,254","container":"7ee7b4549278","level":"INFO","thread":"EthScheduler-Timer-0","class":"FullSyncTargetManager","message":"Unable to find sync target. Currently checking 0 peers for usefulness","throwable":""}
{"timestamp":"2025-06-27T01:13:24,255","container":"7ee7b4549278","level":"INFO","thread":"EthScheduler-Timer-0","class":"FullSyncTargetManager","message":"Unable to find sync target. Currently checking 0 peers for usefulness","throwable":""}
{"timestamp":"2025-06-27T01:13:29,257","container":"7ee7b4549278","level":"INFO","thread":"EthScheduler-Timer-0","class":"FullSyncTargetManager","message":"Unable to find sync target. Currently checking 0 peers for usefulness","throwable":""}
{"timestamp":"2025-06-27T01:13:34,258","container":"7ee7b4549278","level":"INFO","thread":"EthScheduler-Timer-0","class":"FullSyncTargetManager","message":"Unable to find sync target. Currently checking 0 peers for usefulness","throwable":""}
{"timestamp":"2025-06-27T01:13:39,260","container":"7ee7b4549278","level":"INFO","thread":"EthScheduler-Timer-0","class":"FullSyncTargetManager","message":"Unable to find sync target. Currently checking 0 peers for usefulness","throwable":""}
{"timestamp":"2025-06-27T01:13:44,263","container":"7ee7b4549278","level":"INFO","thread":"EthScheduler-Timer-0","class":"FullSyncTargetManager","message":"Unable to find sync target. Currently checking 0 peers for usefulness","throwable":""}
{"timestamp":"2025-06-27T01:13:49,265","container":"7ee7b4549278","level":"INFO","thread":"EthScheduler-Timer-0","class":"FullSyncTargetManager","message":"Unable to find sync target. Currently checking 0 peers for usefulness","throwable":""}
{"timestamp":"2025-06-27T01:13:54,269","container":"7ee7b4549278","level":"INFO","thread":"EthScheduler-Timer-0","class":"FullSyncTargetManager","message":"Unable to find sync target. Currently checking 0 peers for usefulness","throwable":""}
{"timestamp":"2025-06-27T01:13:59,271","container":"7ee7b4549278","level":"INFO","thread":"EthScheduler-Timer-0","class":"FullSyncTargetManager","message":"Unable to find sync target. Currently checking 0 peers for usefulness","throwable":""}
{"timestamp":"2025-06-27T01:14:04,278","container":"7ee7b4549278","level":"INFO","thread":"EthScheduler-Timer-0","class":"FullSyncTargetManager","message":"Unable to find sync target. Currently checking 0 peers for usefulness","throwable":""}
{"timestamp":"2025-06-27T01:14:09,281","container":"7ee7b4549278","level":"INFO","thread":"EthScheduler-Timer-0","class":"FullSyncTargetManager","message":"Unable to find sync target. Currently checking 0 peers for usefulness","throwable":""}
{"timestamp":"2025-06-27T01:14:14,286","container":"7ee7b4549278","level":"INFO","thread":"EthScheduler-Timer-0","class":"FullSyncTargetManager","message":"Unable to find sync target. Currently checking 0 peers for usefulness","throwable":""}
{"timestamp":"2025-06-27T01:14:19,288","container":"7ee7b4549278","level":"INFO","thread":"EthScheduler-Timer-0","class":"FullSyncTargetManager","message":"Unable to find sync target. Currently checking 0 peers for usefulness","throwable":""}
{"timestamp":"2025-06-27T01:14:24,291","container":"7ee7b4549278","level":"INFO","thread":"EthScheduler-Timer-0","class":"FullSyncTargetManager","message":"Unable to find sync target. Currently checking 0 peers for usefulness","throwable":""}
{"timestamp":"2025-06-27T01:14:29,304","container":"7ee7b4549278","level":"INFO","thread":"EthScheduler-Timer-0","class":"FullSyncTargetManager","message":"Unable to find sync target. Currently checking 0 peers for usefulness","throwable":""}
{"timestamp":"2025-06-27T01:14:34,305","container":"7ee7b4549278","level":"INFO","thread":"EthScheduler-Timer-0","class":"FullSyncTargetManager","message":"Unable to find sync target. Currently checking 0 peers for usefulness","throwable":""}
{"timestamp":"2025-06-27T01:14:35,569","container":"7ee7b4549278","level":"INFO","thread":"BftProcessorExecutor-QBFT-0","class":"BftProcessor","message":"Shutting down BFT event processor","throwable":""}
{"timestamp":"2025-06-27T01:14:35,571","container":"7ee7b4549278","level":"INFO","thread":"BesuCommand-Shutdown-Hook","class":"DefaultSynchronizer","message":"Stopping synchronizer","throwable":""}
{"timestamp":"2025-06-27T01:14:35,573","container":"7ee7b4549278","level":"INFO","thread":"BesuCommand-Shutdown-Hook","class":"NetworkRunner","message":"Stopping Network.","throwable":""}
{"timestamp":"2025-06-27T01:14:35,582","container":"7ee7b4549278","level":"INFO","thread":"BesuCommand-Shutdown-Hook","class":"EthProtocolManager","message":"Stopping eth Subprotocol.","throwable":""}
{"timestamp":"2025-06-27T01:14:35,582","container":"7ee7b4549278","level":"INFO","thread":"BesuCommand-Shutdown-Hook","class":"EthProtocolManager","message":"eth Subprotocol stopped.","throwable":""}
{"timestamp":"2025-06-27T01:14:35,583","container":"7ee7b4549278","level":"INFO","thread":"BesuCommand-Shutdown-Hook","class":"NetworkRunner","message":"Network stopped.","throwable":""}
{"timestamp":"2025-06-27T01:14:35,583","container":"7ee7b4549278","level":"INFO","thread":"BesuCommand-Shutdown-Hook","class":"AutoTransactionLogBloomCachingService","message":"Shutting down Auto transaction logs caching service.","throwable":""}
{"timestamp":"2025-06-27T01:14:35,583","container":"7ee7b4549278","level":"INFO","thread":"BesuCommand-Shutdown-Hook","class":"DockerNatManager","message":"Stopping docker NAT manager.","throwable":""}
