{"timestamp":"2025-06-27T01:03:38,254","container":"b82de62deda2","level":"INFO","thread":"main","class":"Besu","message":"Starting Besu","throwable":""}
{"timestamp":"2025-06-27T01:03:40,153","container":"b82de62deda2","level":"WARN","thread":"main","class":"Besu","message":"--min-gas-price has been ignored because --miner-enabled was not defined on the command line.","throwable":""}
{"timestamp":"2025-06-27T01:03:42,077","container":"b82de62deda2","level":"INFO","thread":"main","class":"Besu","message":"
####################################################################################################
#                                                                                                  #
# Besu version 23.4.1                                                                              #
#                                                                                                  #
# Configuration:                                                                                   #
# Network: Custom genesis file specified                                                           #
# Network Id: 1337                                                                                 #
# Data storage: Forest                                                                             #
# Sync mode: Full                                                                                  #
# RPC HTTP APIs: EEA,WEB3,ETH,NET,TRACE,DEBUG,ADMIN,TXPOOL,PRIV,PERM,QBFT                          #
# RPC HTTP port: 8545                                                                              #
#                                                                                                  #
# Host:                                                                                            #
# Java: openjdk-java-17                                                                            #
# Maximum heap size: 1.74 GB                                                                       #
# OS: linux-x86_64                                                                                 #
# glibc: 2.35                                                                                      #
# jemalloc: 5.2.1-0-gea6b3e973b477b8061e0076bb257dbd7f3faa756                                      #
# Total memory: 6.95 GB                                                                            #
# CPU cores: 4                                                                                     #
#                                                                                                  #
####################################################################################################","throwable":""}
{"timestamp":"2025-06-27T01:03:42,081","container":"b82de62deda2","level":"INFO","thread":"main","class":"Besu","message":"Connecting to 8 static nodes.","throwable":""}
{"timestamp":"2025-06-27T01:03:42,081","container":"b82de62deda2","level":"INFO","thread":"main","class":"Besu","message":"Security Module: localfile","throwable":""}
{"timestamp":"2025-06-27T01:03:42,332","container":"b82de62deda2","level":"INFO","thread":"main","class":"Besu","message":"Using the native implementation of alt bn128","throwable":""}
{"timestamp":"2025-06-27T01:03:42,549","container":"b82de62deda2","level":"INFO","thread":"main","class":"Besu","message":"Using the native implementation of modexp","throwable":""}
{"timestamp":"2025-06-27T01:03:42,550","container":"b82de62deda2","level":"INFO","thread":"main","class":"Besu","message":"Using the native implementation of the signature algorithm","throwable":""}
{"timestamp":"2025-06-27T01:03:42,555","container":"b82de62deda2","level":"INFO","thread":"main","class":"Besu","message":"Using the native implementation of the blake2bf algorithm","throwable":""}
{"timestamp":"2025-06-27T01:03:42,652","container":"b82de62deda2","level":"INFO","thread":"main","class":"RocksDBKeyValueStorageFactory","message":"No existing database detected at /opt/besu/data. Using version 1","throwable":""}
{"timestamp":"2025-06-27T01:03:45,543","container":"b82de62deda2","level":"INFO","thread":"main","class":"KeyPairUtil","message":"Loaded public key 0x98496800174b3c73ae33cba59f8f5e686cd488f7897c2edb52e2cf46383d75cd03dbb58dde07185bc0953f98800ca9a89f4b5ef450c5e51292ea08ec6130ee0c from /opt/besu/keys/nodekey","throwable":""}
{"timestamp":"2025-06-27T01:03:45,561","container":"b82de62deda2","level":"WARN","thread":"main","class":"Besu","message":"Privacy is disabled. Cannot use EEA/PRIV API methods when not using Privacy.","throwable":""}
{"timestamp":"2025-06-27T01:03:46,025","container":"b82de62deda2","level":"INFO","thread":"main","class":"ProtocolScheduleBuilder","message":"Protocol schedule created with milestones: [GrayGlacier: 0]","throwable":""}
{"timestamp":"2025-06-27T01:03:46,496","container":"b82de62deda2","level":"INFO","thread":"main","class":"TransactionPoolFactory","message":"Enabling transaction pool","throwable":""}
{"timestamp":"2025-06-27T01:03:46,538","container":"b82de62deda2","level":"INFO","thread":"main","class":"BesuControllerBuilder","message":"TTD difficulty is not present, creating initial sync phase for PoW","throwable":""}
{"timestamp":"2025-06-27T01:03:46,650","container":"b82de62deda2","level":"INFO","thread":"main","class":"RunnerBuilder","message":"Detecting NAT service.","throwable":""}
{"timestamp":"2025-06-27T01:03:48,012","container":"b82de62deda2","level":"INFO","thread":"main","class":"Runner","message":"Starting external services ... ","throwable":""}
{"timestamp":"2025-06-27T01:03:48,013","container":"b82de62deda2","level":"INFO","thread":"main","class":"MetricsHttpService","message":"Starting metrics http service on 0.0.0.0:9545","throwable":""}
{"timestamp":"2025-06-27T01:03:48,176","container":"b82de62deda2","level":"INFO","thread":"vert.x-eventloop-thread-1","class":"MetricsHttpService","message":"Metrics service started and listening on 0.0.0.0:9545","throwable":""}
{"timestamp":"2025-06-27T01:03:48,176","container":"b82de62deda2","level":"INFO","thread":"main","class":"JsonRpcHttpService","message":"Starting JSON-RPC service on 0.0.0.0:8545","throwable":""}
{"timestamp":"2025-06-27T01:03:48,203","container":"b82de62deda2","level":"INFO","thread":"vert.x-eventloop-thread-1","class":"JsonRpcHttpService","message":"JSON-RPC service started and listening on 0.0.0.0:8545","throwable":""}
{"timestamp":"2025-06-27T01:03:48,211","container":"b82de62deda2","level":"INFO","thread":"main","class":"GraphQLHttpService","message":"Starting GraphQL HTTP service on 0.0.0.0:8547","throwable":""}
{"timestamp":"2025-06-27T01:03:48,224","container":"b82de62deda2","level":"INFO","thread":"vert.x-eventloop-thread-1","class":"GraphQLHttpService","message":"GraphQL HTTP service started and listening on 0.0.0.0:8547","throwable":""}
{"timestamp":"2025-06-27T01:03:48,224","container":"b82de62deda2","level":"INFO","thread":"main","class":"WebSocketService","message":"Starting Websocket service on 0.0.0.0:8546","throwable":""}
{"timestamp":"2025-06-27T01:03:48,229","container":"b82de62deda2","level":"INFO","thread":"vert.x-eventloop-thread-1","class":"WebSocketService","message":"Websocket service started and listening on 0.0.0.0:8546","throwable":""}
{"timestamp":"2025-06-27T01:03:48,232","container":"b82de62deda2","level":"INFO","thread":"main","class":"AutoTransactionLogBloomCachingService","message":"Starting auto transaction log bloom caching service.","throwable":""}
{"timestamp":"2025-06-27T01:03:48,238","container":"b82de62deda2","level":"INFO","thread":"main","class":"LogBloomCacheMetadata","message":"Lookup cache metadata file in data directory: /opt/besu/data/caches","throwable":""}
{"timestamp":"2025-06-27T01:03:48,283","container":"b82de62deda2","level":"INFO","thread":"main","class":"Runner","message":"Starting Ethereum main loop ... ","throwable":""}
{"timestamp":"2025-06-27T01:03:48,296","container":"b82de62deda2","level":"INFO","thread":"main","class":"DockerNatManager","message":"Starting docker NAT manager.","throwable":""}
{"timestamp":"2025-06-27T01:03:48,314","container":"b82de62deda2","level":"INFO","thread":"main","class":"NetworkRunner","message":"Starting Network.","throwable":""}
{"timestamp":"2025-06-27T01:03:48,365","container":"b82de62deda2","level":"INFO","thread":"nioEventLoopGroup-2-1","class":"RlpxAgent","message":"P2P RLPx agent started and listening on /0.0.0.0:30303.","throwable":""}
{"timestamp":"2025-06-27T01:03:48,371","container":"b82de62deda2","level":"INFO","thread":"main","class":"PeerDiscoveryAgent","message":"Starting peer discovery agent on host=0.0.0.0, port=30303","throwable":""}
{"timestamp":"2025-06-27T01:03:48,417","container":"b82de62deda2","level":"INFO","thread":"vert.x-eventloop-thread-1","class":"VertxPeerDiscoveryAgent","message":"Started peer discovery agent successfully, on effective host=0.0.0.0 and port=30303","throwable":""}
{"timestamp":"2025-06-27T01:03:48,421","container":"b82de62deda2","level":"INFO","thread":"main","class":"PeerDiscoveryAgent","message":"P2P peer discovery agent started and listening on /0.0.0.0:30303","throwable":""}
{"timestamp":"2025-06-27T01:03:48,483","container":"b82de62deda2","level":"INFO","thread":"main","class":"PeerDiscoveryAgent","message":"Writing node record to disk. NodeRecord{seq=1, publicKey=0x0298496800174b3c73ae33cba59f8f5e686cd488f7897c2edb52e2cf46383d75cd, udpAddress=Optional[/10.26.107.75:30303], tcpAddress=Optional[/10.26.107.75:30303], asBase64=-Je4QNa3v2KBVIX9UBDLEnZIHJMTH57s1MATOpINs_ZeOS5HH1aof4E2AfcfKcpKwUy8NeVHT4CPqZ7gjNoEjO7ugY0Bg2V0aMfGhGpSrW2AgmlkgnY0gmlwhAoaa0uJc2VjcDI1NmsxoQKYSWgAF0s8c64zy6Wfj15obNSI94l8LttS4s9GOD11zYN0Y3CCdl-DdWRwgnZf, nodeId=0xa1f75939c4a4d5c1c5241a1913a52aab892e1322e8b52506276363d4754c122e, customFields={tcp=30303, udp=30303, ip=0x0a1a6b4b, eth=[[0x6a52ad6d, 0x]], id=V4, secp256k1=0x0298496800174b3c73ae33cba59f8f5e686cd488f7897c2edb52e2cf46383d75cd}}","throwable":""}
{"timestamp":"2025-06-27T01:03:48,572","container":"b82de62deda2","level":"INFO","thread":"main","class":"DefaultP2PNetwork","message":"Enode URL enode://98496800174b3c73ae33cba59f8f5e686cd488f7897c2edb52e2cf46383d75cd03dbb58dde07185bc0953f98800ca9a89f4b5ef450c5e51292ea08ec6130ee0c@10.26.107.75:30303","throwable":""}
{"timestamp":"2025-06-27T01:03:48,573","container":"b82de62deda2","level":"INFO","thread":"main","class":"DefaultP2PNetwork","message":"Node address 0x13a52aab892e1322e8b52506276363d4754c122e","throwable":""}
{"timestamp":"2025-06-27T01:03:48,720","container":"b82de62deda2","level":"INFO","thread":"main","class":"NetworkRunner","message":"Supported capabilities: [eth/62, eth/63, eth/64, eth/65, eth/66, eth/67, eth/68], [istanbul/100], [snap/1]","throwable":""}
{"timestamp":"2025-06-27T01:03:48,725","container":"b82de62deda2","level":"INFO","thread":"main","class":"DefaultSynchronizer","message":"Starting synchronizer.","throwable":""}
{"timestamp":"2025-06-27T01:03:48,727","container":"b82de62deda2","level":"INFO","thread":"main","class":"TransactionPoolFactory","message":"Enabling transaction handling following initial sync","throwable":""}
{"timestamp":"2025-06-27T01:03:48,728","container":"b82de62deda2","level":"INFO","thread":"main","class":"FullSyncDownloader","message":"Starting full sync.","throwable":""}
{"timestamp":"2025-06-27T01:03:48,733","container":"b82de62deda2","level":"INFO","thread":"main","class":"FullSyncTargetManager","message":"Unable to find sync target. Currently checking 0 peers for usefulness","throwable":""}
{"timestamp":"2025-06-27T01:03:48,915","container":"b82de62deda2","level":"INFO","thread":"main","class":"Runner","message":"Ethereum main loop is up.","throwable":""}
{"timestamp":"2025-06-27T01:03:49,182","container":"b82de62deda2","level":"INFO","thread":"nioEventLoopGroup-3-1","class":"FullSyncTargetManager","message":"Unable to find sync target. Currently checking 2 peers for usefulness","throwable":""}
{"timestamp":"2025-06-27T01:03:54,186","container":"b82de62deda2","level":"INFO","thread":"EthScheduler-Timer-0","class":"FullSyncTargetManager","message":"Unable to find sync target. Currently checking 2 peers for usefulness","throwable":""}
{"timestamp":"2025-06-27T01:03:57,243","container":"b82de62deda2","level":"INFO","thread":"EthScheduler-Workers-0","class":"PersistBlockTask","message":"Imported #1 / 0 tx / 0 om / 0 (0.0%) gas / (0x4435e3510828c4c694986b678ce8a12b322e5af97e9bed2a54fa0320940c4a8b) in 0.022s. Peers: 2","throwable":""}
{"timestamp":"2025-06-27T01:03:59,188","container":"b82de62deda2","level":"INFO","thread":"EthScheduler-Timer-0","class":"FullSyncTargetManager","message":"Unable to find sync target. Currently checking 2 peers for usefulness","throwable":""}
{"timestamp":"2025-06-27T01:04:04,206","container":"b82de62deda2","level":"INFO","thread":"EthScheduler-Workers-0","class":"PersistBlockTask","message":"Imported #2 / 0 tx / 0 om / 0 (0.0%) gas / (0x520d3e406f76e9c9b5e16b5d049a39c4ad5e4b5ceb45b489fd71cd5c2c7bff1f) in 0.007s. Peers: 2","throwable":""}
{"timestamp":"2025-06-27T01:04:12,193","container":"b82de62deda2","level":"INFO","thread":"EthScheduler-Workers-0","class":"PersistBlockTask","message":"Imported #3 / 0 tx / 0 om / 0 (0.0%) gas / (0x9b079d2a4ac78081f68481b83e57c65cd543b1f8a744d44b7e016d1a475ff5af) in 0.006s. Peers: 2","throwable":""}
{"timestamp":"2025-06-27T01:04:31,083","container":"b82de62deda2","level":"INFO","thread":"EthScheduler-Workers-0","class":"PersistBlockTask","message":"Imported #4 / 0 tx / 0 om / 0 (0.0%) gas / (0x734ba21025566567ce86462def0ebadffc8b5faf639e68ce5402da490e55ba8e) in 0.004s. Peers: 2","throwable":""}
{"timestamp":"2025-06-27T01:04:38,193","container":"b82de62deda2","level":"INFO","thread":"EthScheduler-Workers-0","class":"PersistBlockTask","message":"Imported #5 / 0 tx / 0 om / 0 (0.0%) gas / (0xaf446dc9116b6e1147c6e6d3f795a38e5f00dae4a7527a82920e63909746c9b5) in 0.007s. Peers: 2","throwable":""}
{"timestamp":"2025-06-27T01:04:46,168","container":"b82de62deda2","level":"INFO","thread":"EthScheduler-Workers-0","class":"PersistBlockTask","message":"Imported #6 / 0 tx / 0 om / 0 (0.0%) gas / (0xf6cfe1b99f5234e7a02aa1d23e933a415479dc1a35c9ac95f6e25d551e0b3351) in 0.006s. Peers: 2","throwable":""}
{"timestamp":"2025-06-27T01:05:05,083","container":"b82de62deda2","level":"INFO","thread":"EthScheduler-Workers-0","class":"PersistBlockTask","message":"Imported #7 / 0 tx / 0 om / 0 (0.0%) gas / (0xbc258de00be008123b9c596341d5c2a1bfe10feb5c8fafde5dcaadc81b442cb9) in 0.007s. Peers: 2","throwable":""}
{"timestamp":"2025-06-27T01:05:12,209","container":"b82de62deda2","level":"INFO","thread":"EthScheduler-Workers-0","class":"PersistBlockTask","message":"Imported #8 / 0 tx / 0 om / 0 (0.0%) gas / (0xec7e2a2031b2d6597886bbf03d9f3d6c8eb3927fc9c563d0c2905449f4a9c164) in 0.010s. Peers: 2","throwable":""}
{"timestamp":"2025-06-27T01:05:20,211","container":"b82de62deda2","level":"INFO","thread":"EthScheduler-Workers-0","class":"PersistBlockTask","message":"Imported #9 / 0 tx / 0 om / 0 (0.0%) gas / (0x3d6e5032a0fe1b47a0e67dcba64291d268e89fc7c56e9190a5d984ca4e6a6d5e) in 0.007s. Peers: 2","throwable":""}
{"timestamp":"2025-06-27T01:05:39,067","container":"b82de62deda2","level":"INFO","thread":"EthScheduler-Workers-0","class":"PersistBlockTask","message":"Imported #10 / 0 tx / 0 om / 0 (0.0%) gas / (0xaa156767d3f1c212183c905b20b4db36617eab6ac38441787b062963446064a3) in 0.005s. Peers: 2","throwable":""}
{"timestamp":"2025-06-27T01:05:46,213","container":"b82de62deda2","level":"INFO","thread":"EthScheduler-Workers-0","class":"PersistBlockTask","message":"Imported #11 / 0 tx / 0 om / 0 (0.0%) gas / (0x9a499f8193735fdd3e919891818c55648ead6658eb88ab6f4ba7de36f4e8b30f) in 0.005s. Peers: 2","throwable":""}
{"timestamp":"2025-06-27T01:05:54,220","container":"b82de62deda2","level":"INFO","thread":"EthScheduler-Workers-0","class":"PersistBlockTask","message":"Imported #12 / 0 tx / 0 om / 0 (0.0%) gas / (0x5de656cc1d76d4f323bfd121e5bf4373526789db9c31ff63274f7627d10c69a7) in 0.004s. Peers: 2","throwable":""}
{"timestamp":"2025-06-27T01:06:13,128","container":"b82de62deda2","level":"INFO","thread":"EthScheduler-Workers-0","class":"PersistBlockTask","message":"Imported #13 / 0 tx / 0 om / 0 (0.0%) gas / (0xe14c9dbce323a206d40f0a7f12159451c1b21ae59f464c0b8d72fe3e03513fce) in 0.035s. Peers: 2","throwable":""}
{"timestamp":"2025-06-27T01:06:20,217","container":"b82de62deda2","level":"INFO","thread":"EthScheduler-Workers-0","class":"PersistBlockTask","message":"Imported #14 / 0 tx / 0 om / 0 (0.0%) gas / (0x2194e38a1f03348131ff5ee27432044036b9eda618d8575b5c2e6bab72afb146) in 0.004s. Peers: 2","throwable":""}
{"timestamp":"2025-06-27T01:06:28,221","container":"b82de62deda2","level":"INFO","thread":"EthScheduler-Workers-0","class":"PersistBlockTask","message":"Imported #15 / 0 tx / 0 om / 0 (0.0%) gas / (0x298e0c029ec6932fbeaaf92b388451efc5079e31b8831d4148845169d68a768c) in 0.003s. Peers: 2","throwable":""}
{"timestamp":"2025-06-27T01:06:47,068","container":"b82de62deda2","level":"INFO","thread":"EthScheduler-Workers-0","class":"PersistBlockTask","message":"Imported #16 / 0 tx / 0 om / 0 (0.0%) gas / (0x724dbf124991dc439b608d7a666cff2ea574e18f8d24a87cd19efe1cc4aa16e7) in 0.016s. Peers: 2","throwable":""}
{"timestamp":"2025-06-27T01:06:54,217","container":"b82de62deda2","level":"INFO","thread":"EthScheduler-Workers-0","class":"PersistBlockTask","message":"Imported #17 / 0 tx / 0 om / 0 (0.0%) gas / (0xcca7bfce5a729185a67cfc3b3af686be8ebe19ca73c81bb5e527ace979eb0d30) in 0.002s. Peers: 2","throwable":""}
{"timestamp":"2025-06-27T01:07:02,234","container":"b82de62deda2","level":"INFO","thread":"EthScheduler-Workers-0","class":"PersistBlockTask","message":"Imported #18 / 0 tx / 0 om / 0 (0.0%) gas / (0x80f410fea4ce416d367ab6678770b34c44133aed214d8ad0e5af7b019e4540f7) in 0.004s. Peers: 2","throwable":""}
{"timestamp":"2025-06-27T01:07:21,034","container":"b82de62deda2","level":"INFO","thread":"EthScheduler-Workers-0","class":"PersistBlockTask","message":"Imported #19 / 0 tx / 0 om / 0 (0.0%) gas / (0xa3459bf79634f91f58e3f81cfcdbbf037a09a2dbba0bbc2067fe1e9851c7a642) in 0.003s. Peers: 2","throwable":""}
{"timestamp":"2025-06-27T01:07:28,271","container":"b82de62deda2","level":"INFO","thread":"EthScheduler-Workers-0","class":"PersistBlockTask","message":"Imported #20 / 0 tx / 0 om / 0 (0.0%) gas / (0x088e6f1c9d8599929842845d83201a23b5d403941cb0a944589661e92947c0c9) in 0.008s. Peers: 2","throwable":""}
{"timestamp":"2025-06-27T01:07:36,263","container":"b82de62deda2","level":"INFO","thread":"EthScheduler-Workers-0","class":"PersistBlockTask","message":"Imported #21 / 0 tx / 0 om / 0 (0.0%) gas / (0x2380602a4a3c58234b06671bd0e94ca3e9372bf30d15a4978f23eac2a8bfd02a) in 0.006s. Peers: 2","throwable":""}
{"timestamp":"2025-06-27T01:07:55,054","container":"b82de62deda2","level":"INFO","thread":"EthScheduler-Workers-0","class":"PersistBlockTask","message":"Imported #22 / 0 tx / 0 om / 0 (0.0%) gas / (0xad5827dbebe5ea99fd620a770d74ed5b7d7f8971337b57bff92654f87f2ded6f) in 0.004s. Peers: 2","throwable":""}
{"timestamp":"2025-06-27T01:08:02,252","container":"b82de62deda2","level":"INFO","thread":"EthScheduler-Workers-0","class":"PersistBlockTask","message":"Imported #23 / 0 tx / 0 om / 0 (0.0%) gas / (0xe52d5349067109414bdf87af00354dc956b5e6dd86c84f56a01d965bd97ddbcb) in 0.003s. Peers: 2","throwable":""}
{"timestamp":"2025-06-27T01:08:10,295","container":"b82de62deda2","level":"INFO","thread":"EthScheduler-Workers-0","class":"PersistBlockTask","message":"Imported #24 / 0 tx / 0 om / 0 (0.0%) gas / (0x663acc110aa88d431886c56851bbe0acb6be546ad819e6450098a8f020002cc4) in 0.027s. Peers: 2","throwable":""}
{"timestamp":"2025-06-27T01:08:29,060","container":"b82de62deda2","level":"INFO","thread":"EthScheduler-Workers-0","class":"PersistBlockTask","message":"Imported #25 / 0 tx / 0 om / 0 (0.0%) gas / (0xb0f6b14afa9adc2012d00d8e88dec612943128b93650e216de8f52c9f3796d66) in 0.008s. Peers: 2","throwable":""}
{"timestamp":"2025-06-27T01:08:36,296","container":"b82de62deda2","level":"INFO","thread":"EthScheduler-Workers-0","class":"PersistBlockTask","message":"Imported #26 / 0 tx / 0 om / 0 (0.0%) gas / (0x634365c8569b439120fbf75ab6191c1819635ca354dda4d3ae2838c8bced148c) in 0.010s. Peers: 2","throwable":""}
{"timestamp":"2025-06-27T01:08:44,291","container":"b82de62deda2","level":"INFO","thread":"EthScheduler-Workers-0","class":"PersistBlockTask","message":"Imported #27 / 0 tx / 0 om / 0 (0.0%) gas / (0xb18c7d5aa86597c02defe144ad03610ac52e667ffe1c21e46de3009f66f555ce) in 0.004s. Peers: 2","throwable":""}
{"timestamp":"2025-06-27T01:09:03,048","container":"b82de62deda2","level":"INFO","thread":"EthScheduler-Workers-0","class":"PersistBlockTask","message":"Imported #28 / 0 tx / 0 om / 0 (0.0%) gas / (0x2a01cc4fefb1d0ad7af89d2a70bd812eb61be847b91a1dbc4790049dda31c471) in 0.003s. Peers: 2","throwable":""}
{"timestamp":"2025-06-27T01:09:10,305","container":"b82de62deda2","level":"INFO","thread":"EthScheduler-Workers-0","class":"PersistBlockTask","message":"Imported #29 / 0 tx / 0 om / 0 (0.0%) gas / (0x1073ec1a88d54562eb4100dab050d7e13cf87f76b9aedcc6e4e9436f669e35bb) in 0.006s. Peers: 2","throwable":""}
{"timestamp":"2025-06-27T01:09:18,310","container":"b82de62deda2","level":"INFO","thread":"EthScheduler-Workers-0","class":"PersistBlockTask","message":"Imported #30 / 0 tx / 0 om / 0 (0.0%) gas / (0x19230636c341d464a34de9b9b8e195816e2351c595811f426dc28b6d2e1e5b47) in 0.009s. Peers: 2","throwable":""}
{"timestamp":"2025-06-27T01:09:37,056","container":"b82de62deda2","level":"INFO","thread":"EthScheduler-Workers-0","class":"PersistBlockTask","message":"Imported #31 / 0 tx / 0 om / 0 (0.0%) gas / (0x9c45130ccf75fe17a5f2cf0c984af8d969c0973868456f2897b4d4f245f75073) in 0.004s. Peers: 2","throwable":""}
{"timestamp":"2025-06-27T01:09:44,329","container":"b82de62deda2","level":"INFO","thread":"EthScheduler-Workers-0","class":"PersistBlockTask","message":"Imported #32 / 0 tx / 0 om / 0 (0.0%) gas / (0x9c850b1624531a240dec581875afb32d6d5e91ae1db4bebe2365928793af21bc) in 0.006s. Peers: 2","throwable":""}
{"timestamp":"2025-06-27T01:09:52,329","container":"b82de62deda2","level":"INFO","thread":"EthScheduler-Workers-0","class":"PersistBlockTask","message":"Imported #33 / 0 tx / 0 om / 0 (0.0%) gas / (0x3e324f525feb0c713ce1adbeb01c76cc25f8b9f42edc5e00a94afdaa6bb96752) in 0.003s. Peers: 2","throwable":""}
{"timestamp":"2025-06-27T01:10:11,053","container":"b82de62deda2","level":"INFO","thread":"EthScheduler-Workers-0","class":"PersistBlockTask","message":"Imported #34 / 0 tx / 0 om / 0 (0.0%) gas / (0xa4e9412578e44dbe469bffb42304dccf51726f3997c65e04f28fef5acc7dfbb6) in 0.004s. Peers: 2","throwable":""}
{"timestamp":"2025-06-27T01:10:18,343","container":"b82de62deda2","level":"INFO","thread":"EthScheduler-Workers-0","class":"PersistBlockTask","message":"Imported #35 / 0 tx / 0 om / 0 (0.0%) gas / (0xf743c82b3aa7fbd9231b8a3aee93438cd62175677c5075f508d8032347ef569f) in 0.004s. Peers: 2","throwable":""}
{"timestamp":"2025-06-27T01:10:26,339","container":"b82de62deda2","level":"INFO","thread":"EthScheduler-Workers-0","class":"PersistBlockTask","message":"Imported #36 / 0 tx / 0 om / 0 (0.0%) gas / (0xbcb52f195ff549e980303ab58a70d2df56cf4427a385b1058a277a624d94c496) in 0.003s. Peers: 2","throwable":""}
{"timestamp":"2025-06-27T01:10:45,052","container":"b82de62deda2","level":"INFO","thread":"EthScheduler-Workers-0","class":"PersistBlockTask","message":"Imported #37 / 0 tx / 0 om / 0 (0.0%) gas / (0xf3154642272778e277848269f714df6b7229c4d2a02e409b1a87ea81f8ee78b9) in 0.003s. Peers: 2","throwable":""}
{"timestamp":"2025-06-27T01:10:52,354","container":"b82de62deda2","level":"INFO","thread":"EthScheduler-Workers-0","class":"PersistBlockTask","message":"Imported #38 / 0 tx / 0 om / 0 (0.0%) gas / (0xa26f3be570e09798f15e72828bf60fe30cf29785a03a12c9094000ff1269e944) in 0.004s. Peers: 2","throwable":""}
{"timestamp":"2025-06-27T01:11:00,353","container":"b82de62deda2","level":"INFO","thread":"EthScheduler-Workers-0","class":"PersistBlockTask","message":"Imported #39 / 0 tx / 0 om / 0 (0.0%) gas / (0x8292037e5054a0a19b6cc0edc3cdb3093a3fb182a57cd0108cacd077b186773f) in 0.003s. Peers: 2","throwable":""}
{"timestamp":"2025-06-27T01:11:19,044","container":"b82de62deda2","level":"INFO","thread":"EthScheduler-Workers-0","class":"PersistBlockTask","message":"Imported #40 / 0 tx / 0 om / 0 (0.0%) gas / (0x6ed8d1ced9ccf3d491623df5e42c4fe687effea56da4fabf61279c13bd619957) in 0.005s. Peers: 2","throwable":""}
{"timestamp":"2025-06-27T01:11:26,363","container":"b82de62deda2","level":"INFO","thread":"EthScheduler-Workers-0","class":"PersistBlockTask","message":"Imported #41 / 0 tx / 0 om / 0 (0.0%) gas / (0x144bd7df7f89f02a02124016c5e98e0819cffc47949b78feac17243178297456) in 0.003s. Peers: 2","throwable":""}
{"timestamp":"2025-06-27T01:11:34,375","container":"b82de62deda2","level":"INFO","thread":"EthScheduler-Workers-0","class":"PersistBlockTask","message":"Imported #42 / 0 tx / 0 om / 0 (0.0%) gas / (0xdda1c9ded7e2a4bd06cae5012b18204bb5e8d735e572442114712a2030e68d7f) in 0.003s. Peers: 2","throwable":""}
{"timestamp":"2025-06-27T01:11:53,053","container":"b82de62deda2","level":"INFO","thread":"EthScheduler-Workers-0","class":"PersistBlockTask","message":"Imported #43 / 0 tx / 0 om / 0 (0.0%) gas / (0x1f332ff6ce6d52ede65690c69009ccde20c20fadaa312af3fea950c776623ec0) in 0.007s. Peers: 2","throwable":""}
{"timestamp":"2025-06-27T01:12:00,395","container":"b82de62deda2","level":"INFO","thread":"EthScheduler-Workers-0","class":"PersistBlockTask","message":"Imported #44 / 0 tx / 0 om / 0 (0.0%) gas / (0xf563b0f3b5b269b454b8790906c561ad17a7b201ae362a94a42fad5c6bd5194b) in 0.007s. Peers: 2","throwable":""}
{"timestamp":"2025-06-27T01:12:08,384","container":"b82de62deda2","level":"INFO","thread":"EthScheduler-Workers-0","class":"PersistBlockTask","message":"Imported #45 / 0 tx / 0 om / 0 (0.0%) gas / (0xcd45873cea55ed1df157a7b9992180ab9ace1a1115af37a8c8577feabdc9792f) in 0.004s. Peers: 2","throwable":""}
{"timestamp":"2025-06-27T01:12:27,052","container":"b82de62deda2","level":"INFO","thread":"EthScheduler-Workers-0","class":"PersistBlockTask","message":"Imported #46 / 0 tx / 0 om / 0 (0.0%) gas / (0x1e30fa07ed81ba64b8fe9ed73c94ef0599d8de29c3ac28ac0fd17bd4064948b2) in 0.005s. Peers: 2","throwable":""}
{"timestamp":"2025-06-27T01:12:34,386","container":"b82de62deda2","level":"INFO","thread":"EthScheduler-Workers-0","class":"PersistBlockTask","message":"Imported #47 / 0 tx / 0 om / 0 (0.0%) gas / (0xd8c52e00442e46d4efd215261d380115da305169612a9c750b8aa138c27ac321) in 0.005s. Peers: 2","throwable":""}
{"timestamp":"2025-06-27T01:12:42,418","container":"b82de62deda2","level":"INFO","thread":"EthScheduler-Workers-0","class":"PersistBlockTask","message":"Imported #48 / 0 tx / 0 om / 0 (0.0%) gas / (0x545b56f1d62f05891e4ff5262fc19dbceb365c0fe32b540cdd18adac6b551c0d) in 0.005s. Peers: 2","throwable":""}
{"timestamp":"2025-06-27T01:12:59,742","container":"b82de62deda2","level":"INFO","thread":"EthScheduler-Timer-0","class":"FullSyncTargetManager","message":"Unable to find sync target. Currently checking 0 peers for usefulness","throwable":""}
{"timestamp":"2025-06-27T01:13:04,744","container":"b82de62deda2","level":"INFO","thread":"EthScheduler-Timer-0","class":"FullSyncTargetManager","message":"Unable to find sync target. Currently checking 0 peers for usefulness","throwable":""}
{"timestamp":"2025-06-27T01:13:09,746","container":"b82de62deda2","level":"INFO","thread":"EthScheduler-Timer-0","class":"FullSyncTargetManager","message":"Unable to find sync target. Currently checking 0 peers for usefulness","throwable":""}
{"timestamp":"2025-06-27T01:13:14,751","container":"b82de62deda2","level":"INFO","thread":"EthScheduler-Timer-0","class":"FullSyncTargetManager","message":"Unable to find sync target. Currently checking 0 peers for usefulness","throwable":""}
{"timestamp":"2025-06-27T01:13:19,753","container":"b82de62deda2","level":"INFO","thread":"EthScheduler-Timer-0","class":"FullSyncTargetManager","message":"Unable to find sync target. Currently checking 0 peers for usefulness","throwable":""}
{"timestamp":"2025-06-27T01:13:24,755","container":"b82de62deda2","level":"INFO","thread":"EthScheduler-Timer-0","class":"FullSyncTargetManager","message":"Unable to find sync target. Currently checking 0 peers for usefulness","throwable":""}
{"timestamp":"2025-06-27T01:13:29,758","container":"b82de62deda2","level":"INFO","thread":"EthScheduler-Timer-0","class":"FullSyncTargetManager","message":"Unable to find sync target. Currently checking 0 peers for usefulness","throwable":""}
{"timestamp":"2025-06-27T01:13:34,761","container":"b82de62deda2","level":"INFO","thread":"EthScheduler-Timer-0","class":"FullSyncTargetManager","message":"Unable to find sync target. Currently checking 0 peers for usefulness","throwable":""}
{"timestamp":"2025-06-27T01:13:39,763","container":"b82de62deda2","level":"INFO","thread":"EthScheduler-Timer-0","class":"FullSyncTargetManager","message":"Unable to find sync target. Currently checking 0 peers for usefulness","throwable":""}
{"timestamp":"2025-06-27T01:13:44,765","container":"b82de62deda2","level":"INFO","thread":"EthScheduler-Timer-0","class":"FullSyncTargetManager","message":"Unable to find sync target. Currently checking 0 peers for usefulness","throwable":""}
{"timestamp":"2025-06-27T01:13:49,766","container":"b82de62deda2","level":"INFO","thread":"EthScheduler-Timer-0","class":"FullSyncTargetManager","message":"Unable to find sync target. Currently checking 0 peers for usefulness","throwable":""}
{"timestamp":"2025-06-27T01:13:54,767","container":"b82de62deda2","level":"INFO","thread":"EthScheduler-Timer-0","class":"FullSyncTargetManager","message":"Unable to find sync target. Currently checking 0 peers for usefulness","throwable":""}
{"timestamp":"2025-06-27T01:13:59,769","container":"b82de62deda2","level":"INFO","thread":"EthScheduler-Timer-0","class":"FullSyncTargetManager","message":"Unable to find sync target. Currently checking 0 peers for usefulness","throwable":""}
{"timestamp":"2025-06-27T01:14:04,771","container":"b82de62deda2","level":"INFO","thread":"EthScheduler-Timer-0","class":"FullSyncTargetManager","message":"Unable to find sync target. Currently checking 0 peers for usefulness","throwable":""}
{"timestamp":"2025-06-27T01:14:09,774","container":"b82de62deda2","level":"INFO","thread":"EthScheduler-Timer-0","class":"FullSyncTargetManager","message":"Unable to find sync target. Currently checking 0 peers for usefulness","throwable":""}
{"timestamp":"2025-06-27T01:14:14,776","container":"b82de62deda2","level":"INFO","thread":"EthScheduler-Timer-0","class":"FullSyncTargetManager","message":"Unable to find sync target. Currently checking 0 peers for usefulness","throwable":""}
{"timestamp":"2025-06-27T01:14:19,778","container":"b82de62deda2","level":"INFO","thread":"EthScheduler-Timer-0","class":"FullSyncTargetManager","message":"Unable to find sync target. Currently checking 0 peers for usefulness","throwable":""}
{"timestamp":"2025-06-27T01:14:24,780","container":"b82de62deda2","level":"INFO","thread":"EthScheduler-Timer-0","class":"FullSyncTargetManager","message":"Unable to find sync target. Currently checking 0 peers for usefulness","throwable":""}
{"timestamp":"2025-06-27T01:14:29,784","container":"b82de62deda2","level":"INFO","thread":"EthScheduler-Timer-0","class":"FullSyncTargetManager","message":"Unable to find sync target. Currently checking 0 peers for usefulness","throwable":""}
{"timestamp":"2025-06-27T01:14:34,623","container":"b82de62deda2","level":"INFO","thread":"BftProcessorExecutor-QBFT-0","class":"BftProcessor","message":"Shutting down BFT event processor","throwable":""}
{"timestamp":"2025-06-27T01:14:34,627","container":"b82de62deda2","level":"INFO","thread":"BesuCommand-Shutdown-Hook","class":"DefaultSynchronizer","message":"Stopping synchronizer","throwable":""}
{"timestamp":"2025-06-27T01:14:34,629","container":"b82de62deda2","level":"INFO","thread":"BesuCommand-Shutdown-Hook","class":"NetworkRunner","message":"Stopping Network.","throwable":""}
{"timestamp":"2025-06-27T01:14:34,645","container":"b82de62deda2","level":"INFO","thread":"BesuCommand-Shutdown-Hook","class":"EthProtocolManager","message":"Stopping eth Subprotocol.","throwable":""}
{"timestamp":"2025-06-27T01:14:34,648","container":"b82de62deda2","level":"INFO","thread":"BesuCommand-Shutdown-Hook","class":"EthProtocolManager","message":"eth Subprotocol stopped.","throwable":""}
{"timestamp":"2025-06-27T01:14:34,649","container":"b82de62deda2","level":"INFO","thread":"BesuCommand-Shutdown-Hook","class":"NetworkRunner","message":"Network stopped.","throwable":""}
{"timestamp":"2025-06-27T01:14:34,650","container":"b82de62deda2","level":"INFO","thread":"BesuCommand-Shutdown-Hook","class":"AutoTransactionLogBloomCachingService","message":"Shutting down Auto transaction logs caching service.","throwable":""}
{"timestamp":"2025-06-27T01:14:34,652","container":"b82de62deda2","level":"INFO","thread":"BesuCommand-Shutdown-Hook","class":"DockerNatManager","message":"Stopping docker NAT manager.","throwable":""}
