{"timestamp":"2025-06-27T01:03:35,910","container":"48d3bb951ed0","level":"INFO","thread":"main","class":"Besu","message":"Starting Besu","throwable":""}
{"timestamp":"2025-06-27T01:03:37,046","container":"48d3bb951ed0","level":"WARN","thread":"main","class":"Besu","message":"--min-gas-price has been ignored because --miner-enabled was not defined on the command line.","throwable":""}
{"timestamp":"2025-06-27T01:03:39,817","container":"48d3bb951ed0","level":"INFO","thread":"main","class":"Besu","message":"
####################################################################################################
#                                                                                                  #
# Besu version 23.4.1                                                                              #
#                                                                                                  #
# Configuration:                                                                                   #
# Network: Custom genesis file specified                                                           #
# Network Id: 1337                                                                                 #
# Data storage: Forest                                                                             #
# Sync mode: Full                                                                                  #
# RPC HTTP APIs: EEA,WEB3,ETH,NET,TRACE,DEBUG,ADMIN,TXPOOL,PRIV,PERM,QBFT                          #
# RPC HTTP port: 8545                                                                              #
#                                                                                                  #
# Host:                                                                                            #
# Java: openjdk-java-17                                                                            #
# Maximum heap size: 1.74 GB                                                                       #
# OS: linux-x86_64                                                                                 #
# glibc: 2.35                                                                                      #
# jemalloc: 5.2.1-0-gea6b3e973b477b8061e0076bb257dbd7f3faa756                                      #
# Total memory: 6.95 GB                                                                            #
# CPU cores: 4                                                                                     #
#                                                                                                  #
####################################################################################################","throwable":""}
{"timestamp":"2025-06-27T01:03:39,818","container":"48d3bb951ed0","level":"INFO","thread":"main","class":"Besu","message":"Connecting to 8 static nodes.","throwable":""}
{"timestamp":"2025-06-27T01:03:39,818","container":"48d3bb951ed0","level":"INFO","thread":"main","class":"Besu","message":"Security Module: localfile","throwable":""}
{"timestamp":"2025-06-27T01:03:39,943","container":"48d3bb951ed0","level":"INFO","thread":"main","class":"Besu","message":"Using the native implementation of alt bn128","throwable":""}
{"timestamp":"2025-06-27T01:03:40,024","container":"48d3bb951ed0","level":"INFO","thread":"main","class":"Besu","message":"Using the native implementation of modexp","throwable":""}
{"timestamp":"2025-06-27T01:03:40,024","container":"48d3bb951ed0","level":"INFO","thread":"main","class":"Besu","message":"Using the native implementation of the signature algorithm","throwable":""}
{"timestamp":"2025-06-27T01:03:40,033","container":"48d3bb951ed0","level":"INFO","thread":"main","class":"Besu","message":"Using the native implementation of the blake2bf algorithm","throwable":""}
{"timestamp":"2025-06-27T01:03:40,055","container":"48d3bb951ed0","level":"INFO","thread":"main","class":"RocksDBKeyValueStorageFactory","message":"No existing database detected at /opt/besu/data. Using version 1","throwable":""}
{"timestamp":"2025-06-27T01:03:42,591","container":"48d3bb951ed0","level":"INFO","thread":"main","class":"KeyPairUtil","message":"Loaded public key 0x8208a3f344695d44e9cf2c023683cbea7b9343e2f70a5e804bd2c93858e945f8f91439eef96a4ab6c47ff06637d6fbe6472f96de1655a1bee57ea896654f3a22 from /opt/besu/keys/nodekey","throwable":""}
{"timestamp":"2025-06-27T01:03:42,646","container":"48d3bb951ed0","level":"WARN","thread":"main","class":"Besu","message":"Privacy is disabled. Cannot use EEA/PRIV API methods when not using Privacy.","throwable":""}
{"timestamp":"2025-06-27T01:03:43,933","container":"48d3bb951ed0","level":"INFO","thread":"main","class":"ProtocolScheduleBuilder","message":"Protocol schedule created with milestones: [GrayGlacier: 0]","throwable":""}
{"timestamp":"2025-06-27T01:03:44,578","container":"48d3bb951ed0","level":"INFO","thread":"main","class":"TransactionPoolFactory","message":"Enabling transaction pool","throwable":""}
{"timestamp":"2025-06-27T01:03:44,624","container":"48d3bb951ed0","level":"INFO","thread":"main","class":"BesuControllerBuilder","message":"TTD difficulty is not present, creating initial sync phase for PoW","throwable":""}
{"timestamp":"2025-06-27T01:03:44,687","container":"48d3bb951ed0","level":"INFO","thread":"main","class":"RunnerBuilder","message":"Detecting NAT service.","throwable":""}
{"timestamp":"2025-06-27T01:03:45,742","container":"48d3bb951ed0","level":"INFO","thread":"main","class":"Runner","message":"Starting external services ... ","throwable":""}
{"timestamp":"2025-06-27T01:03:45,742","container":"48d3bb951ed0","level":"INFO","thread":"main","class":"MetricsHttpService","message":"Starting metrics http service on 0.0.0.0:9545","throwable":""}
{"timestamp":"2025-06-27T01:03:46,095","container":"48d3bb951ed0","level":"INFO","thread":"vert.x-eventloop-thread-1","class":"MetricsHttpService","message":"Metrics service started and listening on 0.0.0.0:9545","throwable":""}
{"timestamp":"2025-06-27T01:03:46,095","container":"48d3bb951ed0","level":"INFO","thread":"main","class":"JsonRpcHttpService","message":"Starting JSON-RPC service on 0.0.0.0:8545","throwable":""}
{"timestamp":"2025-06-27T01:03:46,155","container":"48d3bb951ed0","level":"INFO","thread":"vert.x-eventloop-thread-1","class":"JsonRpcHttpService","message":"JSON-RPC service started and listening on 0.0.0.0:8545","throwable":""}
{"timestamp":"2025-06-27T01:03:46,159","container":"48d3bb951ed0","level":"INFO","thread":"main","class":"GraphQLHttpService","message":"Starting GraphQL HTTP service on 0.0.0.0:8547","throwable":""}
{"timestamp":"2025-06-27T01:03:46,172","container":"48d3bb951ed0","level":"INFO","thread":"vert.x-eventloop-thread-1","class":"GraphQLHttpService","message":"GraphQL HTTP service started and listening on 0.0.0.0:8547","throwable":""}
{"timestamp":"2025-06-27T01:03:46,172","container":"48d3bb951ed0","level":"INFO","thread":"main","class":"WebSocketService","message":"Starting Websocket service on 0.0.0.0:8546","throwable":""}
{"timestamp":"2025-06-27T01:03:46,197","container":"48d3bb951ed0","level":"INFO","thread":"vert.x-eventloop-thread-1","class":"WebSocketService","message":"Websocket service started and listening on 0.0.0.0:8546","throwable":""}
{"timestamp":"2025-06-27T01:03:46,211","container":"48d3bb951ed0","level":"INFO","thread":"main","class":"AutoTransactionLogBloomCachingService","message":"Starting auto transaction log bloom caching service.","throwable":""}
{"timestamp":"2025-06-27T01:03:46,212","container":"48d3bb951ed0","level":"INFO","thread":"main","class":"LogBloomCacheMetadata","message":"Lookup cache metadata file in data directory: /opt/besu/data/caches","throwable":""}
{"timestamp":"2025-06-27T01:03:46,263","container":"48d3bb951ed0","level":"INFO","thread":"main","class":"Runner","message":"Starting Ethereum main loop ... ","throwable":""}
{"timestamp":"2025-06-27T01:03:46,263","container":"48d3bb951ed0","level":"INFO","thread":"main","class":"DockerNatManager","message":"Starting docker NAT manager.","throwable":""}
{"timestamp":"2025-06-27T01:03:46,289","container":"48d3bb951ed0","level":"INFO","thread":"main","class":"NetworkRunner","message":"Starting Network.","throwable":""}
{"timestamp":"2025-06-27T01:03:46,340","container":"48d3bb951ed0","level":"INFO","thread":"nioEventLoopGroup-2-1","class":"RlpxAgent","message":"P2P RLPx agent started and listening on /0.0.0.0:30303.","throwable":""}
{"timestamp":"2025-06-27T01:03:46,341","container":"48d3bb951ed0","level":"INFO","thread":"main","class":"PeerDiscoveryAgent","message":"Starting peer discovery agent on host=0.0.0.0, port=30303","throwable":""}
{"timestamp":"2025-06-27T01:03:46,389","container":"48d3bb951ed0","level":"INFO","thread":"vert.x-eventloop-thread-1","class":"VertxPeerDiscoveryAgent","message":"Started peer discovery agent successfully, on effective host=0.0.0.0 and port=30303","throwable":""}
{"timestamp":"2025-06-27T01:03:46,390","container":"48d3bb951ed0","level":"INFO","thread":"vert.x-eventloop-thread-1","class":"PeerDiscoveryAgent","message":"P2P peer discovery agent started and listening on /0.0.0.0:30303","throwable":""}
{"timestamp":"2025-06-27T01:03:46,522","container":"48d3bb951ed0","level":"INFO","thread":"vert.x-eventloop-thread-1","class":"PeerDiscoveryAgent","message":"Writing node record to disk. NodeRecord{seq=1, publicKey=0x028208a3f344695d44e9cf2c023683cbea7b9343e2f70a5e804bd2c93858e945f8, udpAddress=Optional[/10.0.0.77:30303], tcpAddress=Optional[/10.0.0.77:30303], asBase64=-Je4QA_j_JIWC_j4kM6f1RGw-G6R-BJRBJ3hlZcFnK9rsJhVGop2G39QHazdXmSpM_hPtwOsWy7t4Po_IcQ8gsedWhsBg2V0aMfGhGpSrW2AgmlkgnY0gmlwhAoAAE2Jc2VjcDI1NmsxoQKCCKPzRGldROnPLAI2g8vqe5ND4vcKXoBL0sk4WOlF-IN0Y3CCdl-DdWRwgnZf, nodeId=0x58e94810eeee14c28613b47e93917cadbace5dfce132b991732c6cda9bcc5b8a, customFields={tcp=30303, udp=30303, ip=0x0a00004d, eth=[[0x6a52ad6d, 0x]], id=V4, secp256k1=0x028208a3f344695d44e9cf2c023683cbea7b9343e2f70a5e804bd2c93858e945f8}}","throwable":""}
{"timestamp":"2025-06-27T01:03:46,596","container":"48d3bb951ed0","level":"INFO","thread":"main","class":"DefaultP2PNetwork","message":"Enode URL enode://8208a3f344695d44e9cf2c023683cbea7b9343e2f70a5e804bd2c93858e945f8f91439eef96a4ab6c47ff06637d6fbe6472f96de1655a1bee57ea896654f3a22@10.0.0.77:30303","throwable":""}
{"timestamp":"2025-06-27T01:03:46,596","container":"48d3bb951ed0","level":"INFO","thread":"main","class":"DefaultP2PNetwork","message":"Node address 0x93917cadbace5dfce132b991732c6cda9bcc5b8a","throwable":""}
{"timestamp":"2025-06-27T01:03:46,783","container":"48d3bb951ed0","level":"INFO","thread":"main","class":"NetworkRunner","message":"Supported capabilities: [eth/62, eth/63, eth/64, eth/65, eth/66, eth/67, eth/68], [istanbul/100], [snap/1]","throwable":""}
{"timestamp":"2025-06-27T01:03:46,784","container":"48d3bb951ed0","level":"INFO","thread":"main","class":"DefaultSynchronizer","message":"Starting synchronizer.","throwable":""}
{"timestamp":"2025-06-27T01:03:46,793","container":"48d3bb951ed0","level":"INFO","thread":"main","class":"TransactionPoolFactory","message":"Enabling transaction handling following initial sync","throwable":""}
{"timestamp":"2025-06-27T01:03:46,795","container":"48d3bb951ed0","level":"INFO","thread":"main","class":"FullSyncDownloader","message":"Starting full sync.","throwable":""}
{"timestamp":"2025-06-27T01:03:46,795","container":"48d3bb951ed0","level":"INFO","thread":"main","class":"FullSyncTargetManager","message":"Unable to find sync target. Currently checking 0 peers for usefulness","throwable":""}
{"timestamp":"2025-06-27T01:03:46,875","container":"48d3bb951ed0","level":"INFO","thread":"main","class":"Runner","message":"Ethereum main loop is up.","throwable":""}
{"timestamp":"2025-06-27T01:03:47,432","container":"48d3bb951ed0","level":"INFO","thread":"nioEventLoopGroup-3-1","class":"FullSyncTargetManager","message":"Unable to find sync target. Currently checking 2 peers for usefulness","throwable":""}
{"timestamp":"2025-06-27T01:03:52,439","container":"48d3bb951ed0","level":"INFO","thread":"EthScheduler-Timer-0","class":"FullSyncTargetManager","message":"Unable to find sync target. Currently checking 2 peers for usefulness","throwable":""}
{"timestamp":"2025-06-27T01:03:57,181","container":"48d3bb951ed0","level":"INFO","thread":"BftProcessorExecutor-QBFT-0","class":"QbftRound","message":"Importing proposed block to chain. round=ConsensusRoundIdentifier{Sequence=1, Round=1}, hash=0x4435e3510828c4c694986b678ce8a12b322e5af97e9bed2a54fa0320940c4a8b","throwable":""}
{"timestamp":"2025-06-27T01:03:57,224","container":"48d3bb951ed0","level":"INFO","thread":"BftProcessorExecutor-QBFT-0","class":"QbftBesuControllerBuilder","message":"Produced #1 / 0 tx / 0 pending / 0 (0.0%) gas / (0x4435e3510828c4c694986b678ce8a12b322e5af97e9bed2a54fa0320940c4a8b)","throwable":""}
{"timestamp":"2025-06-27T01:03:57,452","container":"48d3bb951ed0","level":"INFO","thread":"EthScheduler-Timer-0","class":"FullSyncTargetManager","message":"Unable to find sync target. Currently checking 2 peers for usefulness","throwable":""}
{"timestamp":"2025-06-27T01:04:02,458","container":"48d3bb951ed0","level":"INFO","thread":"EthScheduler-Timer-0","class":"FullSyncTargetManager","message":"Unable to find sync target. Currently checking 2 peers for usefulness","throwable":""}
{"timestamp":"2025-06-27T01:04:04,188","container":"48d3bb951ed0","level":"INFO","thread":"BftProcessorExecutor-QBFT-0","class":"QbftBesuControllerBuilder","message":"Imported #2 / 0 tx / 0 pending / 0 (0.0%) gas / (0x520d3e406f76e9c9b5e16b5d049a39c4ad5e4b5ceb45b489fd71cd5c2c7bff1f)","throwable":""}
{"timestamp":"2025-06-27T01:04:12,180","container":"48d3bb951ed0","level":"INFO","thread":"BftProcessorExecutor-QBFT-0","class":"QbftBesuControllerBuilder","message":"Imported #3 / 0 tx / 0 pending / 0 (0.0%) gas / (0x9b079d2a4ac78081f68481b83e57c65cd543b1f8a744d44b7e016d1a475ff5af)","throwable":""}
{"timestamp":"2025-06-27T01:04:31,055","container":"48d3bb951ed0","level":"INFO","thread":"BftProcessorExecutor-QBFT-0","class":"QbftRound","message":"Importing proposed block to chain. round=ConsensusRoundIdentifier{Sequence=4, Round=1}, hash=0x734ba21025566567ce86462def0ebadffc8b5faf639e68ce5402da490e55ba8e","throwable":""}
{"timestamp":"2025-06-27T01:04:31,064","container":"48d3bb951ed0","level":"INFO","thread":"BftProcessorExecutor-QBFT-0","class":"QbftBesuControllerBuilder","message":"Produced #4 / 0 tx / 0 pending / 0 (0.0%) gas / (0x734ba21025566567ce86462def0ebadffc8b5faf639e68ce5402da490e55ba8e)","throwable":""}
{"timestamp":"2025-06-27T01:04:38,170","container":"48d3bb951ed0","level":"INFO","thread":"BftProcessorExecutor-QBFT-0","class":"QbftBesuControllerBuilder","message":"Imported #5 / 0 tx / 0 pending / 0 (0.0%) gas / (0xaf446dc9116b6e1147c6e6d3f795a38e5f00dae4a7527a82920e63909746c9b5)","throwable":""}
{"timestamp":"2025-06-27T01:04:46,155","container":"48d3bb951ed0","level":"INFO","thread":"BftProcessorExecutor-QBFT-0","class":"QbftBesuControllerBuilder","message":"Imported #6 / 0 tx / 0 pending / 0 (0.0%) gas / (0xf6cfe1b99f5234e7a02aa1d23e933a415479dc1a35c9ac95f6e25d551e0b3351)","throwable":""}
{"timestamp":"2025-06-27T01:05:05,055","container":"48d3bb951ed0","level":"INFO","thread":"BftProcessorExecutor-QBFT-0","class":"QbftRound","message":"Importing proposed block to chain. round=ConsensusRoundIdentifier{Sequence=7, Round=1}, hash=0xbc258de00be008123b9c596341d5c2a1bfe10feb5c8fafde5dcaadc81b442cb9","throwable":""}
{"timestamp":"2025-06-27T01:05:05,075","container":"48d3bb951ed0","level":"INFO","thread":"BftProcessorExecutor-QBFT-0","class":"QbftBesuControllerBuilder","message":"Produced #7 / 0 tx / 0 pending / 0 (0.0%) gas / (0xbc258de00be008123b9c596341d5c2a1bfe10feb5c8fafde5dcaadc81b442cb9)","throwable":""}
{"timestamp":"2025-06-27T01:05:12,187","container":"48d3bb951ed0","level":"INFO","thread":"BftProcessorExecutor-QBFT-0","class":"QbftBesuControllerBuilder","message":"Imported #8 / 0 tx / 0 pending / 0 (0.0%) gas / (0xec7e2a2031b2d6597886bbf03d9f3d6c8eb3927fc9c563d0c2905449f4a9c164)","throwable":""}
{"timestamp":"2025-06-27T01:05:20,185","container":"48d3bb951ed0","level":"INFO","thread":"BftProcessorExecutor-QBFT-0","class":"QbftBesuControllerBuilder","message":"Imported #9 / 0 tx / 0 pending / 0 (0.0%) gas / (0x3d6e5032a0fe1b47a0e67dcba64291d268e89fc7c56e9190a5d984ca4e6a6d5e)","throwable":""}
{"timestamp":"2025-06-27T01:05:39,043","container":"48d3bb951ed0","level":"INFO","thread":"BftProcessorExecutor-QBFT-0","class":"QbftRound","message":"Importing proposed block to chain. round=ConsensusRoundIdentifier{Sequence=10, Round=1}, hash=0xaa156767d3f1c212183c905b20b4db36617eab6ac38441787b062963446064a3","throwable":""}
{"timestamp":"2025-06-27T01:05:39,050","container":"48d3bb951ed0","level":"INFO","thread":"BftProcessorExecutor-QBFT-0","class":"QbftBesuControllerBuilder","message":"Produced #10 / 0 tx / 0 pending / 0 (0.0%) gas / (0xaa156767d3f1c212183c905b20b4db36617eab6ac38441787b062963446064a3)","throwable":""}
{"timestamp":"2025-06-27T01:05:46,198","container":"48d3bb951ed0","level":"INFO","thread":"BftProcessorExecutor-QBFT-0","class":"QbftBesuControllerBuilder","message":"Imported #11 / 0 tx / 0 pending / 0 (0.0%) gas / (0x9a499f8193735fdd3e919891818c55648ead6658eb88ab6f4ba7de36f4e8b30f)","throwable":""}
{"timestamp":"2025-06-27T01:05:54,207","container":"48d3bb951ed0","level":"INFO","thread":"BftProcessorExecutor-QBFT-0","class":"QbftBesuControllerBuilder","message":"Imported #12 / 0 tx / 0 pending / 0 (0.0%) gas / (0x5de656cc1d76d4f323bfd121e5bf4373526789db9c31ff63274f7627d10c69a7)","throwable":""}
{"timestamp":"2025-06-27T01:06:13,049","container":"48d3bb951ed0","level":"INFO","thread":"BftProcessorExecutor-QBFT-0","class":"QbftRound","message":"Importing proposed block to chain. round=ConsensusRoundIdentifier{Sequence=13, Round=1}, hash=0xe14c9dbce323a206d40f0a7f12159451c1b21ae59f464c0b8d72fe3e03513fce","throwable":""}
{"timestamp":"2025-06-27T01:06:13,057","container":"48d3bb951ed0","level":"INFO","thread":"BftProcessorExecutor-QBFT-0","class":"QbftBesuControllerBuilder","message":"Produced #13 / 0 tx / 0 pending / 0 (0.0%) gas / (0xe14c9dbce323a206d40f0a7f12159451c1b21ae59f464c0b8d72fe3e03513fce)","throwable":""}
{"timestamp":"2025-06-27T01:06:20,212","container":"48d3bb951ed0","level":"INFO","thread":"BftProcessorExecutor-QBFT-0","class":"QbftBesuControllerBuilder","message":"Imported #14 / 0 tx / 0 pending / 0 (0.0%) gas / (0x2194e38a1f03348131ff5ee27432044036b9eda618d8575b5c2e6bab72afb146)","throwable":""}
{"timestamp":"2025-06-27T01:06:28,209","container":"48d3bb951ed0","level":"INFO","thread":"BftProcessorExecutor-QBFT-0","class":"QbftBesuControllerBuilder","message":"Imported #15 / 0 tx / 0 pending / 0 (0.0%) gas / (0x298e0c029ec6932fbeaaf92b388451efc5079e31b8831d4148845169d68a768c)","throwable":""}
{"timestamp":"2025-06-27T01:06:47,034","container":"48d3bb951ed0","level":"INFO","thread":"BftProcessorExecutor-QBFT-0","class":"QbftRound","message":"Importing proposed block to chain. round=ConsensusRoundIdentifier{Sequence=16, Round=1}, hash=0x724dbf124991dc439b608d7a666cff2ea574e18f8d24a87cd19efe1cc4aa16e7","throwable":""}
{"timestamp":"2025-06-27T01:06:47,043","container":"48d3bb951ed0","level":"INFO","thread":"BftProcessorExecutor-QBFT-0","class":"QbftBesuControllerBuilder","message":"Produced #16 / 0 tx / 0 pending / 0 (0.0%) gas / (0x724dbf124991dc439b608d7a666cff2ea574e18f8d24a87cd19efe1cc4aa16e7)","throwable":""}
{"timestamp":"2025-06-27T01:06:54,222","container":"48d3bb951ed0","level":"INFO","thread":"BftProcessorExecutor-QBFT-0","class":"QbftBesuControllerBuilder","message":"Imported #17 / 0 tx / 0 pending / 0 (0.0%) gas / (0xcca7bfce5a729185a67cfc3b3af686be8ebe19ca73c81bb5e527ace979eb0d30)","throwable":""}
{"timestamp":"2025-06-27T01:06:54,260","container":"48d3bb951ed0","level":"INFO","thread":"EthScheduler-Workers-0","class":"PersistBlockTask","message":"Block 17 (0xcca7bfce5a729185a67cfc3b3af686be8ebe19ca73c81bb5e527ace979eb0d30) is already imported","throwable":""}
{"timestamp":"2025-06-27T01:07:02,219","container":"48d3bb951ed0","level":"INFO","thread":"EthScheduler-Workers-0","class":"PersistBlockTask","message":"Block 18 (0x80f410fea4ce416d367ab6678770b34c44133aed214d8ad0e5af7b019e4540f7) is already imported","throwable":""}
{"timestamp":"2025-06-27T01:07:02,219","container":"48d3bb951ed0","level":"INFO","thread":"BftProcessorExecutor-QBFT-0","class":"QbftBesuControllerBuilder","message":"Imported #18 / 0 tx / 0 pending / 0 (0.0%) gas / (0x80f410fea4ce416d367ab6678770b34c44133aed214d8ad0e5af7b019e4540f7)","throwable":""}
{"timestamp":"2025-06-27T01:07:21,019","container":"48d3bb951ed0","level":"INFO","thread":"BftProcessorExecutor-QBFT-0","class":"QbftRound","message":"Importing proposed block to chain. round=ConsensusRoundIdentifier{Sequence=19, Round=1}, hash=0xa3459bf79634f91f58e3f81cfcdbbf037a09a2dbba0bbc2067fe1e9851c7a642","throwable":""}
{"timestamp":"2025-06-27T01:07:21,042","container":"48d3bb951ed0","level":"INFO","thread":"EthScheduler-Workers-0","class":"PersistBlockTask","message":"Block 19 (0xa3459bf79634f91f58e3f81cfcdbbf037a09a2dbba0bbc2067fe1e9851c7a642) is already imported","throwable":""}
{"timestamp":"2025-06-27T01:07:21,045","container":"48d3bb951ed0","level":"INFO","thread":"BftProcessorExecutor-QBFT-0","class":"QbftBesuControllerBuilder","message":"Produced #19 / 0 tx / 0 pending / 0 (0.0%) gas / (0xa3459bf79634f91f58e3f81cfcdbbf037a09a2dbba0bbc2067fe1e9851c7a642)","throwable":""}
{"timestamp":"2025-06-27T01:07:28,245","container":"48d3bb951ed0","level":"INFO","thread":"BftProcessorExecutor-QBFT-0","class":"QbftBesuControllerBuilder","message":"Imported #20 / 0 tx / 0 pending / 0 (0.0%) gas / (0x088e6f1c9d8599929842845d83201a23b5d403941cb0a944589661e92947c0c9)","throwable":""}
{"timestamp":"2025-06-27T01:07:36,248","container":"48d3bb951ed0","level":"INFO","thread":"BftProcessorExecutor-QBFT-0","class":"QbftBesuControllerBuilder","message":"Imported #21 / 0 tx / 0 pending / 0 (0.0%) gas / (0x2380602a4a3c58234b06671bd0e94ca3e9372bf30d15a4978f23eac2a8bfd02a)","throwable":""}
{"timestamp":"2025-06-27T01:07:55,035","container":"48d3bb951ed0","level":"INFO","thread":"BftProcessorExecutor-QBFT-0","class":"QbftRound","message":"Importing proposed block to chain. round=ConsensusRoundIdentifier{Sequence=22, Round=1}, hash=0xad5827dbebe5ea99fd620a770d74ed5b7d7f8971337b57bff92654f87f2ded6f","throwable":""}
{"timestamp":"2025-06-27T01:07:55,041","container":"48d3bb951ed0","level":"INFO","thread":"BftProcessorExecutor-QBFT-0","class":"QbftBesuControllerBuilder","message":"Produced #22 / 0 tx / 0 pending / 0 (0.0%) gas / (0xad5827dbebe5ea99fd620a770d74ed5b7d7f8971337b57bff92654f87f2ded6f)","throwable":""}
{"timestamp":"2025-06-27T01:08:02,247","container":"48d3bb951ed0","level":"INFO","thread":"BftProcessorExecutor-QBFT-0","class":"QbftBesuControllerBuilder","message":"Imported #23 / 0 tx / 0 pending / 0 (0.0%) gas / (0xe52d5349067109414bdf87af00354dc956b5e6dd86c84f56a01d965bd97ddbcb)","throwable":""}
{"timestamp":"2025-06-27T01:08:10,263","container":"48d3bb951ed0","level":"INFO","thread":"BftProcessorExecutor-QBFT-0","class":"QbftBesuControllerBuilder","message":"Imported #24 / 0 tx / 0 pending / 0 (0.0%) gas / (0x663acc110aa88d431886c56851bbe0acb6be546ad819e6450098a8f020002cc4)","throwable":""}
{"timestamp":"2025-06-27T01:08:29,034","container":"48d3bb951ed0","level":"INFO","thread":"BftProcessorExecutor-QBFT-0","class":"QbftRound","message":"Importing proposed block to chain. round=ConsensusRoundIdentifier{Sequence=25, Round=1}, hash=0xb0f6b14afa9adc2012d00d8e88dec612943128b93650e216de8f52c9f3796d66","throwable":""}
{"timestamp":"2025-06-27T01:08:29,042","container":"48d3bb951ed0","level":"INFO","thread":"BftProcessorExecutor-QBFT-0","class":"QbftBesuControllerBuilder","message":"Produced #25 / 0 tx / 0 pending / 0 (0.0%) gas / (0xb0f6b14afa9adc2012d00d8e88dec612943128b93650e216de8f52c9f3796d66)","throwable":""}
{"timestamp":"2025-06-27T01:08:36,294","container":"48d3bb951ed0","level":"INFO","thread":"BftProcessorExecutor-QBFT-0","class":"QbftBesuControllerBuilder","message":"Imported #26 / 0 tx / 0 pending / 0 (0.0%) gas / (0x634365c8569b439120fbf75ab6191c1819635ca354dda4d3ae2838c8bced148c)","throwable":""}
{"timestamp":"2025-06-27T01:08:44,278","container":"48d3bb951ed0","level":"INFO","thread":"BftProcessorExecutor-QBFT-0","class":"QbftBesuControllerBuilder","message":"Imported #27 / 0 tx / 0 pending / 0 (0.0%) gas / (0xb18c7d5aa86597c02defe144ad03610ac52e667ffe1c21e46de3009f66f555ce)","throwable":""}
{"timestamp":"2025-06-27T01:09:03,036","container":"48d3bb951ed0","level":"INFO","thread":"BftProcessorExecutor-QBFT-0","class":"QbftRound","message":"Importing proposed block to chain. round=ConsensusRoundIdentifier{Sequence=28, Round=1}, hash=0x2a01cc4fefb1d0ad7af89d2a70bd812eb61be847b91a1dbc4790049dda31c471","throwable":""}
{"timestamp":"2025-06-27T01:09:03,041","container":"48d3bb951ed0","level":"INFO","thread":"BftProcessorExecutor-QBFT-0","class":"QbftBesuControllerBuilder","message":"Produced #28 / 0 tx / 0 pending / 0 (0.0%) gas / (0x2a01cc4fefb1d0ad7af89d2a70bd812eb61be847b91a1dbc4790049dda31c471)","throwable":""}
{"timestamp":"2025-06-27T01:09:10,288","container":"48d3bb951ed0","level":"INFO","thread":"BftProcessorExecutor-QBFT-0","class":"QbftBesuControllerBuilder","message":"Imported #29 / 0 tx / 0 pending / 0 (0.0%) gas / (0x1073ec1a88d54562eb4100dab050d7e13cf87f76b9aedcc6e4e9436f669e35bb)","throwable":""}
{"timestamp":"2025-06-27T01:09:18,314","container":"48d3bb951ed0","level":"INFO","thread":"BftProcessorExecutor-QBFT-0","class":"QbftBesuControllerBuilder","message":"Imported #30 / 0 tx / 0 pending / 0 (0.0%) gas / (0x19230636c341d464a34de9b9b8e195816e2351c595811f426dc28b6d2e1e5b47)","throwable":""}
{"timestamp":"2025-06-27T01:09:37,033","container":"48d3bb951ed0","level":"INFO","thread":"BftProcessorExecutor-QBFT-0","class":"QbftRound","message":"Importing proposed block to chain. round=ConsensusRoundIdentifier{Sequence=31, Round=1}, hash=0x9c45130ccf75fe17a5f2cf0c984af8d969c0973868456f2897b4d4f245f75073","throwable":""}
{"timestamp":"2025-06-27T01:09:37,037","container":"48d3bb951ed0","level":"INFO","thread":"BftProcessorExecutor-QBFT-0","class":"QbftBesuControllerBuilder","message":"Produced #31 / 0 tx / 0 pending / 0 (0.0%) gas / (0x9c45130ccf75fe17a5f2cf0c984af8d969c0973868456f2897b4d4f245f75073)","throwable":""}
{"timestamp":"2025-06-27T01:09:44,325","container":"48d3bb951ed0","level":"INFO","thread":"BftProcessorExecutor-QBFT-0","class":"QbftBesuControllerBuilder","message":"Imported #32 / 0 tx / 0 pending / 0 (0.0%) gas / (0x9c850b1624531a240dec581875afb32d6d5e91ae1db4bebe2365928793af21bc)","throwable":""}
{"timestamp":"2025-06-27T01:09:52,318","container":"48d3bb951ed0","level":"INFO","thread":"BftProcessorExecutor-QBFT-0","class":"QbftBesuControllerBuilder","message":"Imported #33 / 0 tx / 0 pending / 0 (0.0%) gas / (0x3e324f525feb0c713ce1adbeb01c76cc25f8b9f42edc5e00a94afdaa6bb96752)","throwable":""}
{"timestamp":"2025-06-27T01:10:11,055","container":"48d3bb951ed0","level":"INFO","thread":"BftProcessorExecutor-QBFT-0","class":"QbftRound","message":"Importing proposed block to chain. round=ConsensusRoundIdentifier{Sequence=34, Round=1}, hash=0xa4e9412578e44dbe469bffb42304dccf51726f3997c65e04f28fef5acc7dfbb6","throwable":""}
{"timestamp":"2025-06-27T01:10:11,056","container":"48d3bb951ed0","level":"INFO","thread":"EthScheduler-Workers-0","class":"PersistBlockTask","message":"Imported #34 / 0 tx / 0 om / 0 (0.0%) gas / (0xa4e9412578e44dbe469bffb42304dccf51726f3997c65e04f28fef5acc7dfbb6) in 0.002s. Peers: 2","throwable":""}
{"timestamp":"2025-06-27T01:10:11,066","container":"48d3bb951ed0","level":"INFO","thread":"BftProcessorExecutor-QBFT-0","class":"QbftBesuControllerBuilder","message":"Produced #34 / 0 tx / 0 pending / 0 (0.0%) gas / (0xa4e9412578e44dbe469bffb42304dccf51726f3997c65e04f28fef5acc7dfbb6)","throwable":""}
{"timestamp":"2025-06-27T01:10:18,323","container":"48d3bb951ed0","level":"INFO","thread":"BftProcessorExecutor-QBFT-0","class":"QbftBesuControllerBuilder","message":"Imported #35 / 0 tx / 0 pending / 0 (0.0%) gas / (0xf743c82b3aa7fbd9231b8a3aee93438cd62175677c5075f508d8032347ef569f)","throwable":""}
{"timestamp":"2025-06-27T01:10:26,329","container":"48d3bb951ed0","level":"INFO","thread":"BftProcessorExecutor-QBFT-0","class":"QbftBesuControllerBuilder","message":"Imported #36 / 0 tx / 0 pending / 0 (0.0%) gas / (0xbcb52f195ff549e980303ab58a70d2df56cf4427a385b1058a277a624d94c496)","throwable":""}
{"timestamp":"2025-06-27T01:10:45,034","container":"48d3bb951ed0","level":"INFO","thread":"BftProcessorExecutor-QBFT-0","class":"QbftRound","message":"Importing proposed block to chain. round=ConsensusRoundIdentifier{Sequence=37, Round=1}, hash=0xf3154642272778e277848269f714df6b7229c4d2a02e409b1a87ea81f8ee78b9","throwable":""}
{"timestamp":"2025-06-27T01:10:45,040","container":"48d3bb951ed0","level":"INFO","thread":"BftProcessorExecutor-QBFT-0","class":"QbftBesuControllerBuilder","message":"Produced #37 / 0 tx / 0 pending / 0 (0.0%) gas / (0xf3154642272778e277848269f714df6b7229c4d2a02e409b1a87ea81f8ee78b9)","throwable":""}
{"timestamp":"2025-06-27T01:10:52,349","container":"48d3bb951ed0","level":"INFO","thread":"BftProcessorExecutor-QBFT-0","class":"QbftBesuControllerBuilder","message":"Imported #38 / 0 tx / 0 pending / 0 (0.0%) gas / (0xa26f3be570e09798f15e72828bf60fe30cf29785a03a12c9094000ff1269e944)","throwable":""}
{"timestamp":"2025-06-27T01:11:00,343","container":"48d3bb951ed0","level":"INFO","thread":"BftProcessorExecutor-QBFT-0","class":"QbftBesuControllerBuilder","message":"Imported #39 / 0 tx / 0 pending / 0 (0.0%) gas / (0x8292037e5054a0a19b6cc0edc3cdb3093a3fb182a57cd0108cacd077b186773f)","throwable":""}
{"timestamp":"2025-06-27T01:11:19,029","container":"48d3bb951ed0","level":"INFO","thread":"BftProcessorExecutor-QBFT-0","class":"QbftRound","message":"Importing proposed block to chain. round=ConsensusRoundIdentifier{Sequence=40, Round=1}, hash=0x6ed8d1ced9ccf3d491623df5e42c4fe687effea56da4fabf61279c13bd619957","throwable":""}
{"timestamp":"2025-06-27T01:11:19,048","container":"48d3bb951ed0","level":"INFO","thread":"EthScheduler-Workers-0","class":"PersistBlockTask","message":"Block 40 (0x6ed8d1ced9ccf3d491623df5e42c4fe687effea56da4fabf61279c13bd619957) is already imported","throwable":""}
{"timestamp":"2025-06-27T01:11:19,048","container":"48d3bb951ed0","level":"INFO","thread":"BftProcessorExecutor-QBFT-0","class":"QbftBesuControllerBuilder","message":"Produced #40 / 0 tx / 0 pending / 0 (0.0%) gas / (0x6ed8d1ced9ccf3d491623df5e42c4fe687effea56da4fabf61279c13bd619957)","throwable":""}
{"timestamp":"2025-06-27T01:11:26,355","container":"48d3bb951ed0","level":"INFO","thread":"BftProcessorExecutor-QBFT-0","class":"QbftBesuControllerBuilder","message":"Imported #41 / 0 tx / 0 pending / 0 (0.0%) gas / (0x144bd7df7f89f02a02124016c5e98e0819cffc47949b78feac17243178297456)","throwable":""}
{"timestamp":"2025-06-27T01:11:34,362","container":"48d3bb951ed0","level":"INFO","thread":"BftProcessorExecutor-QBFT-0","class":"QbftBesuControllerBuilder","message":"Imported #42 / 0 tx / 0 pending / 0 (0.0%) gas / (0xdda1c9ded7e2a4bd06cae5012b18204bb5e8d735e572442114712a2030e68d7f)","throwable":""}
{"timestamp":"2025-06-27T01:11:53,028","container":"48d3bb951ed0","level":"INFO","thread":"BftProcessorExecutor-QBFT-0","class":"QbftRound","message":"Importing proposed block to chain. round=ConsensusRoundIdentifier{Sequence=43, Round=1}, hash=0x1f332ff6ce6d52ede65690c69009ccde20c20fadaa312af3fea950c776623ec0","throwable":""}
{"timestamp":"2025-06-27T01:11:53,035","container":"48d3bb951ed0","level":"INFO","thread":"BftProcessorExecutor-QBFT-0","class":"QbftBesuControllerBuilder","message":"Produced #43 / 0 tx / 0 pending / 0 (0.0%) gas / (0x1f332ff6ce6d52ede65690c69009ccde20c20fadaa312af3fea950c776623ec0)","throwable":""}
{"timestamp":"2025-06-27T01:12:00,379","container":"48d3bb951ed0","level":"INFO","thread":"BftProcessorExecutor-QBFT-0","class":"QbftBesuControllerBuilder","message":"Imported #44 / 0 tx / 0 pending / 0 (0.0%) gas / (0xf563b0f3b5b269b454b8790906c561ad17a7b201ae362a94a42fad5c6bd5194b)","throwable":""}
{"timestamp":"2025-06-27T01:12:08,372","container":"48d3bb951ed0","level":"INFO","thread":"BftProcessorExecutor-QBFT-0","class":"QbftBesuControllerBuilder","message":"Imported #45 / 0 tx / 0 pending / 0 (0.0%) gas / (0xcd45873cea55ed1df157a7b9992180ab9ace1a1115af37a8c8577feabdc9792f)","throwable":""}
{"timestamp":"2025-06-27T01:12:27,033","container":"48d3bb951ed0","level":"INFO","thread":"BftProcessorExecutor-QBFT-0","class":"QbftRound","message":"Importing proposed block to chain. round=ConsensusRoundIdentifier{Sequence=46, Round=1}, hash=0x1e30fa07ed81ba64b8fe9ed73c94ef0599d8de29c3ac28ac0fd17bd4064948b2","throwable":""}
{"timestamp":"2025-06-27T01:12:27,040","container":"48d3bb951ed0","level":"INFO","thread":"BftProcessorExecutor-QBFT-0","class":"QbftBesuControllerBuilder","message":"Produced #46 / 0 tx / 0 pending / 0 (0.0%) gas / (0x1e30fa07ed81ba64b8fe9ed73c94ef0599d8de29c3ac28ac0fd17bd4064948b2)","throwable":""}
{"timestamp":"2025-06-27T01:12:34,383","container":"48d3bb951ed0","level":"INFO","thread":"BftProcessorExecutor-QBFT-0","class":"QbftBesuControllerBuilder","message":"Imported #47 / 0 tx / 0 pending / 0 (0.0%) gas / (0xd8c52e00442e46d4efd215261d380115da305169612a9c750b8aa138c27ac321)","throwable":""}
{"timestamp":"2025-06-27T01:12:42,391","container":"48d3bb951ed0","level":"INFO","thread":"BftProcessorExecutor-QBFT-0","class":"QbftBesuControllerBuilder","message":"Imported #48 / 0 tx / 0 pending / 0 (0.0%) gas / (0x545b56f1d62f05891e4ff5262fc19dbceb365c0fe32b540cdd18adac6b551c0d)","throwable":""}
{"timestamp":"2025-06-27T01:13:02,854","container":"48d3bb951ed0","level":"INFO","thread":"EthScheduler-Timer-0","class":"FullSyncTargetManager","message":"Unable to find sync target. Currently checking 0 peers for usefulness","throwable":""}
{"timestamp":"2025-06-27T01:13:07,855","container":"48d3bb951ed0","level":"INFO","thread":"EthScheduler-Timer-0","class":"FullSyncTargetManager","message":"Unable to find sync target. Currently checking 0 peers for usefulness","throwable":""}
{"timestamp":"2025-06-27T01:13:12,868","container":"48d3bb951ed0","level":"INFO","thread":"EthScheduler-Timer-0","class":"FullSyncTargetManager","message":"Unable to find sync target. Currently checking 0 peers for usefulness","throwable":""}
{"timestamp":"2025-06-27T01:13:17,873","container":"48d3bb951ed0","level":"INFO","thread":"EthScheduler-Timer-0","class":"FullSyncTargetManager","message":"Unable to find sync target. Currently checking 0 peers for usefulness","throwable":""}
{"timestamp":"2025-06-27T01:13:22,898","container":"48d3bb951ed0","level":"INFO","thread":"EthScheduler-Timer-0","class":"FullSyncTargetManager","message":"Unable to find sync target. Currently checking 0 peers for usefulness","throwable":""}
{"timestamp":"2025-06-27T01:13:27,906","container":"48d3bb951ed0","level":"INFO","thread":"EthScheduler-Timer-0","class":"FullSyncTargetManager","message":"Unable to find sync target. Currently checking 0 peers for usefulness","throwable":""}
{"timestamp":"2025-06-27T01:13:32,908","container":"48d3bb951ed0","level":"INFO","thread":"EthScheduler-Timer-0","class":"FullSyncTargetManager","message":"Unable to find sync target. Currently checking 0 peers for usefulness","throwable":""}
{"timestamp":"2025-06-27T01:13:37,922","container":"48d3bb951ed0","level":"INFO","thread":"EthScheduler-Timer-0","class":"FullSyncTargetManager","message":"Unable to find sync target. Currently checking 0 peers for usefulness","throwable":""}
{"timestamp":"2025-06-27T01:13:42,924","container":"48d3bb951ed0","level":"INFO","thread":"EthScheduler-Timer-0","class":"FullSyncTargetManager","message":"Unable to find sync target. Currently checking 0 peers for usefulness","throwable":""}
{"timestamp":"2025-06-27T01:13:47,936","container":"48d3bb951ed0","level":"INFO","thread":"EthScheduler-Timer-0","class":"FullSyncTargetManager","message":"Unable to find sync target. Currently checking 0 peers for usefulness","throwable":""}
{"timestamp":"2025-06-27T01:13:52,944","container":"48d3bb951ed0","level":"INFO","thread":"EthScheduler-Timer-0","class":"FullSyncTargetManager","message":"Unable to find sync target. Currently checking 0 peers for usefulness","throwable":""}
{"timestamp":"2025-06-27T01:13:57,946","container":"48d3bb951ed0","level":"INFO","thread":"EthScheduler-Timer-0","class":"FullSyncTargetManager","message":"Unable to find sync target. Currently checking 0 peers for usefulness","throwable":""}
{"timestamp":"2025-06-27T01:14:02,948","container":"48d3bb951ed0","level":"INFO","thread":"EthScheduler-Timer-0","class":"FullSyncTargetManager","message":"Unable to find sync target. Currently checking 0 peers for usefulness","throwable":""}
{"timestamp":"2025-06-27T01:14:07,951","container":"48d3bb951ed0","level":"INFO","thread":"EthScheduler-Timer-0","class":"FullSyncTargetManager","message":"Unable to find sync target. Currently checking 0 peers for usefulness","throwable":""}
{"timestamp":"2025-06-27T01:14:12,963","container":"48d3bb951ed0","level":"INFO","thread":"EthScheduler-Timer-0","class":"FullSyncTargetManager","message":"Unable to find sync target. Currently checking 0 peers for usefulness","throwable":""}
{"timestamp":"2025-06-27T01:14:17,965","container":"48d3bb951ed0","level":"INFO","thread":"EthScheduler-Timer-0","class":"FullSyncTargetManager","message":"Unable to find sync target. Currently checking 0 peers for usefulness","throwable":""}
{"timestamp":"2025-06-27T01:14:22,968","container":"48d3bb951ed0","level":"INFO","thread":"EthScheduler-Timer-0","class":"FullSyncTargetManager","message":"Unable to find sync target. Currently checking 0 peers for usefulness","throwable":""}
{"timestamp":"2025-06-27T01:14:27,969","container":"48d3bb951ed0","level":"INFO","thread":"EthScheduler-Timer-0","class":"FullSyncTargetManager","message":"Unable to find sync target. Currently checking 0 peers for usefulness","throwable":""}
{"timestamp":"2025-06-27T01:14:32,971","container":"48d3bb951ed0","level":"INFO","thread":"EthScheduler-Timer-0","class":"FullSyncTargetManager","message":"Unable to find sync target. Currently checking 0 peers for usefulness","throwable":""}
{"timestamp":"2025-06-27T01:14:36,139","container":"48d3bb951ed0","level":"INFO","thread":"BftProcessorExecutor-QBFT-0","class":"BftProcessor","message":"Shutting down BFT event processor","throwable":""}
{"timestamp":"2025-06-27T01:14:36,141","container":"48d3bb951ed0","level":"INFO","thread":"BesuCommand-Shutdown-Hook","class":"DefaultSynchronizer","message":"Stopping synchronizer","throwable":""}
{"timestamp":"2025-06-27T01:14:36,143","container":"48d3bb951ed0","level":"INFO","thread":"BesuCommand-Shutdown-Hook","class":"NetworkRunner","message":"Stopping Network.","throwable":""}
{"timestamp":"2025-06-27T01:14:36,150","container":"48d3bb951ed0","level":"INFO","thread":"BesuCommand-Shutdown-Hook","class":"EthProtocolManager","message":"Stopping eth Subprotocol.","throwable":""}
{"timestamp":"2025-06-27T01:14:36,154","container":"48d3bb951ed0","level":"INFO","thread":"BesuCommand-Shutdown-Hook","class":"EthProtocolManager","message":"eth Subprotocol stopped.","throwable":""}
{"timestamp":"2025-06-27T01:14:36,154","container":"48d3bb951ed0","level":"INFO","thread":"BesuCommand-Shutdown-Hook","class":"NetworkRunner","message":"Network stopped.","throwable":""}
{"timestamp":"2025-06-27T01:14:36,154","container":"48d3bb951ed0","level":"INFO","thread":"BesuCommand-Shutdown-Hook","class":"AutoTransactionLogBloomCachingService","message":"Shutting down Auto transaction logs caching service.","throwable":""}
{"timestamp":"2025-06-27T01:14:36,155","container":"48d3bb951ed0","level":"INFO","thread":"BesuCommand-Shutdown-Hook","class":"DockerNatManager","message":"Stopping docker NAT manager.","throwable":""}
