{"timestamp":"2025-07-18T17:13:46,215","container":"5ab8e9fe28ef","level":"INFO","thread":"main","class":"Besu","message":"Starting Besu","throwable":""}
{"timestamp":"2025-07-18T17:13:47,102","container":"5ab8e9fe28ef","level":"WARN","thread":"main","class":"Besu","message":"--min-gas-price has been ignored because --miner-enabled was not defined on the command line.","throwable":""}
{"timestamp":"2025-07-18T17:13:50,210","container":"5ab8e9fe28ef","level":"INFO","thread":"main","class":"Besu","message":"
####################################################################################################
#                                                                                                  #
# Besu version 23.4.1                                                                              #
#                                                                                                  #
# Configuration:                                                                                   #
# Network: Custom genesis file specified                                                           #
# Network Id: 1337                                                                                 #
# Data storage: Forest                                                                             #
# Sync mode: Full                                                                                  #
# RPC HTTP APIs: EEA,WEB3,ETH,NET,TRACE,DEBUG,ADMIN,TXPOOL,PRIV,PERM,QBFT                          #
# RPC HTTP port: 8545                                                                              #
#                                                                                                  #
# Host:                                                                                            #
# Java: openjdk-java-17                                                                            #
# Maximum heap size: 1.74 GB                                                                       #
# OS: linux-x86_64                                                                                 #
# glibc: 2.35                                                                                      #
# jemalloc: 5.2.1-0-gea6b3e973b477b8061e0076bb257dbd7f3faa756                                      #
# Total memory: 6.95 GB                                                                            #
# CPU cores: 4                                                                                     #
#                                                                                                  #
####################################################################################################","throwable":""}
{"timestamp":"2025-07-18T17:13:50,211","container":"5ab8e9fe28ef","level":"INFO","thread":"main","class":"Besu","message":"Connecting to 8 static nodes.","throwable":""}
{"timestamp":"2025-07-18T17:13:50,211","container":"5ab8e9fe28ef","level":"INFO","thread":"main","class":"Besu","message":"Security Module: localfile","throwable":""}
{"timestamp":"2025-07-18T17:13:50,640","container":"5ab8e9fe28ef","level":"INFO","thread":"main","class":"Besu","message":"Using the native implementation of alt bn128","throwable":""}
{"timestamp":"2025-07-18T17:13:50,797","container":"5ab8e9fe28ef","level":"INFO","thread":"main","class":"Besu","message":"Using the native implementation of modexp","throwable":""}
{"timestamp":"2025-07-18T17:13:50,822","container":"5ab8e9fe28ef","level":"INFO","thread":"main","class":"Besu","message":"Using the native implementation of the signature algorithm","throwable":""}
{"timestamp":"2025-07-18T17:13:50,875","container":"5ab8e9fe28ef","level":"INFO","thread":"main","class":"Besu","message":"Using the native implementation of the blake2bf algorithm","throwable":""}
{"timestamp":"2025-07-18T17:13:50,960","container":"5ab8e9fe28ef","level":"INFO","thread":"main","class":"RocksDBKeyValueStorageFactory","message":"No existing database detected at /opt/besu/data. Using version 1","throwable":""}
{"timestamp":"2025-07-18T17:13:54,525","container":"5ab8e9fe28ef","level":"INFO","thread":"main","class":"KeyPairUtil","message":"Loaded public key 0x8208a3f344695d44e9cf2c023683cbea7b9343e2f70a5e804bd2c93858e945f8f91439eef96a4ab6c47ff06637d6fbe6472f96de1655a1bee57ea896654f3a22 from /opt/besu/keys/nodekey","throwable":""}
{"timestamp":"2025-07-18T17:13:54,575","container":"5ab8e9fe28ef","level":"WARN","thread":"main","class":"Besu","message":"Privacy is disabled. Cannot use EEA/PRIV API methods when not using Privacy.","throwable":""}
{"timestamp":"2025-07-18T17:13:55,161","container":"5ab8e9fe28ef","level":"INFO","thread":"main","class":"ProtocolScheduleBuilder","message":"Protocol schedule created with milestones: [GrayGlacier: 0]","throwable":""}
{"timestamp":"2025-07-18T17:13:55,861","container":"5ab8e9fe28ef","level":"INFO","thread":"main","class":"TransactionPoolFactory","message":"Enabling transaction pool","throwable":""}
{"timestamp":"2025-07-18T17:13:55,937","container":"5ab8e9fe28ef","level":"INFO","thread":"main","class":"BesuControllerBuilder","message":"TTD difficulty is not present, creating initial sync phase for PoW","throwable":""}
{"timestamp":"2025-07-18T17:13:56,119","container":"5ab8e9fe28ef","level":"INFO","thread":"main","class":"RunnerBuilder","message":"Detecting NAT service.","throwable":""}
{"timestamp":"2025-07-18T17:13:57,816","container":"5ab8e9fe28ef","level":"INFO","thread":"main","class":"Runner","message":"Starting external services ... ","throwable":""}
{"timestamp":"2025-07-18T17:13:57,817","container":"5ab8e9fe28ef","level":"INFO","thread":"main","class":"MetricsHttpService","message":"Starting metrics http service on 0.0.0.0:9545","throwable":""}
{"timestamp":"2025-07-18T17:13:58,367","container":"5ab8e9fe28ef","level":"INFO","thread":"vert.x-eventloop-thread-1","class":"MetricsHttpService","message":"Metrics service started and listening on 0.0.0.0:9545","throwable":""}
{"timestamp":"2025-07-18T17:13:58,371","container":"5ab8e9fe28ef","level":"INFO","thread":"main","class":"JsonRpcHttpService","message":"Starting JSON-RPC service on 0.0.0.0:8545","throwable":""}
{"timestamp":"2025-07-18T17:13:58,417","container":"5ab8e9fe28ef","level":"INFO","thread":"vert.x-eventloop-thread-1","class":"JsonRpcHttpService","message":"JSON-RPC service started and listening on 0.0.0.0:8545","throwable":""}
{"timestamp":"2025-07-18T17:13:58,425","container":"5ab8e9fe28ef","level":"INFO","thread":"main","class":"GraphQLHttpService","message":"Starting GraphQL HTTP service on 0.0.0.0:8547","throwable":""}
{"timestamp":"2025-07-18T17:13:58,468","container":"5ab8e9fe28ef","level":"INFO","thread":"vert.x-eventloop-thread-1","class":"GraphQLHttpService","message":"GraphQL HTTP service started and listening on 0.0.0.0:8547","throwable":""}
{"timestamp":"2025-07-18T17:13:58,469","container":"5ab8e9fe28ef","level":"INFO","thread":"main","class":"WebSocketService","message":"Starting Websocket service on 0.0.0.0:8546","throwable":""}
{"timestamp":"2025-07-18T17:13:58,475","container":"5ab8e9fe28ef","level":"INFO","thread":"vert.x-eventloop-thread-1","class":"WebSocketService","message":"Websocket service started and listening on 0.0.0.0:8546","throwable":""}
{"timestamp":"2025-07-18T17:13:58,494","container":"5ab8e9fe28ef","level":"INFO","thread":"main","class":"AutoTransactionLogBloomCachingService","message":"Starting auto transaction log bloom caching service.","throwable":""}
{"timestamp":"2025-07-18T17:13:58,501","container":"5ab8e9fe28ef","level":"INFO","thread":"main","class":"LogBloomCacheMetadata","message":"Lookup cache metadata file in data directory: /opt/besu/data/caches","throwable":""}
{"timestamp":"2025-07-18T17:13:58,530","container":"5ab8e9fe28ef","level":"INFO","thread":"main","class":"Runner","message":"Starting Ethereum main loop ... ","throwable":""}
{"timestamp":"2025-07-18T17:13:58,530","container":"5ab8e9fe28ef","level":"INFO","thread":"main","class":"DockerNatManager","message":"Starting docker NAT manager.","throwable":""}
{"timestamp":"2025-07-18T17:13:58,573","container":"5ab8e9fe28ef","level":"INFO","thread":"main","class":"NetworkRunner","message":"Starting Network.","throwable":""}
{"timestamp":"2025-07-18T17:13:58,648","container":"5ab8e9fe28ef","level":"INFO","thread":"nioEventLoopGroup-2-1","class":"RlpxAgent","message":"P2P RLPx agent started and listening on /0.0.0.0:30303.","throwable":""}
{"timestamp":"2025-07-18T17:13:58,649","container":"5ab8e9fe28ef","level":"INFO","thread":"main","class":"PeerDiscoveryAgent","message":"Starting peer discovery agent on host=0.0.0.0, port=30303","throwable":""}
{"timestamp":"2025-07-18T17:13:58,697","container":"5ab8e9fe28ef","level":"INFO","thread":"vert.x-eventloop-thread-1","class":"VertxPeerDiscoveryAgent","message":"Started peer discovery agent successfully, on effective host=0.0.0.0 and port=30303","throwable":""}
{"timestamp":"2025-07-18T17:13:58,704","container":"5ab8e9fe28ef","level":"INFO","thread":"vert.x-eventloop-thread-1","class":"PeerDiscoveryAgent","message":"P2P peer discovery agent started and listening on /0.0.0.0:30303","throwable":""}
{"timestamp":"2025-07-18T17:13:58,851","container":"5ab8e9fe28ef","level":"INFO","thread":"vert.x-eventloop-thread-1","class":"PeerDiscoveryAgent","message":"Writing node record to disk. NodeRecord{seq=1, publicKey=0x028208a3f344695d44e9cf2c023683cbea7b9343e2f70a5e804bd2c93858e945f8, udpAddress=Optional[/10.26.106.105:30303], tcpAddress=Optional[/10.26.106.105:30303], asBase64=-Je4QI1oBEm-wcmGe5mdsb9qoSkkrL1JDFs_coZ9bArMADVAchkdLY90KkkXcTQP_fnc_ffUBqIyE5xYtFZyOC1Bq-kBg2V0aMfGhGpSrW2AgmlkgnY0gmlwhAoaammJc2VjcDI1NmsxoQKCCKPzRGldROnPLAI2g8vqe5ND4vcKXoBL0sk4WOlF-IN0Y3CCdl-DdWRwgnZf, nodeId=0x58e94810eeee14c28613b47e93917cadbace5dfce132b991732c6cda9bcc5b8a, customFields={tcp=30303, udp=30303, ip=0x0a1a6a69, eth=[[0x6a52ad6d, 0x]], id=V4, secp256k1=0x028208a3f344695d44e9cf2c023683cbea7b9343e2f70a5e804bd2c93858e945f8}}","throwable":""}
{"timestamp":"2025-07-18T17:13:58,893","container":"5ab8e9fe28ef","level":"INFO","thread":"main","class":"DefaultP2PNetwork","message":"Enode URL enode://8208a3f344695d44e9cf2c023683cbea7b9343e2f70a5e804bd2c93858e945f8f91439eef96a4ab6c47ff06637d6fbe6472f96de1655a1bee57ea896654f3a22@10.26.106.105:30303","throwable":""}
{"timestamp":"2025-07-18T17:13:58,895","container":"5ab8e9fe28ef","level":"INFO","thread":"main","class":"DefaultP2PNetwork","message":"Node address 0x93917cadbace5dfce132b991732c6cda9bcc5b8a","throwable":""}
{"timestamp":"2025-07-18T17:13:59,109","container":"5ab8e9fe28ef","level":"INFO","thread":"main","class":"NetworkRunner","message":"Supported capabilities: [eth/62, eth/63, eth/64, eth/65, eth/66, eth/67, eth/68], [istanbul/100], [snap/1]","throwable":""}
{"timestamp":"2025-07-18T17:13:59,110","container":"5ab8e9fe28ef","level":"INFO","thread":"main","class":"DefaultSynchronizer","message":"Starting synchronizer.","throwable":""}
{"timestamp":"2025-07-18T17:13:59,112","container":"5ab8e9fe28ef","level":"INFO","thread":"main","class":"TransactionPoolFactory","message":"Enabling transaction handling following initial sync","throwable":""}
{"timestamp":"2025-07-18T17:13:59,113","container":"5ab8e9fe28ef","level":"INFO","thread":"main","class":"FullSyncDownloader","message":"Starting full sync.","throwable":""}
{"timestamp":"2025-07-18T17:13:59,115","container":"5ab8e9fe28ef","level":"INFO","thread":"main","class":"FullSyncTargetManager","message":"Unable to find sync target. Currently checking 0 peers for usefulness","throwable":""}
{"timestamp":"2025-07-18T17:13:59,383","container":"5ab8e9fe28ef","level":"INFO","thread":"main","class":"Runner","message":"Ethereum main loop is up.","throwable":""}
{"timestamp":"2025-07-18T17:13:59,607","container":"5ab8e9fe28ef","level":"INFO","thread":"nioEventLoopGroup-3-4","class":"FullSyncTargetManager","message":"Unable to find sync target. Currently checking 3 peers for usefulness","throwable":""}
{"timestamp":"2025-07-18T17:14:04,610","container":"5ab8e9fe28ef","level":"INFO","thread":"EthScheduler-Timer-0","class":"FullSyncTargetManager","message":"Unable to find sync target. Currently checking 3 peers for usefulness","throwable":""}
{"timestamp":"2025-07-18T17:14:08,432","container":"5ab8e9fe28ef","level":"INFO","thread":"BftProcessorExecutor-QBFT-0","class":"QbftRound","message":"Importing proposed block to chain. round=ConsensusRoundIdentifier{Sequence=1, Round=1}, hash=0x6574020a00a01e17398d1feae2601c64056b231df44cafe6e97935b83aefee1f","throwable":""}
{"timestamp":"2025-07-18T17:14:08,464","container":"5ab8e9fe28ef","level":"INFO","thread":"BftProcessorExecutor-QBFT-0","class":"QbftBesuControllerBuilder","message":"Produced #1 / 0 tx / 0 pending / 0 (0.0%) gas / (0x6574020a00a01e17398d1feae2601c64056b231df44cafe6e97935b83aefee1f)","throwable":""}
{"timestamp":"2025-07-18T17:14:09,611","container":"5ab8e9fe28ef","level":"INFO","thread":"EthScheduler-Timer-0","class":"FullSyncTargetManager","message":"Unable to find sync target. Currently checking 3 peers for usefulness","throwable":""}
{"timestamp":"2025-07-18T17:14:14,615","container":"5ab8e9fe28ef","level":"INFO","thread":"EthScheduler-Timer-0","class":"FullSyncTargetManager","message":"Unable to find sync target. Currently checking 3 peers for usefulness","throwable":""}
{"timestamp":"2025-07-18T17:14:16,081","container":"5ab8e9fe28ef","level":"INFO","thread":"BftProcessorExecutor-QBFT-0","class":"QbftBesuControllerBuilder","message":"Imported #2 / 0 tx / 0 pending / 0 (0.0%) gas / (0x1c8888423a2d837369ce937e172dc50772f9bc7427678a707a8009d3c4ecdbf6)","throwable":""}
{"timestamp":"2025-07-18T17:14:24,114","container":"5ab8e9fe28ef","level":"INFO","thread":"BftProcessorExecutor-QBFT-0","class":"QbftBesuControllerBuilder","message":"Imported #3 / 0 tx / 0 pending / 0 (0.0%) gas / (0x59da9e7cabf780e30724a25218a6e3bb96cc7d22160e0f893b31d9c62c8bd9e0)","throwable":""}
{"timestamp":"2025-07-18T17:14:32,084","container":"5ab8e9fe28ef","level":"INFO","thread":"BftProcessorExecutor-QBFT-0","class":"QbftBesuControllerBuilder","message":"Imported #4 / 0 tx / 0 pending / 0 (0.0%) gas / (0x847c46251cfee762cdcccc41bfba58052c5bb6a2ac91e3661d4c10b7372ab796)","throwable":""}
{"timestamp":"2025-07-18T17:14:40,062","container":"5ab8e9fe28ef","level":"INFO","thread":"BftProcessorExecutor-QBFT-0","class":"QbftBesuControllerBuilder","message":"Produced #5 / 0 tx / 0 pending / 0 (0.0%) gas / (0xbdce0b2ebec3d3acd796fa524900adb8f21897b18aa4685280e75c8401cbd2d4)","throwable":""}
{"timestamp":"2025-07-18T17:14:48,081","container":"5ab8e9fe28ef","level":"INFO","thread":"BftProcessorExecutor-QBFT-0","class":"QbftBesuControllerBuilder","message":"Imported #6 / 0 tx / 0 pending / 0 (0.0%) gas / (0xe67298273d8157cf4395c0785c7158339853fea897b69e208dda8dc321cd5350)","throwable":""}
{"timestamp":"2025-07-18T17:14:56,069","container":"5ab8e9fe28ef","level":"INFO","thread":"BftProcessorExecutor-QBFT-0","class":"QbftBesuControllerBuilder","message":"Imported #7 / 0 tx / 0 pending / 0 (0.0%) gas / (0x68031acd3ec704202a7ecceeb67b025ed8e04c52d2fc1694b6c2bb709e306d15)","throwable":""}
{"timestamp":"2025-07-18T17:15:04,057","container":"5ab8e9fe28ef","level":"INFO","thread":"BftProcessorExecutor-QBFT-0","class":"QbftBesuControllerBuilder","message":"Imported #8 / 0 tx / 0 pending / 0 (0.0%) gas / (0x2de3653a19a5d8c42d9195a7a0b8827f0f8255eb804ae9dad60aa0bf2a809467)","throwable":""}
{"timestamp":"2025-07-18T17:15:12,088","container":"5ab8e9fe28ef","level":"INFO","thread":"BftProcessorExecutor-QBFT-0","class":"QbftBesuControllerBuilder","message":"Produced #9 / 0 tx / 0 pending / 0 (0.0%) gas / (0xe185b1f18d27effaf3a414c4c96be9fe21987f6db21d98d5e97bd8692ecd2177)","throwable":""}
{"timestamp":"2025-07-18T17:15:12,090","container":"5ab8e9fe28ef","level":"INFO","thread":"EthScheduler-Workers-0","class":"PersistBlockTask","message":"Block 9 (0xe185b1f18d27effaf3a414c4c96be9fe21987f6db21d98d5e97bd8692ecd2177) is already imported","throwable":""}
{"timestamp":"2025-07-18T17:15:20,092","container":"5ab8e9fe28ef","level":"INFO","thread":"BftProcessorExecutor-QBFT-0","class":"QbftBesuControllerBuilder","message":"Imported #10 / 0 tx / 0 pending / 0 (0.0%) gas / (0xe5db6a3b756a06d144f1b6603fa55daca160bfce034b646e2152ffa846709d92)","throwable":""}
{"timestamp":"2025-07-18T17:15:28,082","container":"5ab8e9fe28ef","level":"INFO","thread":"BftProcessorExecutor-QBFT-0","class":"QbftBesuControllerBuilder","message":"Imported #11 / 0 tx / 0 pending / 0 (0.0%) gas / (0x6acd599b22c11f7e403921addd3d717effa085920ae2ffba9715354eda1d192c)","throwable":""}
{"timestamp":"2025-07-18T17:15:36,096","container":"5ab8e9fe28ef","level":"INFO","thread":"EthScheduler-Workers-0","class":"PersistBlockTask","message":"Block 12 (0x1151dc9d725cefbd5d4e8b6d3ed098ebc3d8ab4524a943af1a852a059db16ace) is already imported","throwable":""}
{"timestamp":"2025-07-18T17:15:36,108","container":"5ab8e9fe28ef","level":"INFO","thread":"BftProcessorExecutor-QBFT-0","class":"QbftBesuControllerBuilder","message":"Imported #12 / 0 tx / 0 pending / 0 (0.0%) gas / (0x1151dc9d725cefbd5d4e8b6d3ed098ebc3d8ab4524a943af1a852a059db16ace)","throwable":""}
{"timestamp":"2025-07-18T17:15:44,048","container":"5ab8e9fe28ef","level":"INFO","thread":"BftProcessorExecutor-QBFT-0","class":"QbftBesuControllerBuilder","message":"Produced #13 / 0 tx / 0 pending / 0 (0.0%) gas / (0x519909bb0901f7a4a08b9a38acdb1622f5937a4e940b6763338979478b300c7e)","throwable":""}
{"timestamp":"2025-07-18T17:15:52,040","container":"5ab8e9fe28ef","level":"INFO","thread":"BftProcessorExecutor-QBFT-0","class":"QbftBesuControllerBuilder","message":"Imported #14 / 0 tx / 0 pending / 0 (0.0%) gas / (0xc2fb00af49d13374ecc547bd3535145db9b40ec46f3abed3357b846f1c621395)","throwable":""}
{"timestamp":"2025-07-18T17:16:00,030","container":"5ab8e9fe28ef","level":"INFO","thread":"BftProcessorExecutor-QBFT-0","class":"QbftBesuControllerBuilder","message":"Imported #15 / 0 tx / 0 pending / 0 (0.0%) gas / (0xf8b9d3c332ca31818111352afa29dd4dabbe3a20214321d057ab5da13191fb5b)","throwable":""}
{"timestamp":"2025-07-18T17:16:08,088","container":"5ab8e9fe28ef","level":"INFO","thread":"BftProcessorExecutor-QBFT-0","class":"QbftBesuControllerBuilder","message":"Imported #16 / 0 tx / 0 pending / 0 (0.0%) gas / (0xb787c3b65e7f401b61f2062e779972cce82d45a63972a78e40f45334279d8401)","throwable":""}
{"timestamp":"2025-07-18T17:16:08,092","container":"5ab8e9fe28ef","level":"INFO","thread":"EthScheduler-Workers-0","class":"PersistBlockTask","message":"Block 16 (0xb787c3b65e7f401b61f2062e779972cce82d45a63972a78e40f45334279d8401) is already imported","throwable":""}
{"timestamp":"2025-07-18T17:16:16,050","container":"5ab8e9fe28ef","level":"INFO","thread":"BftProcessorExecutor-QBFT-0","class":"QbftBesuControllerBuilder","message":"Produced #17 / 0 tx / 0 pending / 0 (0.0%) gas / (0x95987b0dda8e39a0179f20cd8ec4dc09bb5f695ef345fd73928c0e726601af7f)","throwable":""}
{"timestamp":"2025-07-18T17:16:24,062","container":"5ab8e9fe28ef","level":"INFO","thread":"BftProcessorExecutor-QBFT-0","class":"QbftBesuControllerBuilder","message":"Imported #18 / 0 tx / 0 pending / 0 (0.0%) gas / (0xc6c21c159c4b8fbc4b2c827d021ef21166089a03692e9b7e50006ce2061ea4f5)","throwable":""}
{"timestamp":"2025-07-18T17:16:32,047","container":"5ab8e9fe28ef","level":"INFO","thread":"BftProcessorExecutor-QBFT-0","class":"QbftBesuControllerBuilder","message":"Imported #19 / 0 tx / 0 pending / 0 (0.0%) gas / (0xa5f88bfb38d20e044cf5cb69b364c6276b5ea37ccc54f3953656e66e6f94fcaf)","throwable":""}
{"timestamp":"2025-07-18T17:16:40,081","container":"5ab8e9fe28ef","level":"INFO","thread":"BftProcessorExecutor-QBFT-0","class":"QbftBesuControllerBuilder","message":"Imported #20 / 0 tx / 0 pending / 0 (0.0%) gas / (0x54fd0242ed96e226fc75f1de7039891b8440bf22c882eabe30d80f24693db468)","throwable":""}
{"timestamp":"2025-07-18T17:16:48,039","container":"5ab8e9fe28ef","level":"INFO","thread":"BftProcessorExecutor-QBFT-0","class":"QbftBesuControllerBuilder","message":"Produced #21 / 0 tx / 0 pending / 0 (0.0%) gas / (0x159b106d496be4376b7152e913c534ce3e74070b632d5f4890a7a70f3785a88b)","throwable":""}
{"timestamp":"2025-07-18T17:16:56,049","container":"5ab8e9fe28ef","level":"INFO","thread":"BftProcessorExecutor-QBFT-0","class":"QbftBesuControllerBuilder","message":"Imported #22 / 0 tx / 0 pending / 0 (0.0%) gas / (0xe5eacc08b905e1481dce4120e69c0485c7af2d97f547e4fd33b33d748febd3de)","throwable":""}
{"timestamp":"2025-07-18T17:17:04,065","container":"5ab8e9fe28ef","level":"INFO","thread":"BftProcessorExecutor-QBFT-0","class":"QbftBesuControllerBuilder","message":"Imported #23 / 0 tx / 0 pending / 0 (0.0%) gas / (0xf24b9552641945f72871f741bb1f5196bcce7486c3e339b0285094b0b427e840)","throwable":""}
{"timestamp":"2025-07-18T17:17:12,046","container":"5ab8e9fe28ef","level":"INFO","thread":"BftProcessorExecutor-QBFT-0","class":"QbftBesuControllerBuilder","message":"Imported #24 / 0 tx / 0 pending / 0 (0.0%) gas / (0x7dfe4e6d6a028ab8befddee6754d4be1aa146f6ddca88f2f5fb5bb4c6ec0d1b1)","throwable":""}
{"timestamp":"2025-07-18T17:17:20,070","container":"5ab8e9fe28ef","level":"INFO","thread":"EthScheduler-Workers-0","class":"PersistBlockTask","message":"Imported #25 / 0 tx / 0 om / 0 (0.0%) gas / (0x8fd0e7657515d64eccec30a18be96c711d66baeb867193e8c44d998888c6618a) in 0.007s. Peers: 3","throwable":""}
{"timestamp":"2025-07-18T17:17:20,077","container":"5ab8e9fe28ef","level":"INFO","thread":"BftProcessorExecutor-QBFT-0","class":"QbftBesuControllerBuilder","message":"Produced #25 / 0 tx / 0 pending / 0 (0.0%) gas / (0x8fd0e7657515d64eccec30a18be96c711d66baeb867193e8c44d998888c6618a)","throwable":""}
{"timestamp":"2025-07-18T17:17:28,073","container":"5ab8e9fe28ef","level":"INFO","thread":"EthScheduler-Workers-0","class":"PersistBlockTask","message":"Block 26 (0x2bb8d140d273ba7d0e879fe9af6b943a3027c3a3e558b191682502405d37eaf7) is already imported","throwable":""}
{"timestamp":"2025-07-18T17:17:28,079","container":"5ab8e9fe28ef","level":"INFO","thread":"BftProcessorExecutor-QBFT-0","class":"QbftBesuControllerBuilder","message":"Imported #26 / 0 tx / 0 pending / 0 (0.0%) gas / (0x2bb8d140d273ba7d0e879fe9af6b943a3027c3a3e558b191682502405d37eaf7)","throwable":""}
{"timestamp":"2025-07-18T17:17:36,103","container":"5ab8e9fe28ef","level":"INFO","thread":"BftProcessorExecutor-QBFT-0","class":"QbftBesuControllerBuilder","message":"Imported #27 / 0 tx / 0 pending / 0 (0.0%) gas / (0x580490522ff465710e6518792f1f4b5db44e58a625f4f9652d5652cc8c68adde)","throwable":""}
{"timestamp":"2025-07-18T17:17:44,046","container":"5ab8e9fe28ef","level":"INFO","thread":"BftProcessorExecutor-QBFT-0","class":"QbftBesuControllerBuilder","message":"Imported #28 / 0 tx / 0 pending / 0 (0.0%) gas / (0xf708a8cf2accd24a540af1e9f5df638f3859c8f00e89218f618aea27921740ae)","throwable":""}
{"timestamp":"2025-07-18T17:17:52,028","container":"5ab8e9fe28ef","level":"INFO","thread":"BftProcessorExecutor-QBFT-0","class":"QbftBesuControllerBuilder","message":"Produced #29 / 0 tx / 0 pending / 0 (0.0%) gas / (0xf24e619239cffc48083b2d7a5ec6f19017e19e94950bc1459d9dc66e795be43b)","throwable":""}
{"timestamp":"2025-07-18T17:18:00,063","container":"5ab8e9fe28ef","level":"INFO","thread":"BftProcessorExecutor-QBFT-0","class":"QbftBesuControllerBuilder","message":"Imported #30 / 0 tx / 0 pending / 0 (0.0%) gas / (0xca16da406a092ffd1f936950233965e1b48f3d0d431e68a912918fa5c7df1df0)","throwable":""}
{"timestamp":"2025-07-18T17:18:08,043","container":"5ab8e9fe28ef","level":"INFO","thread":"BftProcessorExecutor-QBFT-0","class":"QbftBesuControllerBuilder","message":"Imported #31 / 0 tx / 0 pending / 0 (0.0%) gas / (0xb92a6d324c747d0ed5b26fa52483d040660b91fdff83d6bc3885a3b7e0bfc9ab)","throwable":""}
{"timestamp":"2025-07-18T17:18:16,059","container":"5ab8e9fe28ef","level":"INFO","thread":"BftProcessorExecutor-QBFT-0","class":"QbftBesuControllerBuilder","message":"Imported #32 / 0 tx / 0 pending / 0 (0.0%) gas / (0xdab86ab325197250ecda6673886a144d0650735493dbf87c46b2372d9f4e7e04)","throwable":""}
{"timestamp":"2025-07-18T17:18:24,055","container":"5ab8e9fe28ef","level":"INFO","thread":"BftProcessorExecutor-QBFT-0","class":"QbftBesuControllerBuilder","message":"Produced #33 / 0 tx / 0 pending / 0 (0.0%) gas / (0x0fa21c9e569f3ed8471c860260b2bf3eedb8b1dac646b21e34d2b13d4d2312af)","throwable":""}
{"timestamp":"2025-07-18T17:18:32,047","container":"5ab8e9fe28ef","level":"INFO","thread":"BftProcessorExecutor-QBFT-0","class":"QbftBesuControllerBuilder","message":"Imported #34 / 0 tx / 0 pending / 0 (0.0%) gas / (0xe1e04b26b086a8147ae7a458c7f44ce406f9c3669111a9eeec7989cffd75bbec)","throwable":""}
{"timestamp":"2025-07-18T17:18:40,038","container":"5ab8e9fe28ef","level":"INFO","thread":"BftProcessorExecutor-QBFT-0","class":"QbftBesuControllerBuilder","message":"Imported #35 / 0 tx / 0 pending / 0 (0.0%) gas / (0x873ae6825a4903656de586ff995bcc76fd4335170622b40fa5069c6df357d804)","throwable":""}
{"timestamp":"2025-07-18T17:18:48,042","container":"5ab8e9fe28ef","level":"INFO","thread":"BftProcessorExecutor-QBFT-0","class":"QbftBesuControllerBuilder","message":"Imported #36 / 0 tx / 0 pending / 0 (0.0%) gas / (0x4b8d4ed650ed00494eee7d486cd66f8e8930e59e6fa4ab106efce33753836713)","throwable":""}
{"timestamp":"2025-07-18T17:18:56,050","container":"5ab8e9fe28ef","level":"INFO","thread":"BftProcessorExecutor-QBFT-0","class":"QbftBesuControllerBuilder","message":"Produced #37 / 0 tx / 0 pending / 0 (0.0%) gas / (0xb77f4af91054cdccbdd90e2d01c13160d337b59f80b208521ced46550df274b3)","throwable":""}
{"timestamp":"2025-07-18T17:19:04,053","container":"5ab8e9fe28ef","level":"INFO","thread":"BftProcessorExecutor-QBFT-0","class":"QbftBesuControllerBuilder","message":"Imported #38 / 0 tx / 0 pending / 0 (0.0%) gas / (0xbf13464a4f24481792492e627a03b95addaa1e0dbc33b23c93066b7fda25cc93)","throwable":""}
{"timestamp":"2025-07-18T17:19:04,054","container":"5ab8e9fe28ef","level":"INFO","thread":"EthScheduler-Workers-0","class":"PersistBlockTask","message":"Block 38 (0xbf13464a4f24481792492e627a03b95addaa1e0dbc33b23c93066b7fda25cc93) is already imported","throwable":""}
{"timestamp":"2025-07-18T17:19:12,039","container":"5ab8e9fe28ef","level":"INFO","thread":"BftProcessorExecutor-QBFT-0","class":"QbftBesuControllerBuilder","message":"Imported #39 / 0 tx / 0 pending / 0 (0.0%) gas / (0x0999f35e9f93c22679d2ac4b94d4c9413511fc115ecfa3cf5d058ade5b9e5812)","throwable":""}
{"timestamp":"2025-07-18T17:19:20,053","container":"5ab8e9fe28ef","level":"INFO","thread":"BftProcessorExecutor-QBFT-0","class":"QbftBesuControllerBuilder","message":"Imported #40 / 0 tx / 0 pending / 0 (0.0%) gas / (0x24878a29ac83b6a31e195923b6c0f57cb32c3a31ec1de05f8a08a27d1b4bddb4)","throwable":""}
{"timestamp":"2025-07-18T17:19:28,045","container":"5ab8e9fe28ef","level":"INFO","thread":"BftProcessorExecutor-QBFT-0","class":"QbftBesuControllerBuilder","message":"Produced #41 / 0 tx / 0 pending / 0 (0.0%) gas / (0xba4d238a4771fb4dd15bce62292bde6dabc7c027b8cb30778f282a3c0c60fea8)","throwable":""}
{"timestamp":"2025-07-18T17:19:36,042","container":"5ab8e9fe28ef","level":"INFO","thread":"BftProcessorExecutor-QBFT-0","class":"QbftBesuControllerBuilder","message":"Imported #42 / 0 tx / 0 pending / 0 (0.0%) gas / (0xbf2a0c3b0b5128ff15420df2ec9e36a7e6c58bd44e2dca820151cdf654114502)","throwable":""}
{"timestamp":"2025-07-18T17:19:44,061","container":"5ab8e9fe28ef","level":"INFO","thread":"BftProcessorExecutor-QBFT-0","class":"QbftBesuControllerBuilder","message":"Imported #43 / 0 tx / 0 pending / 0 (0.0%) gas / (0xbabb5079eace046c868508389a7de6329ae1ed8c4e9297b362a5dd43eea6cfdf)","throwable":""}
{"timestamp":"2025-07-18T17:19:52,023","container":"5ab8e9fe28ef","level":"INFO","thread":"BftProcessorExecutor-QBFT-0","class":"QbftBesuControllerBuilder","message":"Imported #44 / 0 tx / 0 pending / 0 (0.0%) gas / (0x5e08b3d3d43db260bff9bbcc83534fa761288259ed46ef52b7abacc80c54499a)","throwable":""}
{"timestamp":"2025-07-18T17:20:00,037","container":"5ab8e9fe28ef","level":"INFO","thread":"BftProcessorExecutor-QBFT-0","class":"QbftBesuControllerBuilder","message":"Produced #45 / 0 tx / 0 pending / 0 (0.0%) gas / (0x59da4a7c507b3c24856a0c93b0911683e23e388bda2c5a64540796cc90c4f202)","throwable":""}
{"timestamp":"2025-07-18T17:20:08,038","container":"5ab8e9fe28ef","level":"INFO","thread":"BftProcessorExecutor-QBFT-0","class":"QbftBesuControllerBuilder","message":"Imported #46 / 0 tx / 0 pending / 0 (0.0%) gas / (0xaaa2adb3ccf9b4aa459a4665b2ec2a6125463bfa9e2afca4d09a4fb77f4ed892)","throwable":""}
{"timestamp":"2025-07-18T17:20:16,062","container":"5ab8e9fe28ef","level":"INFO","thread":"BftProcessorExecutor-QBFT-0","class":"QbftBesuControllerBuilder","message":"Imported #47 / 0 tx / 0 pending / 0 (0.0%) gas / (0xf7656af7260195e0c921fd647aa46c92136ab7e0c2c967828c95247579704d01)","throwable":""}
{"timestamp":"2025-07-18T17:20:24,040","container":"5ab8e9fe28ef","level":"INFO","thread":"BftProcessorExecutor-QBFT-0","class":"QbftBesuControllerBuilder","message":"Imported #48 / 0 tx / 0 pending / 0 (0.0%) gas / (0xacaf92f045d02bc544d27936fc04a88c3ba3b3c34a4ad4528a3921f2dbb30b8f)","throwable":""}
{"timestamp":"2025-07-18T17:20:32,035","container":"5ab8e9fe28ef","level":"INFO","thread":"BftProcessorExecutor-QBFT-0","class":"QbftBesuControllerBuilder","message":"Produced #49 / 0 tx / 0 pending / 0 (0.0%) gas / (0xfa185e3fb5eb3704760aa02a7c0040e62ae7beba8e1f270ea9c5fd9efba70c51)","throwable":""}
{"timestamp":"2025-07-18T17:20:40,057","container":"5ab8e9fe28ef","level":"INFO","thread":"BftProcessorExecutor-QBFT-0","class":"QbftBesuControllerBuilder","message":"Imported #50 / 0 tx / 0 pending / 0 (0.0%) gas / (0xfd582df6ea6eb6810095317cb48343034c90163a78969b8be10a979a6b129669)","throwable":""}
{"timestamp":"2025-07-18T17:20:48,055","container":"5ab8e9fe28ef","level":"INFO","thread":"BftProcessorExecutor-QBFT-0","class":"QbftBesuControllerBuilder","message":"Imported #51 / 0 tx / 0 pending / 0 (0.0%) gas / (0x170b2b6916a2330d9147584b13a3841347b706679ec9329da88cff11482b0e5a)","throwable":""}
{"timestamp":"2025-07-18T17:20:56,070","container":"5ab8e9fe28ef","level":"INFO","thread":"EthScheduler-Workers-0","class":"PersistBlockTask","message":"Imported #52 / 0 tx / 0 om / 0 (0.0%) gas / (0x691d7b71fb5557a7c759f47eb7eac1acfeb60848843ae9738bd037ba3986f8a2) in 0.001s. Peers: 3","throwable":""}
{"timestamp":"2025-07-18T17:20:56,078","container":"5ab8e9fe28ef","level":"INFO","thread":"BftProcessorExecutor-QBFT-0","class":"QbftBesuControllerBuilder","message":"Imported #52 / 0 tx / 0 pending / 0 (0.0%) gas / (0x691d7b71fb5557a7c759f47eb7eac1acfeb60848843ae9738bd037ba3986f8a2)","throwable":""}
{"timestamp":"2025-07-18T17:21:04,023","container":"5ab8e9fe28ef","level":"INFO","thread":"BftProcessorExecutor-QBFT-0","class":"QbftBesuControllerBuilder","message":"Produced #53 / 0 tx / 0 pending / 0 (0.0%) gas / (0xac6f11feb05939411a754725a56ba0c81685de1fd3a08b1b52b44c043b1619ad)","throwable":""}
{"timestamp":"2025-07-18T17:21:12,035","container":"5ab8e9fe28ef","level":"INFO","thread":"BftProcessorExecutor-QBFT-0","class":"QbftBesuControllerBuilder","message":"Imported #54 / 0 tx / 0 pending / 0 (0.0%) gas / (0x2b70b83c1005a91007f562f01ac85d0141f3c1f6498b055a6e2e1b42c94aebd0)","throwable":""}
{"timestamp":"2025-07-18T17:21:20,047","container":"5ab8e9fe28ef","level":"INFO","thread":"BftProcessorExecutor-QBFT-0","class":"QbftBesuControllerBuilder","message":"Imported #55 / 0 tx / 0 pending / 0 (0.0%) gas / (0x6dd8365c19775be826dd41c1808df51a21f48102167b0113b398e9accb56a6f4)","throwable":""}
{"timestamp":"2025-07-18T17:21:28,041","container":"5ab8e9fe28ef","level":"INFO","thread":"BftProcessorExecutor-QBFT-0","class":"QbftBesuControllerBuilder","message":"Imported #56 / 0 tx / 0 pending / 0 (0.0%) gas / (0xa166e4e5579690f2c9cada7b3968b6ad91e561c428761a3eabe3cbab69ed6769)","throwable":""}
{"timestamp":"2025-07-18T17:21:36,046","container":"5ab8e9fe28ef","level":"INFO","thread":"BftProcessorExecutor-QBFT-0","class":"QbftBesuControllerBuilder","message":"Produced #57 / 0 tx / 0 pending / 0 (0.0%) gas / (0x3cbfb99284a93bf3069ed5a07123ad9150e4240ba89591666149e2a59d35f317)","throwable":""}
{"timestamp":"2025-07-18T17:21:44,037","container":"5ab8e9fe28ef","level":"INFO","thread":"BftProcessorExecutor-QBFT-0","class":"QbftBesuControllerBuilder","message":"Imported #58 / 0 tx / 0 pending / 0 (0.0%) gas / (0x902575138a1bb07350edcb591f8dacd84d352bc0ad1bfbf6af5c103af0d94332)","throwable":""}
{"timestamp":"2025-07-18T17:21:52,026","container":"5ab8e9fe28ef","level":"INFO","thread":"BftProcessorExecutor-QBFT-0","class":"QbftBesuControllerBuilder","message":"Imported #59 / 0 tx / 0 pending / 0 (0.0%) gas / (0xca4ec5797e3c61743992f6bff98b56fbd9e596096d98f32bd0fb21cd13a09a5f)","throwable":""}
{"timestamp":"2025-07-18T17:22:00,070","container":"5ab8e9fe28ef","level":"INFO","thread":"BftProcessorExecutor-QBFT-0","class":"QbftBesuControllerBuilder","message":"Imported #60 / 0 tx / 0 pending / 0 (0.0%) gas / (0x14244d4c7bb539d9cc6ed2b9b399c16b28f06e025843438ef1d0808f66349d6b)","throwable":""}
{"timestamp":"2025-07-18T17:22:08,033","container":"5ab8e9fe28ef","level":"INFO","thread":"BftProcessorExecutor-QBFT-0","class":"QbftBesuControllerBuilder","message":"Produced #61 / 0 tx / 0 pending / 0 (0.0%) gas / (0x9cbfdcd710da221c692df705380b965741b9a16c639815ebd6db6d08431d7560)","throwable":""}
{"timestamp":"2025-07-18T17:22:16,028","container":"5ab8e9fe28ef","level":"INFO","thread":"BftProcessorExecutor-QBFT-0","class":"QbftBesuControllerBuilder","message":"Imported #62 / 0 tx / 0 pending / 0 (0.0%) gas / (0xc2c5deb3bb4e642296573880b1c6f56369885ff03956e7c4aa8540e5cf222ae3)","throwable":""}
{"timestamp":"2025-07-18T17:22:24,035","container":"5ab8e9fe28ef","level":"INFO","thread":"BftProcessorExecutor-QBFT-0","class":"QbftBesuControllerBuilder","message":"Imported #63 / 0 tx / 0 pending / 0 (0.0%) gas / (0xaa88462a27ff357ea75e8e33571e1aca1ae8506e45104cf7984edc2a2f863088)","throwable":""}
{"timestamp":"2025-07-18T17:22:32,055","container":"5ab8e9fe28ef","level":"INFO","thread":"BftProcessorExecutor-QBFT-0","class":"QbftBesuControllerBuilder","message":"Imported #64 / 0 tx / 0 pending / 0 (0.0%) gas / (0x2e884e04c98bb117843586292b83e1c488f2d103f2f145b8306725c646751ea6)","throwable":""}
{"timestamp":"2025-07-18T17:22:40,029","container":"5ab8e9fe28ef","level":"INFO","thread":"BftProcessorExecutor-QBFT-0","class":"QbftBesuControllerBuilder","message":"Produced #65 / 0 tx / 0 pending / 0 (0.0%) gas / (0xfdaef74b3c51a46e9e7033f982bd5713d76f3c68e8908bb3ed12faa477d065d3)","throwable":""}
{"timestamp":"2025-07-18T17:22:48,032","container":"5ab8e9fe28ef","level":"INFO","thread":"BftProcessorExecutor-QBFT-0","class":"QbftBesuControllerBuilder","message":"Imported #66 / 0 tx / 0 pending / 0 (0.0%) gas / (0xcb01ac4607423baaa4e0b91b921cf8c20131cc2780a8586e846ac0df6cb66c92)","throwable":""}
{"timestamp":"2025-07-18T17:22:56,046","container":"5ab8e9fe28ef","level":"INFO","thread":"BftProcessorExecutor-QBFT-0","class":"QbftBesuControllerBuilder","message":"Imported #67 / 0 tx / 0 pending / 0 (0.0%) gas / (0xbb83e73e8b71cbc1edef323ca9d629eeacabc379e5337820e09c806cc57a8339)","throwable":""}
{"timestamp":"2025-07-18T17:23:04,028","container":"5ab8e9fe28ef","level":"INFO","thread":"BftProcessorExecutor-QBFT-0","class":"QbftBesuControllerBuilder","message":"Imported #68 / 0 tx / 0 pending / 0 (0.0%) gas / (0x050ce5b3e7b7adc6e0746c1af50f48579c4498671162bcf9149dced67c2bc21c)","throwable":""}
{"timestamp":"2025-07-18T17:23:12,059","container":"5ab8e9fe28ef","level":"INFO","thread":"BftProcessorExecutor-QBFT-0","class":"QbftBesuControllerBuilder","message":"Produced #69 / 0 tx / 0 pending / 0 (0.0%) gas / (0xb11d0425f2efb62434812b362a1c719a607363665076bac31550a318af1230d3)","throwable":""}
{"timestamp":"2025-07-18T17:23:20,031","container":"5ab8e9fe28ef","level":"INFO","thread":"BftProcessorExecutor-QBFT-0","class":"QbftBesuControllerBuilder","message":"Imported #70 / 0 tx / 0 pending / 0 (0.0%) gas / (0x2f6eb3e11b413475101f942cf1db6ac86276ff7d297f2638f8c4c189415c4430)","throwable":""}
{"timestamp":"2025-07-18T17:23:28,042","container":"5ab8e9fe28ef","level":"INFO","thread":"BftProcessorExecutor-QBFT-0","class":"QbftBesuControllerBuilder","message":"Imported #71 / 0 tx / 0 pending / 0 (0.0%) gas / (0x78a31799f942a1f48250c6b117ad7b7d34e723c460d2d2b8c4256a0be2d311f0)","throwable":""}
{"timestamp":"2025-07-18T17:23:34,843","container":"5ab8e9fe28ef","level":"INFO","thread":"EthScheduler-Timer-0","class":"FullSyncTargetManager","message":"Unable to find sync target. Currently checking 0 peers for usefulness","throwable":""}
{"timestamp":"2025-07-18T17:23:39,844","container":"5ab8e9fe28ef","level":"INFO","thread":"EthScheduler-Timer-0","class":"FullSyncTargetManager","message":"Unable to find sync target. Currently checking 0 peers for usefulness","throwable":""}
{"timestamp":"2025-07-18T17:23:42,018","container":"5ab8e9fe28ef","level":"INFO","thread":"BftProcessorExecutor-QBFT-0","class":"BftProcessor","message":"Shutting down BFT event processor","throwable":""}
{"timestamp":"2025-07-18T17:23:42,021","container":"5ab8e9fe28ef","level":"INFO","thread":"BesuCommand-Shutdown-Hook","class":"DefaultSynchronizer","message":"Stopping synchronizer","throwable":""}
{"timestamp":"2025-07-18T17:23:42,024","container":"5ab8e9fe28ef","level":"INFO","thread":"BesuCommand-Shutdown-Hook","class":"NetworkRunner","message":"Stopping Network.","throwable":""}
{"timestamp":"2025-07-18T17:23:42,037","container":"5ab8e9fe28ef","level":"INFO","thread":"BesuCommand-Shutdown-Hook","class":"EthProtocolManager","message":"Stopping eth Subprotocol.","throwable":""}
{"timestamp":"2025-07-18T17:23:42,136","container":"5ab8e9fe28ef","level":"INFO","thread":"BesuCommand-Shutdown-Hook","class":"EthProtocolManager","message":"eth Subprotocol stopped.","throwable":""}
{"timestamp":"2025-07-18T17:23:42,136","container":"5ab8e9fe28ef","level":"INFO","thread":"BesuCommand-Shutdown-Hook","class":"NetworkRunner","message":"Network stopped.","throwable":""}
{"timestamp":"2025-07-18T17:23:42,137","container":"5ab8e9fe28ef","level":"INFO","thread":"BesuCommand-Shutdown-Hook","class":"AutoTransactionLogBloomCachingService","message":"Shutting down Auto transaction logs caching service.","throwable":""}
{"timestamp":"2025-07-18T17:23:42,139","container":"5ab8e9fe28ef","level":"INFO","thread":"BesuCommand-Shutdown-Hook","class":"DockerNatManager","message":"Stopping docker NAT manager.","throwable":""}
