{"timestamp":"2025-06-27T01:03:39,160","container":"6eaa788c6eb6","level":"INFO","thread":"main","class":"Besu","message":"Starting Besu","throwable":""}
{"timestamp":"2025-06-27T01:03:39,893","container":"6eaa788c6eb6","level":"WARN","thread":"main","class":"Besu","message":"--min-gas-price has been ignored because --miner-enabled was not defined on the command line.","throwable":""}
{"timestamp":"2025-06-27T01:03:41,082","container":"6eaa788c6eb6","level":"INFO","thread":"main","class":"Besu","message":"
####################################################################################################
#                                                                                                  #
# Besu version 23.4.1                                                                              #
#                                                                                                  #
# Configuration:                                                                                   #
# Network: Custom genesis file specified                                                           #
# Network Id: 1337                                                                                 #
# Data storage: Forest                                                                             #
# Sync mode: Full                                                                                  #
# RPC HTTP APIs: EEA,WEB3,ETH,NET,TRACE,DEBUG,ADMIN,TXPOOL,PRIV,PERM,QBFT                          #
# RPC HTTP port: 8545                                                                              #
#                                                                                                  #
# Host:                                                                                            #
# Java: openjdk-java-17                                                                            #
# Maximum heap size: 3.84 GB                                                                       #
# OS: linux-x86_64                                                                                 #
# glibc: 2.35                                                                                      #
# jemalloc: 5.2.1-0-gea6b3e973b477b8061e0076bb257dbd7f3faa756                                      #
# Total memory: 15.35 GB                                                                           #
# CPU cores: 8                                                                                     #
#                                                                                                  #
####################################################################################################","throwable":""}
{"timestamp":"2025-06-27T01:03:41,083","container":"6eaa788c6eb6","level":"INFO","thread":"main","class":"Besu","message":"Connecting to 8 static nodes.","throwable":""}
{"timestamp":"2025-06-27T01:03:41,084","container":"6eaa788c6eb6","level":"INFO","thread":"main","class":"Besu","message":"Security Module: localfile","throwable":""}
{"timestamp":"2025-06-27T01:03:41,149","container":"6eaa788c6eb6","level":"INFO","thread":"main","class":"Besu","message":"Using the native implementation of alt bn128","throwable":""}
{"timestamp":"2025-06-27T01:03:41,199","container":"6eaa788c6eb6","level":"INFO","thread":"main","class":"Besu","message":"Using the native implementation of modexp","throwable":""}
{"timestamp":"2025-06-27T01:03:41,200","container":"6eaa788c6eb6","level":"INFO","thread":"main","class":"Besu","message":"Using the native implementation of the signature algorithm","throwable":""}
{"timestamp":"2025-06-27T01:03:41,205","container":"6eaa788c6eb6","level":"INFO","thread":"main","class":"Besu","message":"Using the native implementation of the blake2bf algorithm","throwable":""}
{"timestamp":"2025-06-27T01:03:41,223","container":"6eaa788c6eb6","level":"INFO","thread":"main","class":"RocksDBKeyValueStorageFactory","message":"No existing database detected at /opt/besu/data. Using version 1","throwable":""}
{"timestamp":"2025-06-27T01:03:42,265","container":"6eaa788c6eb6","level":"INFO","thread":"main","class":"KeyPairUtil","message":"Loaded public key 0x59cf0c623c582fa9b19bdf70fb6bade07f4ae32218dd4d1c7e2c7e65acf87da45cf2ab55d16d27360aafef17622c37c09db60d7680ebcc17b78867f4c05bcaa4 from /opt/besu/keys/nodekey","throwable":""}
{"timestamp":"2025-06-27T01:03:42,279","container":"6eaa788c6eb6","level":"WARN","thread":"main","class":"Besu","message":"Privacy is disabled. Cannot use EEA/PRIV API methods when not using Privacy.","throwable":""}
{"timestamp":"2025-06-27T01:03:42,624","container":"6eaa788c6eb6","level":"INFO","thread":"main","class":"ProtocolScheduleBuilder","message":"Protocol schedule created with milestones: [GrayGlacier: 0]","throwable":""}
{"timestamp":"2025-06-27T01:03:42,977","container":"6eaa788c6eb6","level":"INFO","thread":"main","class":"TransactionPoolFactory","message":"Enabling transaction pool","throwable":""}
{"timestamp":"2025-06-27T01:03:43,056","container":"6eaa788c6eb6","level":"INFO","thread":"main","class":"BesuControllerBuilder","message":"TTD difficulty is not present, creating initial sync phase for PoW","throwable":""}
{"timestamp":"2025-06-27T01:03:43,172","container":"6eaa788c6eb6","level":"INFO","thread":"main","class":"RunnerBuilder","message":"Detecting NAT service.","throwable":""}
{"timestamp":"2025-06-27T01:03:44,410","container":"6eaa788c6eb6","level":"INFO","thread":"main","class":"Runner","message":"Starting external services ... ","throwable":""}
{"timestamp":"2025-06-27T01:03:44,411","container":"6eaa788c6eb6","level":"INFO","thread":"main","class":"MetricsHttpService","message":"Starting metrics http service on 0.0.0.0:9545","throwable":""}
{"timestamp":"2025-06-27T01:03:44,650","container":"6eaa788c6eb6","level":"INFO","thread":"main","class":"JsonRpcHttpService","message":"Starting JSON-RPC service on 0.0.0.0:8545","throwable":""}
{"timestamp":"2025-06-27T01:03:44,663","container":"6eaa788c6eb6","level":"INFO","thread":"vert.x-eventloop-thread-1","class":"MetricsHttpService","message":"Metrics service started and listening on 0.0.0.0:9545","throwable":""}
{"timestamp":"2025-06-27T01:03:44,674","container":"6eaa788c6eb6","level":"INFO","thread":"vert.x-eventloop-thread-1","class":"JsonRpcHttpService","message":"JSON-RPC service started and listening on 0.0.0.0:8545","throwable":""}
{"timestamp":"2025-06-27T01:03:44,676","container":"6eaa788c6eb6","level":"INFO","thread":"main","class":"GraphQLHttpService","message":"Starting GraphQL HTTP service on 0.0.0.0:8547","throwable":""}
{"timestamp":"2025-06-27T01:03:44,686","container":"6eaa788c6eb6","level":"INFO","thread":"vert.x-eventloop-thread-1","class":"GraphQLHttpService","message":"GraphQL HTTP service started and listening on 0.0.0.0:8547","throwable":""}
{"timestamp":"2025-06-27T01:03:44,687","container":"6eaa788c6eb6","level":"INFO","thread":"main","class":"WebSocketService","message":"Starting Websocket service on 0.0.0.0:8546","throwable":""}
{"timestamp":"2025-06-27T01:03:44,694","container":"6eaa788c6eb6","level":"INFO","thread":"vert.x-eventloop-thread-1","class":"WebSocketService","message":"Websocket service started and listening on 0.0.0.0:8546","throwable":""}
{"timestamp":"2025-06-27T01:03:44,696","container":"6eaa788c6eb6","level":"INFO","thread":"main","class":"AutoTransactionLogBloomCachingService","message":"Starting auto transaction log bloom caching service.","throwable":""}
{"timestamp":"2025-06-27T01:03:44,698","container":"6eaa788c6eb6","level":"INFO","thread":"main","class":"LogBloomCacheMetadata","message":"Lookup cache metadata file in data directory: /opt/besu/data/caches","throwable":""}
{"timestamp":"2025-06-27T01:03:44,713","container":"6eaa788c6eb6","level":"INFO","thread":"main","class":"Runner","message":"Starting Ethereum main loop ... ","throwable":""}
{"timestamp":"2025-06-27T01:03:44,713","container":"6eaa788c6eb6","level":"INFO","thread":"main","class":"DockerNatManager","message":"Starting docker NAT manager.","throwable":""}
{"timestamp":"2025-06-27T01:03:44,740","container":"6eaa788c6eb6","level":"INFO","thread":"main","class":"NetworkRunner","message":"Starting Network.","throwable":""}
{"timestamp":"2025-06-27T01:03:44,774","container":"6eaa788c6eb6","level":"INFO","thread":"nioEventLoopGroup-2-1","class":"RlpxAgent","message":"P2P RLPx agent started and listening on /[0:0:0:0:0:0:0:0]:30303.","throwable":""}
{"timestamp":"2025-06-27T01:03:44,775","container":"6eaa788c6eb6","level":"INFO","thread":"main","class":"PeerDiscoveryAgent","message":"Starting peer discovery agent on host=0.0.0.0, port=30303","throwable":""}
{"timestamp":"2025-06-27T01:03:44,800","container":"6eaa788c6eb6","level":"INFO","thread":"vert.x-eventloop-thread-1","class":"VertxPeerDiscoveryAgent","message":"Started peer discovery agent successfully, on effective host=0:0:0:0:0:0:0:0%0 and port=30303","throwable":""}
{"timestamp":"2025-06-27T01:03:44,802","container":"6eaa788c6eb6","level":"INFO","thread":"main","class":"PeerDiscoveryAgent","message":"P2P peer discovery agent started and listening on /[0:0:0:0:0:0:0:0%0]:30303","throwable":""}
{"timestamp":"2025-06-27T01:03:44,868","container":"6eaa788c6eb6","level":"INFO","thread":"main","class":"PeerDiscoveryAgent","message":"Writing node record to disk. NodeRecord{seq=1, publicKey=0x0259cf0c623c582fa9b19bdf70fb6bade07f4ae32218dd4d1c7e2c7e65acf87da4, udpAddress=Optional[/10.0.0.203:30303], tcpAddress=Optional[/10.0.0.203:30303], asBase64=-Je4QBfoM2lffdoGQqJMkOWvYdubxTriFpM3HvZFKNZUKrW_ecfz8CMUlhcN6-6BeibqfXObpyEc_JdBwLO6SVjCxRcBg2V0aMfGhGpSrW2AgmlkgnY0gmlwhAoAAMuJc2VjcDI1NmsxoQJZzwxiPFgvqbGb33D7a63gf0rjIhjdTRx-LH5lrPh9pIN0Y3CCdl-DdWRwgnZf, nodeId=0x2a2fe7f9e880372cfd2bda0cce412f988377e31f4d0ff12d74df73b51c42d0ca, customFields={tcp=30303, udp=30303, ip=0x0a0000cb, eth=[[0x6a52ad6d, 0x]], id=V4, secp256k1=0x0259cf0c623c582fa9b19bdf70fb6bade07f4ae32218dd4d1c7e2c7e65acf87da4}}","throwable":""}
{"timestamp":"2025-06-27T01:03:44,938","container":"6eaa788c6eb6","level":"INFO","thread":"main","class":"DefaultP2PNetwork","message":"Enode URL enode://59cf0c623c582fa9b19bdf70fb6bade07f4ae32218dd4d1c7e2c7e65acf87da45cf2ab55d16d27360aafef17622c37c09db60d7680ebcc17b78867f4c05bcaa4@10.0.0.203:30303","throwable":""}
{"timestamp":"2025-06-27T01:03:44,939","container":"6eaa788c6eb6","level":"INFO","thread":"main","class":"DefaultP2PNetwork","message":"Node address 0xce412f988377e31f4d0ff12d74df73b51c42d0ca","throwable":""}
{"timestamp":"2025-06-27T01:03:45,107","container":"6eaa788c6eb6","level":"INFO","thread":"main","class":"NetworkRunner","message":"Supported capabilities: [eth/62, eth/63, eth/64, eth/65, eth/66, eth/67, eth/68], [istanbul/100], [snap/1]","throwable":""}
{"timestamp":"2025-06-27T01:03:45,107","container":"6eaa788c6eb6","level":"INFO","thread":"main","class":"DefaultSynchronizer","message":"Starting synchronizer.","throwable":""}
{"timestamp":"2025-06-27T01:03:45,109","container":"6eaa788c6eb6","level":"INFO","thread":"main","class":"TransactionPoolFactory","message":"Enabling transaction handling following initial sync","throwable":""}
{"timestamp":"2025-06-27T01:03:45,110","container":"6eaa788c6eb6","level":"INFO","thread":"main","class":"FullSyncDownloader","message":"Starting full sync.","throwable":""}
{"timestamp":"2025-06-27T01:03:45,111","container":"6eaa788c6eb6","level":"INFO","thread":"main","class":"FullSyncTargetManager","message":"Unable to find sync target. Currently checking 0 peers for usefulness","throwable":""}
{"timestamp":"2025-06-27T01:03:45,247","container":"6eaa788c6eb6","level":"INFO","thread":"main","class":"Runner","message":"Ethereum main loop is up.","throwable":""}
{"timestamp":"2025-06-27T01:03:48,298","container":"6eaa788c6eb6","level":"INFO","thread":"nioEventLoopGroup-3-8","class":"FullSyncTargetManager","message":"Unable to find sync target. Currently checking 1 peers for usefulness","throwable":""}
{"timestamp":"2025-06-27T01:03:49,783","container":"6eaa788c6eb6","level":"INFO","thread":"nioEventLoopGroup-3-9","class":"FullSyncTargetManager","message":"Unable to find sync target. Currently checking 2 peers for usefulness","throwable":""}
{"timestamp":"2025-06-27T01:03:50,066","container":"6eaa788c6eb6","level":"INFO","thread":"nioEventLoopGroup-3-10","class":"FullSyncTargetManager","message":"Unable to find sync target. Currently checking 3 peers for usefulness","throwable":""}
{"timestamp":"2025-06-27T01:03:55,069","container":"6eaa788c6eb6","level":"INFO","thread":"EthScheduler-Timer-0","class":"FullSyncTargetManager","message":"Unable to find sync target. Currently checking 3 peers for usefulness","throwable":""}
{"timestamp":"2025-06-27T01:03:58,082","container":"6eaa788c6eb6","level":"INFO","thread":"BftProcessorExecutor-QBFT-0","class":"QbftRound","message":"Importing proposed block to chain. round=ConsensusRoundIdentifier{Sequence=1, Round=1}, hash=0x4435e3510828c4c694986b678ce8a12b322e5af97e9bed2a54fa0320940c4a8b","throwable":""}
{"timestamp":"2025-06-27T01:03:58,104","container":"6eaa788c6eb6","level":"INFO","thread":"BftProcessorExecutor-QBFT-0","class":"QbftBesuControllerBuilder","message":"Imported #1 / 0 tx / 0 pending / 0 (0.0%) gas / (0x4435e3510828c4c694986b678ce8a12b322e5af97e9bed2a54fa0320940c4a8b)","throwable":""}
{"timestamp":"2025-06-27T01:04:00,071","container":"6eaa788c6eb6","level":"INFO","thread":"EthScheduler-Timer-0","class":"FullSyncTargetManager","message":"Unable to find sync target. Currently checking 3 peers for usefulness","throwable":""}
{"timestamp":"2025-06-27T01:04:05,073","container":"6eaa788c6eb6","level":"INFO","thread":"EthScheduler-Timer-0","class":"FullSyncTargetManager","message":"Unable to find sync target. Currently checking 3 peers for usefulness","throwable":""}
{"timestamp":"2025-06-27T01:04:05,092","container":"6eaa788c6eb6","level":"INFO","thread":"BftProcessorExecutor-QBFT-0","class":"QbftBesuControllerBuilder","message":"Imported #2 / 0 tx / 0 pending / 0 (0.0%) gas / (0x520d3e406f76e9c9b5e16b5d049a39c4ad5e4b5ceb45b489fd71cd5c2c7bff1f)","throwable":""}
{"timestamp":"2025-06-27T01:04:13,071","container":"6eaa788c6eb6","level":"INFO","thread":"BftProcessorExecutor-QBFT-0","class":"QbftBesuControllerBuilder","message":"Produced #3 / 0 tx / 0 pending / 0 (0.0%) gas / (0x9b079d2a4ac78081f68481b83e57c65cd543b1f8a744d44b7e016d1a475ff5af)","throwable":""}
{"timestamp":"2025-06-27T01:04:31,941","container":"6eaa788c6eb6","level":"INFO","thread":"BftProcessorExecutor-QBFT-0","class":"QbftRound","message":"Importing proposed block to chain. round=ConsensusRoundIdentifier{Sequence=4, Round=1}, hash=0x734ba21025566567ce86462def0ebadffc8b5faf639e68ce5402da490e55ba8e","throwable":""}
{"timestamp":"2025-06-27T01:04:31,956","container":"6eaa788c6eb6","level":"INFO","thread":"BftProcessorExecutor-QBFT-0","class":"QbftBesuControllerBuilder","message":"Imported #4 / 0 tx / 0 pending / 0 (0.0%) gas / (0x734ba21025566567ce86462def0ebadffc8b5faf639e68ce5402da490e55ba8e)","throwable":""}
{"timestamp":"2025-06-27T01:04:39,048","container":"6eaa788c6eb6","level":"INFO","thread":"BftProcessorExecutor-QBFT-0","class":"QbftBesuControllerBuilder","message":"Imported #5 / 0 tx / 0 pending / 0 (0.0%) gas / (0xaf446dc9116b6e1147c6e6d3f795a38e5f00dae4a7527a82920e63909746c9b5)","throwable":""}
{"timestamp":"2025-06-27T01:04:47,030","container":"6eaa788c6eb6","level":"INFO","thread":"BftProcessorExecutor-QBFT-0","class":"QbftBesuControllerBuilder","message":"Produced #6 / 0 tx / 0 pending / 0 (0.0%) gas / (0xf6cfe1b99f5234e7a02aa1d23e933a415479dc1a35c9ac95f6e25d551e0b3351)","throwable":""}
{"timestamp":"2025-06-27T01:05:05,923","container":"6eaa788c6eb6","level":"INFO","thread":"BftProcessorExecutor-QBFT-0","class":"QbftRound","message":"Importing proposed block to chain. round=ConsensusRoundIdentifier{Sequence=7, Round=1}, hash=0xbc258de00be008123b9c596341d5c2a1bfe10feb5c8fafde5dcaadc81b442cb9","throwable":""}
{"timestamp":"2025-06-27T01:05:05,931","container":"6eaa788c6eb6","level":"INFO","thread":"BftProcessorExecutor-QBFT-0","class":"QbftBesuControllerBuilder","message":"Imported #7 / 0 tx / 0 pending / 0 (0.0%) gas / (0xbc258de00be008123b9c596341d5c2a1bfe10feb5c8fafde5dcaadc81b442cb9)","throwable":""}
{"timestamp":"2025-06-27T01:05:13,051","container":"6eaa788c6eb6","level":"INFO","thread":"BftProcessorExecutor-QBFT-0","class":"QbftBesuControllerBuilder","message":"Imported #8 / 0 tx / 0 pending / 0 (0.0%) gas / (0xec7e2a2031b2d6597886bbf03d9f3d6c8eb3927fc9c563d0c2905449f4a9c164)","throwable":""}
{"timestamp":"2025-06-27T01:05:21,046","container":"6eaa788c6eb6","level":"INFO","thread":"BftProcessorExecutor-QBFT-0","class":"QbftBesuControllerBuilder","message":"Produced #9 / 0 tx / 0 pending / 0 (0.0%) gas / (0x3d6e5032a0fe1b47a0e67dcba64291d268e89fc7c56e9190a5d984ca4e6a6d5e)","throwable":""}
{"timestamp":"2025-06-27T01:05:39,891","container":"6eaa788c6eb6","level":"INFO","thread":"BftProcessorExecutor-QBFT-0","class":"QbftRound","message":"Importing proposed block to chain. round=ConsensusRoundIdentifier{Sequence=10, Round=1}, hash=0xaa156767d3f1c212183c905b20b4db36617eab6ac38441787b062963446064a3","throwable":""}
{"timestamp":"2025-06-27T01:05:39,898","container":"6eaa788c6eb6","level":"INFO","thread":"BftProcessorExecutor-QBFT-0","class":"QbftBesuControllerBuilder","message":"Imported #10 / 0 tx / 0 pending / 0 (0.0%) gas / (0xaa156767d3f1c212183c905b20b4db36617eab6ac38441787b062963446064a3)","throwable":""}
{"timestamp":"2025-06-27T01:05:47,044","container":"6eaa788c6eb6","level":"INFO","thread":"BftProcessorExecutor-QBFT-0","class":"QbftBesuControllerBuilder","message":"Imported #11 / 0 tx / 0 pending / 0 (0.0%) gas / (0x9a499f8193735fdd3e919891818c55648ead6658eb88ab6f4ba7de36f4e8b30f)","throwable":""}
{"timestamp":"2025-06-27T01:05:55,041","container":"6eaa788c6eb6","level":"INFO","thread":"BftProcessorExecutor-QBFT-0","class":"QbftBesuControllerBuilder","message":"Produced #12 / 0 tx / 0 pending / 0 (0.0%) gas / (0x5de656cc1d76d4f323bfd121e5bf4373526789db9c31ff63274f7627d10c69a7)","throwable":""}
{"timestamp":"2025-06-27T01:06:13,886","container":"6eaa788c6eb6","level":"INFO","thread":"BftProcessorExecutor-QBFT-0","class":"QbftRound","message":"Importing proposed block to chain. round=ConsensusRoundIdentifier{Sequence=13, Round=1}, hash=0xe14c9dbce323a206d40f0a7f12159451c1b21ae59f464c0b8d72fe3e03513fce","throwable":""}
{"timestamp":"2025-06-27T01:06:13,897","container":"6eaa788c6eb6","level":"INFO","thread":"BftProcessorExecutor-QBFT-0","class":"QbftBesuControllerBuilder","message":"Imported #13 / 0 tx / 0 pending / 0 (0.0%) gas / (0xe14c9dbce323a206d40f0a7f12159451c1b21ae59f464c0b8d72fe3e03513fce)","throwable":""}
{"timestamp":"2025-06-27T01:06:21,033","container":"6eaa788c6eb6","level":"INFO","thread":"BftProcessorExecutor-QBFT-0","class":"QbftBesuControllerBuilder","message":"Imported #14 / 0 tx / 0 pending / 0 (0.0%) gas / (0x2194e38a1f03348131ff5ee27432044036b9eda618d8575b5c2e6bab72afb146)","throwable":""}
{"timestamp":"2025-06-27T01:06:29,032","container":"6eaa788c6eb6","level":"INFO","thread":"BftProcessorExecutor-QBFT-0","class":"QbftBesuControllerBuilder","message":"Produced #15 / 0 tx / 0 pending / 0 (0.0%) gas / (0x298e0c029ec6932fbeaaf92b388451efc5079e31b8831d4148845169d68a768c)","throwable":""}
{"timestamp":"2025-06-27T01:06:47,848","container":"6eaa788c6eb6","level":"INFO","thread":"BftProcessorExecutor-QBFT-0","class":"QbftRound","message":"Importing proposed block to chain. round=ConsensusRoundIdentifier{Sequence=16, Round=1}, hash=0x724dbf124991dc439b608d7a666cff2ea574e18f8d24a87cd19efe1cc4aa16e7","throwable":""}
{"timestamp":"2025-06-27T01:06:47,854","container":"6eaa788c6eb6","level":"INFO","thread":"BftProcessorExecutor-QBFT-0","class":"QbftBesuControllerBuilder","message":"Imported #16 / 0 tx / 0 pending / 0 (0.0%) gas / (0x724dbf124991dc439b608d7a666cff2ea574e18f8d24a87cd19efe1cc4aa16e7)","throwable":""}
{"timestamp":"2025-06-27T01:06:55,037","container":"6eaa788c6eb6","level":"INFO","thread":"EthScheduler-Workers-0","class":"PersistBlockTask","message":"Imported #17 / 0 tx / 0 om / 0 (0.0%) gas / (0xcca7bfce5a729185a67cfc3b3af686be8ebe19ca73c81bb5e527ace979eb0d30) in 0.002s. Peers: 3","throwable":""}
{"timestamp":"2025-06-27T01:06:55,038","container":"6eaa788c6eb6","level":"INFO","thread":"BftProcessorExecutor-QBFT-0","class":"QbftBesuControllerBuilder","message":"Imported #17 / 0 tx / 0 pending / 0 (0.0%) gas / (0xcca7bfce5a729185a67cfc3b3af686be8ebe19ca73c81bb5e527ace979eb0d30)","throwable":""}
{"timestamp":"2025-06-27T01:07:03,020","container":"6eaa788c6eb6","level":"INFO","thread":"BftProcessorExecutor-QBFT-0","class":"QbftBesuControllerBuilder","message":"Produced #18 / 0 tx / 0 pending / 0 (0.0%) gas / (0x80f410fea4ce416d367ab6678770b34c44133aed214d8ad0e5af7b019e4540f7)","throwable":""}
{"timestamp":"2025-06-27T01:07:21,817","container":"6eaa788c6eb6","level":"INFO","thread":"BftProcessorExecutor-QBFT-0","class":"QbftRound","message":"Importing proposed block to chain. round=ConsensusRoundIdentifier{Sequence=19, Round=1}, hash=0xa3459bf79634f91f58e3f81cfcdbbf037a09a2dbba0bbc2067fe1e9851c7a642","throwable":""}
{"timestamp":"2025-06-27T01:07:21,821","container":"6eaa788c6eb6","level":"INFO","thread":"BftProcessorExecutor-QBFT-0","class":"QbftBesuControllerBuilder","message":"Imported #19 / 0 tx / 0 pending / 0 (0.0%) gas / (0xa3459bf79634f91f58e3f81cfcdbbf037a09a2dbba0bbc2067fe1e9851c7a642)","throwable":""}
{"timestamp":"2025-06-27T01:07:29,044","container":"6eaa788c6eb6","level":"INFO","thread":"BftProcessorExecutor-QBFT-0","class":"QbftBesuControllerBuilder","message":"Imported #20 / 0 tx / 0 pending / 0 (0.0%) gas / (0x088e6f1c9d8599929842845d83201a23b5d403941cb0a944589661e92947c0c9)","throwable":""}
{"timestamp":"2025-06-27T01:07:37,036","container":"6eaa788c6eb6","level":"INFO","thread":"BftProcessorExecutor-QBFT-0","class":"QbftBesuControllerBuilder","message":"Produced #21 / 0 tx / 0 pending / 0 (0.0%) gas / (0x2380602a4a3c58234b06671bd0e94ca3e9372bf30d15a4978f23eac2a8bfd02a)","throwable":""}
{"timestamp":"2025-06-27T01:07:55,817","container":"6eaa788c6eb6","level":"INFO","thread":"BftProcessorExecutor-QBFT-0","class":"QbftRound","message":"Importing proposed block to chain. round=ConsensusRoundIdentifier{Sequence=22, Round=1}, hash=0xad5827dbebe5ea99fd620a770d74ed5b7d7f8971337b57bff92654f87f2ded6f","throwable":""}
{"timestamp":"2025-06-27T01:07:55,826","container":"6eaa788c6eb6","level":"INFO","thread":"BftProcessorExecutor-QBFT-0","class":"QbftBesuControllerBuilder","message":"Imported #22 / 0 tx / 0 pending / 0 (0.0%) gas / (0xad5827dbebe5ea99fd620a770d74ed5b7d7f8971337b57bff92654f87f2ded6f)","throwable":""}
{"timestamp":"2025-06-27T01:08:03,024","container":"6eaa788c6eb6","level":"INFO","thread":"BftProcessorExecutor-QBFT-0","class":"QbftBesuControllerBuilder","message":"Imported #23 / 0 tx / 0 pending / 0 (0.0%) gas / (0xe52d5349067109414bdf87af00354dc956b5e6dd86c84f56a01d965bd97ddbcb)","throwable":""}
{"timestamp":"2025-06-27T01:08:11,033","container":"6eaa788c6eb6","level":"INFO","thread":"BftProcessorExecutor-QBFT-0","class":"QbftBesuControllerBuilder","message":"Produced #24 / 0 tx / 0 pending / 0 (0.0%) gas / (0x663acc110aa88d431886c56851bbe0acb6be546ad819e6450098a8f020002cc4)","throwable":""}
{"timestamp":"2025-06-27T01:08:29,799","container":"6eaa788c6eb6","level":"INFO","thread":"BftProcessorExecutor-QBFT-0","class":"QbftRound","message":"Importing proposed block to chain. round=ConsensusRoundIdentifier{Sequence=25, Round=1}, hash=0xb0f6b14afa9adc2012d00d8e88dec612943128b93650e216de8f52c9f3796d66","throwable":""}
{"timestamp":"2025-06-27T01:08:29,807","container":"6eaa788c6eb6","level":"INFO","thread":"BftProcessorExecutor-QBFT-0","class":"QbftBesuControllerBuilder","message":"Imported #25 / 0 tx / 0 pending / 0 (0.0%) gas / (0xb0f6b14afa9adc2012d00d8e88dec612943128b93650e216de8f52c9f3796d66)","throwable":""}
{"timestamp":"2025-06-27T01:08:37,043","container":"6eaa788c6eb6","level":"INFO","thread":"BftProcessorExecutor-QBFT-0","class":"QbftBesuControllerBuilder","message":"Imported #26 / 0 tx / 0 pending / 0 (0.0%) gas / (0x634365c8569b439120fbf75ab6191c1819635ca354dda4d3ae2838c8bced148c)","throwable":""}
{"timestamp":"2025-06-27T01:08:45,031","container":"6eaa788c6eb6","level":"INFO","thread":"BftProcessorExecutor-QBFT-0","class":"QbftBesuControllerBuilder","message":"Produced #27 / 0 tx / 0 pending / 0 (0.0%) gas / (0xb18c7d5aa86597c02defe144ad03610ac52e667ffe1c21e46de3009f66f555ce)","throwable":""}
{"timestamp":"2025-06-27T01:09:03,783","container":"6eaa788c6eb6","level":"INFO","thread":"BftProcessorExecutor-QBFT-0","class":"QbftRound","message":"Importing proposed block to chain. round=ConsensusRoundIdentifier{Sequence=28, Round=1}, hash=0x2a01cc4fefb1d0ad7af89d2a70bd812eb61be847b91a1dbc4790049dda31c471","throwable":""}
{"timestamp":"2025-06-27T01:09:03,787","container":"6eaa788c6eb6","level":"INFO","thread":"BftProcessorExecutor-QBFT-0","class":"QbftBesuControllerBuilder","message":"Imported #28 / 0 tx / 0 pending / 0 (0.0%) gas / (0x2a01cc4fefb1d0ad7af89d2a70bd812eb61be847b91a1dbc4790049dda31c471)","throwable":""}
{"timestamp":"2025-06-27T01:09:11,034","container":"6eaa788c6eb6","level":"INFO","thread":"BftProcessorExecutor-QBFT-0","class":"QbftBesuControllerBuilder","message":"Imported #29 / 0 tx / 0 pending / 0 (0.0%) gas / (0x1073ec1a88d54562eb4100dab050d7e13cf87f76b9aedcc6e4e9436f669e35bb)","throwable":""}
{"timestamp":"2025-06-27T01:09:19,031","container":"6eaa788c6eb6","level":"INFO","thread":"BftProcessorExecutor-QBFT-0","class":"QbftBesuControllerBuilder","message":"Produced #30 / 0 tx / 0 pending / 0 (0.0%) gas / (0x19230636c341d464a34de9b9b8e195816e2351c595811f426dc28b6d2e1e5b47)","throwable":""}
{"timestamp":"2025-06-27T01:09:37,763","container":"6eaa788c6eb6","level":"INFO","thread":"BftProcessorExecutor-QBFT-0","class":"QbftRound","message":"Importing proposed block to chain. round=ConsensusRoundIdentifier{Sequence=31, Round=1}, hash=0x9c45130ccf75fe17a5f2cf0c984af8d969c0973868456f2897b4d4f245f75073","throwable":""}
{"timestamp":"2025-06-27T01:09:37,768","container":"6eaa788c6eb6","level":"INFO","thread":"BftProcessorExecutor-QBFT-0","class":"QbftBesuControllerBuilder","message":"Imported #31 / 0 tx / 0 pending / 0 (0.0%) gas / (0x9c45130ccf75fe17a5f2cf0c984af8d969c0973868456f2897b4d4f245f75073)","throwable":""}
{"timestamp":"2025-06-27T01:09:45,041","container":"6eaa788c6eb6","level":"INFO","thread":"BftProcessorExecutor-QBFT-0","class":"QbftBesuControllerBuilder","message":"Imported #32 / 0 tx / 0 pending / 0 (0.0%) gas / (0x9c850b1624531a240dec581875afb32d6d5e91ae1db4bebe2365928793af21bc)","throwable":""}
{"timestamp":"2025-06-27T01:09:53,032","container":"6eaa788c6eb6","level":"INFO","thread":"BftProcessorExecutor-QBFT-0","class":"QbftBesuControllerBuilder","message":"Produced #33 / 0 tx / 0 pending / 0 (0.0%) gas / (0x3e324f525feb0c713ce1adbeb01c76cc25f8b9f42edc5e00a94afdaa6bb96752)","throwable":""}
{"timestamp":"2025-06-27T01:10:11,751","container":"6eaa788c6eb6","level":"INFO","thread":"BftProcessorExecutor-QBFT-0","class":"QbftRound","message":"Importing proposed block to chain. round=ConsensusRoundIdentifier{Sequence=34, Round=1}, hash=0xa4e9412578e44dbe469bffb42304dccf51726f3997c65e04f28fef5acc7dfbb6","throwable":""}
{"timestamp":"2025-06-27T01:10:11,756","container":"6eaa788c6eb6","level":"INFO","thread":"BftProcessorExecutor-QBFT-0","class":"QbftBesuControllerBuilder","message":"Imported #34 / 0 tx / 0 pending / 0 (0.0%) gas / (0xa4e9412578e44dbe469bffb42304dccf51726f3997c65e04f28fef5acc7dfbb6)","throwable":""}
{"timestamp":"2025-06-27T01:10:19,035","container":"6eaa788c6eb6","level":"INFO","thread":"BftProcessorExecutor-QBFT-0","class":"QbftBesuControllerBuilder","message":"Imported #35 / 0 tx / 0 pending / 0 (0.0%) gas / (0xf743c82b3aa7fbd9231b8a3aee93438cd62175677c5075f508d8032347ef569f)","throwable":""}
{"timestamp":"2025-06-27T01:10:27,032","container":"6eaa788c6eb6","level":"INFO","thread":"BftProcessorExecutor-QBFT-0","class":"QbftBesuControllerBuilder","message":"Produced #36 / 0 tx / 0 pending / 0 (0.0%) gas / (0xbcb52f195ff549e980303ab58a70d2df56cf4427a385b1058a277a624d94c496)","throwable":""}
{"timestamp":"2025-06-27T01:10:45,731","container":"6eaa788c6eb6","level":"INFO","thread":"BftProcessorExecutor-QBFT-0","class":"QbftRound","message":"Importing proposed block to chain. round=ConsensusRoundIdentifier{Sequence=37, Round=1}, hash=0xf3154642272778e277848269f714df6b7229c4d2a02e409b1a87ea81f8ee78b9","throwable":""}
{"timestamp":"2025-06-27T01:10:45,739","container":"6eaa788c6eb6","level":"INFO","thread":"BftProcessorExecutor-QBFT-0","class":"QbftBesuControllerBuilder","message":"Imported #37 / 0 tx / 0 pending / 0 (0.0%) gas / (0xf3154642272778e277848269f714df6b7229c4d2a02e409b1a87ea81f8ee78b9)","throwable":""}
{"timestamp":"2025-06-27T01:10:53,032","container":"6eaa788c6eb6","level":"INFO","thread":"BftProcessorExecutor-QBFT-0","class":"QbftBesuControllerBuilder","message":"Imported #38 / 0 tx / 0 pending / 0 (0.0%) gas / (0xa26f3be570e09798f15e72828bf60fe30cf29785a03a12c9094000ff1269e944)","throwable":""}
{"timestamp":"2025-06-27T01:11:01,029","container":"6eaa788c6eb6","level":"INFO","thread":"BftProcessorExecutor-QBFT-0","class":"QbftBesuControllerBuilder","message":"Produced #39 / 0 tx / 0 pending / 0 (0.0%) gas / (0x8292037e5054a0a19b6cc0edc3cdb3093a3fb182a57cd0108cacd077b186773f)","throwable":""}
{"timestamp":"2025-06-27T01:11:19,708","container":"6eaa788c6eb6","level":"INFO","thread":"BftProcessorExecutor-QBFT-0","class":"QbftRound","message":"Importing proposed block to chain. round=ConsensusRoundIdentifier{Sequence=40, Round=1}, hash=0x6ed8d1ced9ccf3d491623df5e42c4fe687effea56da4fabf61279c13bd619957","throwable":""}
{"timestamp":"2025-06-27T01:11:19,718","container":"6eaa788c6eb6","level":"INFO","thread":"BftProcessorExecutor-QBFT-0","class":"QbftBesuControllerBuilder","message":"Imported #40 / 0 tx / 0 pending / 0 (0.0%) gas / (0x6ed8d1ced9ccf3d491623df5e42c4fe687effea56da4fabf61279c13bd619957)","throwable":""}
{"timestamp":"2025-06-27T01:11:27,031","container":"6eaa788c6eb6","level":"INFO","thread":"BftProcessorExecutor-QBFT-0","class":"QbftBesuControllerBuilder","message":"Imported #41 / 0 tx / 0 pending / 0 (0.0%) gas / (0x144bd7df7f89f02a02124016c5e98e0819cffc47949b78feac17243178297456)","throwable":""}
{"timestamp":"2025-06-27T01:11:35,030","container":"6eaa788c6eb6","level":"INFO","thread":"BftProcessorExecutor-QBFT-0","class":"QbftBesuControllerBuilder","message":"Produced #42 / 0 tx / 0 pending / 0 (0.0%) gas / (0xdda1c9ded7e2a4bd06cae5012b18204bb5e8d735e572442114712a2030e68d7f)","throwable":""}
{"timestamp":"2025-06-27T01:11:53,690","container":"6eaa788c6eb6","level":"INFO","thread":"BftProcessorExecutor-QBFT-0","class":"QbftRound","message":"Importing proposed block to chain. round=ConsensusRoundIdentifier{Sequence=43, Round=1}, hash=0x1f332ff6ce6d52ede65690c69009ccde20c20fadaa312af3fea950c776623ec0","throwable":""}
{"timestamp":"2025-06-27T01:11:53,696","container":"6eaa788c6eb6","level":"INFO","thread":"BftProcessorExecutor-QBFT-0","class":"QbftBesuControllerBuilder","message":"Imported #43 / 0 tx / 0 pending / 0 (0.0%) gas / (0x1f332ff6ce6d52ede65690c69009ccde20c20fadaa312af3fea950c776623ec0)","throwable":""}
{"timestamp":"2025-06-27T01:12:01,030","container":"6eaa788c6eb6","level":"INFO","thread":"BftProcessorExecutor-QBFT-0","class":"QbftBesuControllerBuilder","message":"Imported #44 / 0 tx / 0 pending / 0 (0.0%) gas / (0xf563b0f3b5b269b454b8790906c561ad17a7b201ae362a94a42fad5c6bd5194b)","throwable":""}
{"timestamp":"2025-06-27T01:12:09,025","container":"6eaa788c6eb6","level":"INFO","thread":"BftProcessorExecutor-QBFT-0","class":"QbftBesuControllerBuilder","message":"Produced #45 / 0 tx / 0 pending / 0 (0.0%) gas / (0xcd45873cea55ed1df157a7b9992180ab9ace1a1115af37a8c8577feabdc9792f)","throwable":""}
{"timestamp":"2025-06-27T01:12:27,676","container":"6eaa788c6eb6","level":"INFO","thread":"BftProcessorExecutor-QBFT-0","class":"QbftRound","message":"Importing proposed block to chain. round=ConsensusRoundIdentifier{Sequence=46, Round=1}, hash=0x1e30fa07ed81ba64b8fe9ed73c94ef0599d8de29c3ac28ac0fd17bd4064948b2","throwable":""}
{"timestamp":"2025-06-27T01:12:27,681","container":"6eaa788c6eb6","level":"INFO","thread":"BftProcessorExecutor-QBFT-0","class":"QbftBesuControllerBuilder","message":"Imported #46 / 0 tx / 0 pending / 0 (0.0%) gas / (0x1e30fa07ed81ba64b8fe9ed73c94ef0599d8de29c3ac28ac0fd17bd4064948b2)","throwable":""}
{"timestamp":"2025-06-27T01:12:35,019","container":"6eaa788c6eb6","level":"INFO","thread":"BftProcessorExecutor-QBFT-0","class":"QbftBesuControllerBuilder","message":"Imported #47 / 0 tx / 0 pending / 0 (0.0%) gas / (0xd8c52e00442e46d4efd215261d380115da305169612a9c750b8aa138c27ac321)","throwable":""}
{"timestamp":"2025-06-27T01:12:43,025","container":"6eaa788c6eb6","level":"INFO","thread":"BftProcessorExecutor-QBFT-0","class":"QbftBesuControllerBuilder","message":"Produced #48 / 0 tx / 0 pending / 0 (0.0%) gas / (0x545b56f1d62f05891e4ff5262fc19dbceb365c0fe32b540cdd18adac6b551c0d)","throwable":""}
{"timestamp":"2025-06-27T01:13:00,004","container":"6eaa788c6eb6","level":"INFO","thread":"BftProcessorExecutor-QBFT-0","class":"BftProcessor","message":"Shutting down BFT event processor","throwable":""}
{"timestamp":"2025-06-27T01:13:00,006","container":"6eaa788c6eb6","level":"INFO","thread":"BesuCommand-Shutdown-Hook","class":"DefaultSynchronizer","message":"Stopping synchronizer","throwable":""}
{"timestamp":"2025-06-27T01:13:00,009","container":"6eaa788c6eb6","level":"INFO","thread":"BesuCommand-Shutdown-Hook","class":"NetworkRunner","message":"Stopping Network.","throwable":""}
{"timestamp":"2025-06-27T01:13:00,021","container":"6eaa788c6eb6","level":"INFO","thread":"BesuCommand-Shutdown-Hook","class":"EthProtocolManager","message":"Stopping eth Subprotocol.","throwable":""}
{"timestamp":"2025-06-27T01:13:00,122","container":"6eaa788c6eb6","level":"INFO","thread":"BesuCommand-Shutdown-Hook","class":"EthProtocolManager","message":"eth Subprotocol stopped.","throwable":""}
{"timestamp":"2025-06-27T01:13:00,122","container":"6eaa788c6eb6","level":"INFO","thread":"BesuCommand-Shutdown-Hook","class":"NetworkRunner","message":"Network stopped.","throwable":""}
{"timestamp":"2025-06-27T01:13:00,122","container":"6eaa788c6eb6","level":"INFO","thread":"BesuCommand-Shutdown-Hook","class":"AutoTransactionLogBloomCachingService","message":"Shutting down Auto transaction logs caching service.","throwable":""}
{"timestamp":"2025-06-27T01:13:00,123","container":"6eaa788c6eb6","level":"INFO","thread":"BesuCommand-Shutdown-Hook","class":"DockerNatManager","message":"Stopping docker NAT manager.","throwable":""}
